Component: ARM Compiler 5.06 update 5 (build 528) Tool: armlink [4d35e2]

==============================================================================

Section Cross References

    startup_stm32f407xx.o(STACK) refers (Special) to heapauxi.o(.text) for __use_two_region_memory
    startup_stm32f407xx.o(HEAP) refers (Special) to heapauxi.o(.text) for __use_two_region_memory
    startup_stm32f407xx.o(RESET) refers (Special) to heapauxi.o(.text) for __use_two_region_memory
    startup_stm32f407xx.o(RESET) refers to startup_stm32f407xx.o(STACK) for __initial_sp
    startup_stm32f407xx.o(RESET) refers to startup_stm32f407xx.o(.text) for Reset_Handler
    startup_stm32f407xx.o(RESET) refers to stm32f4xx_it.o(i.NMI_Handler) for NMI_Handler
    startup_stm32f407xx.o(RESET) refers to stm32f4xx_it.o(i.HardFault_Handler) for HardFault_Handler
    startup_stm32f407xx.o(RESET) refers to stm32f4xx_it.o(i.MemManage_Handler) for MemManage_Handler
    startup_stm32f407xx.o(RESET) refers to stm32f4xx_it.o(i.BusFault_Handler) for BusFault_Handler
    startup_stm32f407xx.o(RESET) refers to stm32f4xx_it.o(i.UsageFault_Handler) for UsageFault_Handler
    startup_stm32f407xx.o(RESET) refers to port.o(.emb_text) for SVC_Handler
    startup_stm32f407xx.o(RESET) refers to stm32f4xx_it.o(i.DebugMon_Handler) for DebugMon_Handler
    startup_stm32f407xx.o(RESET) refers to port.o(i.SysTick_Handler) for SysTick_Handler
    startup_stm32f407xx.o(RESET) refers to stm32f4xx_it.o(i.EXTI0_IRQHandler) for EXTI0_IRQHandler
    startup_stm32f407xx.o(RESET) refers to stm32f4xx_it.o(i.EXTI3_IRQHandler) for EXTI3_IRQHandler
    startup_stm32f407xx.o(RESET) refers to stm32f4xx_it.o(i.EXTI4_IRQHandler) for EXTI4_IRQHandler
    startup_stm32f407xx.o(RESET) refers to stm32f4xx_it.o(i.DMA1_Stream1_IRQHandler) for DMA1_Stream1_IRQHandler
    startup_stm32f407xx.o(RESET) refers to stm32f4xx_it.o(i.CAN1_TX_IRQHandler) for CAN1_TX_IRQHandler
    startup_stm32f407xx.o(RESET) refers to stm32f4xx_it.o(i.CAN1_RX0_IRQHandler) for CAN1_RX0_IRQHandler
    startup_stm32f407xx.o(RESET) refers to stm32f4xx_it.o(i.EXTI9_5_IRQHandler) for EXTI9_5_IRQHandler
    startup_stm32f407xx.o(RESET) refers to stm32f4xx_it.o(i.TIM2_IRQHandler) for TIM2_IRQHandler
    startup_stm32f407xx.o(RESET) refers to remote.o(i.USART3_IRQHandler) for USART3_IRQHandler
    startup_stm32f407xx.o(RESET) refers to stm32f4xx_it.o(i.DMA2_Stream2_IRQHandler) for DMA2_Stream2_IRQHandler
    startup_stm32f407xx.o(RESET) refers to stm32f4xx_it.o(i.DMA2_Stream3_IRQHandler) for DMA2_Stream3_IRQHandler
    startup_stm32f407xx.o(RESET) refers to stm32f4xx_it.o(i.CAN2_TX_IRQHandler) for CAN2_TX_IRQHandler
    startup_stm32f407xx.o(RESET) refers to stm32f4xx_it.o(i.CAN2_RX0_IRQHandler) for CAN2_RX0_IRQHandler
    startup_stm32f407xx.o(RESET) refers to stm32f4xx_it.o(i.OTG_FS_IRQHandler) for OTG_FS_IRQHandler
    startup_stm32f407xx.o(.text) refers (Special) to heapauxi.o(.text) for __use_two_region_memory
    startup_stm32f407xx.o(.text) refers to system_stm32f4xx.o(i.SystemInit) for SystemInit
    startup_stm32f407xx.o(.text) refers to __main.o(!!!main) for __main
    startup_stm32f407xx.o(.text) refers to startup_stm32f407xx.o(HEAP) for Heap_Mem
    startup_stm32f407xx.o(.text) refers to startup_stm32f407xx.o(STACK) for Stack_Mem
    main.o(i.HAL_TIM_PeriodElapsedCallback) refers to stm32f4xx_hal.o(i.HAL_IncTick) for HAL_IncTick
    main.o(i.SystemClock_Config) refers to rt_memclr_w.o(.text) for __aeabi_memclr4
    main.o(i.SystemClock_Config) refers to stm32f4xx_hal_rcc.o(i.HAL_RCC_OscConfig) for HAL_RCC_OscConfig
    main.o(i.SystemClock_Config) refers to stm32f4xx_hal_rcc.o(i.HAL_RCC_ClockConfig) for HAL_RCC_ClockConfig
    main.o(i.main) refers to stm32f4xx_hal.o(i.HAL_Init) for HAL_Init
    main.o(i.main) refers to main.o(i.SystemClock_Config) for SystemClock_Config
    main.o(i.main) refers to gpio.o(i.MX_GPIO_Init) for MX_GPIO_Init
    main.o(i.main) refers to dma.o(i.MX_DMA_Init) for MX_DMA_Init
    main.o(i.main) refers to usart.o(i.MX_USART3_UART_Init) for MX_USART3_UART_Init
    main.o(i.main) refers to can.o(i.MX_CAN1_Init) for MX_CAN1_Init
    main.o(i.main) refers to can.o(i.MX_CAN2_Init) for MX_CAN2_Init
    main.o(i.main) refers to spi.o(i.MX_SPI1_Init) for MX_SPI1_Init
    main.o(i.main) refers to i2c.o(i.MX_I2C3_Init) for MX_I2C3_Init
    main.o(i.main) refers to tim.o(i.MX_TIM4_Init) for MX_TIM4_Init
    main.o(i.main) refers to tim.o(i.MX_TIM5_Init) for MX_TIM5_Init
    main.o(i.main) refers to tim.o(i.MX_TIM10_Init) for MX_TIM10_Init
    main.o(i.main) refers to i2c.o(i.MX_I2C2_Init) for MX_I2C2_Init
    main.o(i.main) refers to essemi_swd_print.o(i.essemi_swd_configupbuffer) for essemi_swd_configupbuffer
    main.o(i.main) refers to essemi_swd_print.o(i.essemi_swd_configdownbuffer) for essemi_swd_configdownbuffer
    main.o(i.main) refers to bsp_can.o(i.can_filter_init) for can_filter_init
    main.o(i.main) refers to bsp_delay.o(i.delay_init) for delay_init
[...]
    vPortEnterCritical                       0x0800c279   Thumb Code    54  port.o(i.vPortEnterCritical)
    vPortExitCritical                        0x0800c2b9   Thumb Code    34  port.o(i.vPortExitCritical)
    vPortFree                                0x0800c2e1   Thumb Code    94  heap_4.o(i.vPortFree)
    vPortSetupTimerInterrupt                 0x0800c345   Thumb Code    32  port.o(i.vPortSetupTimerInterrupt)
    vTaskDelay                               0x0800c369   Thumb Code    66  tasks.o(i.vTaskDelay)
    vTaskStartScheduler                      0x0800c3b5   Thumb Code    90  tasks.o(i.vTaskStartScheduler)
    vTaskSuspendAll                          0x0800c421   Thumb Code    10  tasks.o(i.vTaskSuspendAll)
    vTaskSwitchContext                       0x0800c431   Thumb Code    82  tasks.o(i.vTaskSwitchContext)
    vmc_calc                                 0x0800c48d   Thumb Code    30  vmc.o(i.vmc_calc)
    vmc_forward_dynamics                     0x0800c4b5   Thumb Code   340  vmc.o(i.vmc_forward_dynamics)
    vmc_phi_update                           0x0800c609   Thumb Code    84  vmc.o(i.vmc_phi_update)
    wheel_init                               0x0800c7d1   Thumb Code    28  wheel.o(i.wheel_init)
    xPortStartScheduler                      0x0800c7f1   Thumb Code   222  port.o(i.xPortStartScheduler)
    xTaskCreate                              0x0800c8e5   Thumb Code    90  tasks.o(i.xTaskCreate)
    xTaskCreateStatic                        0x0800c93f   Thumb Code    86  tasks.o(i.xTaskCreateStatic)
    xTaskGetTickCount                        0x0800c995   Thumb Code     6  tasks.o(i.xTaskGetTickCount)
    xTaskIncrementTick                       0x0800c9a1   Thumb Code   194  tasks.o(i.xTaskIncrementTick)
    xTaskResumeAll                           0x0800ca6d   Thumb Code   182  tasks.o(i.xTaskResumeAll)
    xvEstimateKF_Init                        0x0800cb31   Thumb Code    70  vx_kalman_filter.o(i.xvEstimateKF_Init)
    __aeabi_fadd                             0x0800cb81   Thumb Code     0  faddsub_clz.o(x$fpl$fadd)
    _fadd                                    0x0800cb81   Thumb Code    18  faddsub_clz.o(x$fpl$fadd)
    __aeabi_fcmpeq                           0x0800cb93   Thumb Code     0  fcmp.o(x$fpl$fcmp)
    _feq                                     0x0800cb93   Thumb Code    14  fcmp.o(x$fpl$fcmp)
    _fneq                                    0x0800cba1   Thumb Code    14  fcmp.o(x$fpl$fcmp)
    __aeabi_fcmpgt                           0x0800cbaf   Thumb Code     0  fcmp.o(x$fpl$fcmp)
    _fgr                                     0x0800cbaf   Thumb Code    14  fcmp.o(x$fpl$fcmp)
    __aeabi_fcmpge                           0x0800cbbd   Thumb Code     0  fcmp.o(x$fpl$fcmp)
    _fgeq                                    0x0800cbbd   Thumb Code    14  fcmp.o(x$fpl$fcmp)
    __aeabi_fcmple                           0x0800cbcb   Thumb Code     0  fcmp.o(x$fpl$fcmp)
    _fleq                                    0x0800cbcb   Thumb Code    14  fcmp.o(x$fpl$fcmp)
    __aeabi_fcmplt                           0x0800cbd9   Thumb Code     0  fcmp.o(x$fpl$fcmp)
    _fls                                     0x0800cbd9   Thumb Code    14  fcmp.o(x$fpl$fcmp)
    __fpl_fcmp_Inf                           0x0800cbe7   Thumb Code    24  fcmpi.o(x$fpl$fcmpinf)
    __aeabi_fdiv                             0x0800cbff   Thumb Code     0  fdiv.o(x$fpl$fdiv)
    _fdiv                                    0x0800cbff   Thumb Code    18  fdiv.o(x$fpl$fdiv)
    __aeabi_cfcmpeq                          0x0800cc11   Thumb Code     0  feqf.o(x$fpl$feqf)
    _fcmpeq                                  0x0800cc11   Thumb Code    48  feqf.o(x$fpl$feqf)
    __aeabi_f2iz                             0x0800cc41   Thumb Code     0  ffix.o(x$fpl$ffix)
    _ffix                                    0x0800cc41   Thumb Code    14  ffix.o(x$fpl$ffix)
    __aeabi_f2uiz                            0x0800cc4f   Thumb Code     0  ffixu.o(x$fpl$ffixu)
    _ffixu                                   0x0800cc4f   Thumb Code    14  ffixu.o(x$fpl$ffixu)
    __aeabi_i2f                              0x0800cc5d   Thumb Code     0  fflt_clz.o(x$fpl$fflt)
    _fflt                                    0x0800cc5d   Thumb Code    14  fflt_clz.o(x$fpl$fflt)
    __aeabi_ui2f                             0x0800cc6b   Thumb Code     0  fflt_clz.o(x$fpl$ffltu)
    _ffltu                                   0x0800cc6b   Thumb Code    14  fflt_clz.o(x$fpl$ffltu)
    _fcmpge                                  0x0800cc79   Thumb Code    48  fgeqf.o(x$fpl$fgeqf)
    __aeabi_cfcmple                          0x0800cca9   Thumb Code     0  fleqf.o(x$fpl$fleqf)
    _fcmple                                  0x0800cca9   Thumb Code    48  fleqf.o(x$fpl$fleqf)
    __fpl_fcmple_InfNaN                      0x0800ccc1   Thumb Code     0  fleqf.o(x$fpl$fleqf)
    __aeabi_fmul                             0x0800ccd9   Thumb Code     0  fmul.o(x$fpl$fmul)
    _fmul                                    0x0800ccd9   Thumb Code    18  fmul.o(x$fpl$fmul)
    __fpl_fnaninf                            0x0800cceb   Thumb Code   140  fnaninf.o(x$fpl$fnaninf)
    _fp_init                                 0x0800cd77   Thumb Code    10  fpinit.o(x$fpl$fpinit)
    __fplib_config_fpu_vfp                   0x0800cd7f   Thumb Code     0  fpinit.o(x$fpl$fpinit)
    __fplib_config_pureend_doubles           0x0800cd7f   Thumb Code     0  fpinit.o(x$fpl$fpinit)
    __aeabi_fsub                             0x0800cd81   Thumb Code     0  faddsub_clz.o(x$fpl$fsub)
    _fsub                                    0x0800cd81   Thumb Code    18  faddsub_clz.o(x$fpl$fsub)
    __I$use$fp                               0x0800cd92   Number         0  usenofp.o(x$fpl$usenofp)
    AHBPrescTable                            0x0800cdf0   Data          16  system_stm32f4xx.o(.constdata)
    APBPrescTable                            0x0800ce00   Data           8  system_stm32f4xx.o(.constdata)
    xb                                       0x0800ce08   Data          12  ins_task.o(.constdata)
    yb                                       0x0800ce14   Data          12  ins_task.o(.constdata)
    zb                                       0x0800ce20   Data          12  ins_task.o(.constdata)
    IMU_QuaternionEKF_F                      0x0800ce38   Data         144  quaternionekf.o(.constdata)
    vaEstimateKF_H                           0x0800cec8   Data          16  vx_kalman_filter.o(.constdata)
    sinTable_f32                             0x0800d058   Data        2052  arm_common_tables.o(.rodata.sinTable_f32)
    Region$$Table$$Base                      0x0800d85c   Number         0  anon$$obj.o(Region$$Table)
    Region$$Table$$Limit                     0x0800d87c   Number         0  anon$$obj.o(Region$$Table)
    defaultTaskHandle                        0x20000000   Data           4  freertos.o(.data)
    ChassisTaskHandle                        0x20000004   Data           4  freertos.o(.data)
    INSTaskHandle                            0x20000008   Data           4  freertos.o(.data)
    FS_Desc                                  0x20000010   Data          28  usbd_desc.o(.data)
    USBD_LangIDDesc                          0x2000002c   Data           4  usbd_desc.o(.data)
    USBD_FS_DeviceDesc                       0x20000030   Data          18  usbd_desc.o(.data)
    USBD_StringSerial                        0x20000044   Data          26  usbd_desc.o(.data)
    USBD_Interface_fops_FS                   0x20000060   Data          20  usbd_cdc_if.o(.data)
    uwTickFreq                               0x20000074   Data           1  stm32f4xx_hal.o(.data)
    uwTickPrio                               0x20000078   Data           4  stm32f4xx_hal.o(.data)
    uwTick                                   0x2000007c   Data           4  stm32f4xx_hal.o(.data)
    SystemCoreClock                          0x20000080   Data           4  system_stm32f4xx.o(.data)
    USBD_CDC                                 0x200000dc   Data          56  usbd_cdc.o(.data)
    INS_DWT_Count                            0x20000114   Data           4  ins_task.o(.data)
    RefTemp                                  0x20000120   Data           4  ins_task.o(.data)
    wheel_fitting_factor                     0x20000158   Data          96  lqr.o(.data)
    joint_fitting_factor                     0x200001b8   Data          96  lqr.o(.data)
    IMU_QuaternionEKF_P                      0x2000025c   Data         144  quaternionekf.o(.data)
    sizeof_float                             0x20000300   Data           2  kalman_filter.o(.data)
    sizeof_double                            0x20000302   Data           2  kalman_filter.o(.data)
    vel_acc                                  0x20000318   Data           8  vx_kalman_filter.o(.data)
    vaEstimateKF_F                           0x20000320   Data          16  vx_kalman_filter.o(.data)
    vaEstimateKF_P                           0x20000330   Data          16  vx_kalman_filter.o(.data)
    vaEstimateKF_Q                           0x20000340   Data          16  vx_kalman_filter.o(.data)
    vaEstimateKF_R                           0x20000350   Data          16  vx_kalman_filter.o(.data)
    JointTxFrame                             0x20000360   Data          36  bsp_can.o(.data)
    WheelTxFrame                             0x20000384   Data          36  bsp_can.o(.data)
    SysTime                                  0x200003e0   Data           8  bsp_dwt.o(.data)
    CYCCNT64                                 0x200003e8   Data           8  bsp_dwt.o(.data)
    caliOffset                               0x200003f3   Data           1  bmi088driver.o(.data)
    caliCount                                0x200003f4   Data           2  bmi088driver.o(.data)
    BMI088_ACCEL_SEN                         0x200003fc   Data           4  bmi088driver.o(.data)
    BMI088_GYRO_SEN                          0x20000400   Data           4  bmi088driver.o(.data)
    gNormDiff                                0x20000408   Data           4  bmi088driver.o(.data)
    BMI088_SPI                               0x20000438   Data           4  bmi088middleware.o(.data)
    dm_motors_len                            0x2000043c   Data           1  dm_8009.o(.data)
    lk_motors_len                            0x20000440   Data           1  lk9025.o(.data)
    lk_motors                                0x20000444   Data           8  lk9025.o(.data)
    chassis_physical_config                  0x20000450   Data          32  robot_def.o(.data)
    pxCurrentTCB                             0x20000470   Data           4  tasks.o(.data)
    hcan1                                    0x2000072c   Data          40  can.o(.bss)
    hcan2                                    0x20000754   Data          40  can.o(.bss)
    hi2c2                                    0x2000077c   Data          84  i2c.o(.bss)
    hi2c3                                    0x200007d0   Data          84  i2c.o(.bss)
    hspi1                                    0x20000824   Data          88  spi.o(.bss)
    hdma_spi1_rx                             0x2000087c   Data          96  spi.o(.bss)
    hdma_spi1_tx                             0x200008dc   Data          96  spi.o(.bss)
    htim4                                    0x2000093c   Data          72  tim.o(.bss)
    htim5                                    0x20000984   Data          72  tim.o(.bss)
    htim10                                   0x200009cc   Data          72  tim.o(.bss)
    huart3                                   0x20000a14   Data          72  usart.o(.bss)
    hdma_usart3_rx                           0x20000a5c   Data          96  usart.o(.bss)
    htim2                                    0x20000abc   Data          72  stm32f4xx_hal_timebase_tim.o(.bss)
    hUsbDeviceFS                             0x20000b04   Data         732  usb_device.o(.bss)
    USBD_StrDesc                             0x20000de0   Data         512  usbd_desc.o(.bss)
    UserRxBufferFS                           0x20000fe0   Data        2048  usbd_cdc_if.o(.bss)
    UserTxBufferFS                           0x200017e0   Data        2048  usbd_cdc_if.o(.bss)
    hpcd_USB_OTG_FS                          0x20002200   Data        1252  usbd_conf.o(.bss)
    TempCtrl                                 0x200026e4   Data         170  ins_task.o(.bss)
    INS                                      0x20002790   Data         128  ins_task.o(.bss)
    IMU_Param                                0x20002810   Data          28  ins_task.o(.bss)
    wheel_K_L                                0x2000282c   Data          24  lqr.o(.bss)
    joint_K_L                                0x20002844   Data          24  lqr.o(.bss)
    wheel_K_R                                0x2000285c   Data          24  lqr.o(.bss)
    joint_K_R                                0x20002874   Data          24  lqr.o(.bss)
    QEKF_INS                                 0x20002890   Data         488  quaternionekf.o(.bss)
    IMU_QuaternionEKF_K                      0x20002a78   Data          72  quaternionekf.o(.bss)
    IMU_QuaternionEKF_H                      0x20002ac0   Data          72  quaternionekf.o(.bss)
    vaEstimateKF                             0x20002b08   Data         320  vx_kalman_filter.o(.bss)
    CAN1_RxFrame                             0x20002c48   Data          40  bsp_can.o(.bss)
    CAN2_RxFrame                             0x20002c70   Data          40  bsp_can.o(.bss)
    gyroDiff                                 0x20002c98   Data          12  bmi088driver.o(.bss)
    BMI088                                   0x20002ca4   Data          52  bmi088driver.o(.bss)
    _ESSEMI_SWD                              0x20002cd8   Data         168  essemi_swd_print.o(.bss)
    dm_motors                                0x20003190   Data          16  dm_8009.o(.bss)
    joint                                    0x200031a0   Data          64  joint.o(.bss)
    wheel                                    0x200031e0   Data          24  wheel.o(.bss)
    rc_ctrl                                  0x200031f8   Data          28  remote.o(.bss)
    chassis                                  0x2000325c   Data        1896  robot_def.o(.bss)
    __libspace_start                         0x200076b4   Data          96  libspace.o(.bss)
    __temporary_stack_top$libspace           0x20007714   Data           0  libspace.o(.bss)



==============================================================================

Memory Map of the image

  Image Entry point : 0x08000189

  Load Region LR_IROM1 (Base: 0x08000000, Size: 0x0000dd54, Max: 0x00100000, ABSOLUTE, COMPRESSED[0x0000da94])

    Execution Region ER_IROM1 (Exec base: 0x08000000, Load base: 0x08000000, Size: 0x0000d87c, Max: 0x00100000, ABSOLUTE)

    Exec Addr    Load Addr    Size         Type   Attr      Idx    E Section Name        Object

    0x08000000   0x08000000   0x00000188   Data   RO            3    RESET               startup_stm32f407xx.o
    0x08000188   0x08000188   0x00000008   Code   RO         9685  * !!!main             c_w.l(__main.o)
    0x08000190   0x08000190   0x00000034   Code   RO        10107    !!!scatter          c_w.l(__scatter.o)
    0x080001c4   0x080001c4   0x0000005a   Code   RO        10105    !!dczerorl2         c_w.l(__dczerorl2.o)
    0x0800021e   0x0800021e   0x00000002   PAD
    0x08000220   0x08000220   0x0000001c   Code   RO        10109    !!handler_zi        c_w.l(__scatter_zi.o)
    0x0800023c   0x0800023c   0x00000002   Code   RO        10044    .ARM.Collect$$libinit$$00000000  c_w.l(libinit.o)
    0x0800023e   0x0800023e   0x00000004   Code   RO         9883    .ARM.Collect$$libinit$$00000001  c_w.l(libinit2.o)
    0x08000242   0x08000242   0x00000000   Code   RO         9886    .ARM.Collect$$libinit$$00000004  c_w.l(libinit2.o)
    0x08000242   0x08000242   0x00000008   Code   RO         9887    .ARM.Collect$$libinit$$00000005  c_w.l(libinit2.o)
    0x0800024a   0x0800024a   0x00000000   Code   RO         9889    .ARM.Collect$$libinit$$0000000A  c_w.l(libinit2.o)
    0x0800024a   0x0800024a   0x00000000   Code   RO         9891    .ARM.Collect$$libinit$$0000000C  c_w.l(libinit2.o)
    0x0800024a   0x0800024a   0x00000000   Code   RO         9893    .ARM.Collect$$libinit$$0000000E  c_w.l(libinit2.o)
    0x0800024a   0x0800024a   0x00000000   Code   RO         9896    .ARM.Collect$$libinit$$00000011  c_w.l(libinit2.o)
    0x0800024a   0x0800024a   0x00000000   Code   RO         9898    .ARM.Collect$$libinit$$00000013  c_w.l(libinit2.o)
    0x0800024a   0x0800024a   0x00000000   Code   RO         9900    .ARM.Collect$$libinit$$00000015  c_w.l(libinit2.o)
    0x0800024a   0x0800024a   0x00000000   Code   RO         9902    .ARM.Collect$$libinit$$00000017  c_w.l(libinit2.o)
    0x0800024a   0x0800024a   0x00000000   Code   RO         9904    .ARM.Collect$$libinit$$00000019  c_w.l(libinit2.o)
    0x0800024a   0x0800024a   0x00000000   Code   RO         9906    .ARM.Collect$$libinit$$0000001B  c_w.l(libinit2.o)
    0x0800024a   0x0800024a   0x00000000   Code   RO         9908    .ARM.Collect$$libinit$$0000001D  c_w.l(libinit2.o)
    0x0800024a   0x0800024a   0x00000000   Code   RO         9910    .ARM.Collect$$libinit$$0000001F  c_w.l(libinit2.o)
    0x0800024a   0x0800024a   0x00000000   Code   RO         9912    .ARM.Collect$$libinit$$00000021  c_w.l(libinit2.o)
    0x0800024a   0x0800024a   0x00000000   Code   RO         9914    .ARM.Collect$$libinit$$00000023  c_w.l(libinit2.o)
    0x0800024a   0x0800024a   0x00000000   Code   RO         9916    .ARM.Collect$$libinit$$00000025  c_w.l(libinit2.o)
    0x0800024a   0x0800024a   0x00000000   Code   RO         9920    .ARM.Collect$$libinit$$0000002C  c_w.l(libinit2.o)
    0x0800024a   0x0800024a   0x00000000   Code   RO         9922    .ARM.Collect$$libinit$$0000002E  c_w.l(libinit2.o)
    0x0800024a   0x0800024a   0x00000000   Code   RO         9924    .ARM.Collect$$libinit$$00000030  c_w.l(libinit2.o)
    0x0800024a   0x0800024a   0x00000000   Code   RO         9926    .ARM.Collect$$libinit$$00000032  c_w.l(libinit2.o)
    0x0800024a   0x0800024a   0x00000002   Code   RO         9927    .ARM.Collect$$libinit$$00000033  c_w.l(libinit2.o)
    0x0800024c   0x0800024c   0x00000002   Code   RO        10102    .ARM.Collect$$libshutdown$$00000000  c_w.l(libshutdown.o)
    0x0800024e   0x0800024e   0x00000000   Code   RO        10060    .ARM.Collect$$libshutdown$$00000002  c_w.l(libshutdown2.o)
    0x0800024e   0x0800024e   0x00000000   Code   RO        10062    .ARM.Collect$$libshutdown$$00000004  c_w.l(libshutdown2.o)
    0x0800024e   0x0800024e   0x00000000   Code   RO        10065    .ARM.Collect$$libshutdown$$00000007  c_w.l(libshutdown2.o)
    0x0800024e   0x0800024e   0x00000000   Code   RO        10068    .ARM.Collect$$libshutdown$$0000000A  c_w.l(libshutdown2.o)
    0x0800024e   0x0800024e   0x00000000   Code   RO        10070    .ARM.Collect$$libshutdown$$0000000C  c_w.l(libshutdown2.o)
    0x0800024e   0x0800024e   0x00000000   Code   RO        10073    .ARM.Collect$$libshutdown$$0000000F  c_w.l(libshutdown2.o)
    0x0800024e   0x0800024e   0x00000002   Code   RO        10074    .ARM.Collect$$libshutdown$$00000010  c_w.l(libshutdown2.o)
    0x08000250   0x08000250   0x00000000   Code   RO         9843    .ARM.Collect$$rtentry$$00000000  c_w.l(__rtentry.o)
    0x08000250   0x08000250   0x00000000   Code   RO         9974    .ARM.Collect$$rtentry$$00000002  c_w.l(__rtentry2.o)
    0x08000250   0x08000250   0x00000006   Code   RO         9986    .ARM.Collect$$rtentry$$00000004  c_w.l(__rtentry4.o)
    0x08000256   0x08000256   0x00000000   Code   RO         9976    .ARM.Collect$$rtentry$$00000009  c_w.l(__rtentry2.o)
    0x08000256   0x08000256   0x00000004   Code   RO         9977    .ARM.Collect$$rtentry$$0000000A  c_w.l(__rtentry2.o)
    0x0800025a   0x0800025a   0x00000000   Code   RO         9979    .ARM.Collect$$rtentry$$0000000C  c_w.l(__rtentry2.o)
    0x0800025a   0x0800025a   0x00000008   Code   RO         9980    .ARM.Collect$$rtentry$$0000000D  c_w.l(__rtentry2.o)
    0x08000262   0x08000262   0x00000002   Code   RO        10047    .ARM.Collect$$rtexit$$00000000  c_w.l(rtexit.o)
    0x08000264   0x08000264   0x00000000   Code   RO        10078    .ARM.Collect$$rtexit$$00000002  c_w.l(rtexit2.o)
    0x08000264   0x08000264   0x00000004   Code   RO        10079    .ARM.Collect$$rtexit$$00000003  c_w.l(rtexit2.o)
    0x08000268   0x08000268   0x00000006   Code   RO        10080    .ARM.Collect$$rtexit$$00000004  c_w.l(rtexit2.o)
    0x0800026e   0x0800026e   0x00000002   PAD
    0x08000270   0x08000270   0x000000be   Code   RO         9358    .emb_text           port.o
    0x0800032e   0x0800032e   0x00000002   PAD
    0x08000330   0x08000330   0x00000000   Code   RO         9997    .emb_text           c_w.l(maybetermalloc1.o)
    0x08000330   0x08000330   0x00000040   Code   RO            4    .text               startup_stm32f407xx.o
    0x08000370   0x08000370   0x0000005e   Code   RO         9613    .text               c_w.l(h1_alloc.o)
    0x080003ce   0x080003ce   0x000000ee   Code   RO         9667    .text               c_w.l(lludivv7m.o)
    0x080004bc   0x080004bc   0x00000048   Code   RO         9669    .text               c_w.l(strcpy.o)
    0x08000504   0x08000504   0x00000064   Code   RO         9675    .text               c_w.l(rt_memcpy_w.o)
    0x08000568   0x08000568   0x00000044   Code   RO         9679    .text               c_w.l(rt_memclr.o)
    0x080005ac   0x080005ac   0x0000004e   Code   RO         9681    .text               c_w.l(rt_memclr_w.o)
    0x080005fa   0x080005fa   0x00000006   Code   RO         9683    .text               c_w.l(heapauxi.o)
    0x08000600   0x08000600   0x00000008   Code   RO         9851    .text               c_w.l(rt_heap_descriptor_intlibspace.o)
    0x08000608   0x08000608   0x00000004   Code   RO         9853    .text               c_w.l(hguard.o)
    0x0800060c   0x0800060c   0x0000008a   Code   RO         9855    .text               c_w.l(init_alloc.o)
    0x08000696   0x08000696   0x0000000e   Code   RO         9861    .text               c_w.l(h1_init.o)
    0x080006a4   0x080006a4   0x0000004e   Code   RO         9863    .text               c_w.l(h1_free.o)
    0x080006f2   0x080006f2   0x00000016   Code   RO         9879    .text               c_w.l(_rserrno.o)
    0x08000708   0x08000708   0x00000008   Code   RO         9970    .text               c_w.l(libspace.o)
    0x08000710   0x08000710   0x00000008   Code   RO         9993    .text               c_w.l(rt_errno_addr_intlibspace.o)
    0x08000718   0x08000718   0x00000034   Code   RO         9999    .text               c_w.l(h1_extend.o)
    0x0800074c   0x0800074c   0x0000000e   Code   RO        10003    .text               c_w.l(defsig_rtmem_outer.o)
    0x0800075a   0x0800075a   0x00000002   Code   RO        10016    .text               c_w.l(use_no_semi.o)
    0x0800075c   0x0800075c   0x00000000   Code   RO        10018    .text               c_w.l(indicate_semi.o)
    0x0800075c   0x0800075c   0x0000004a   Code   RO        10019    .text               c_w.l(sys_stackheap_outer.o)
    0x080007a6   0x080007a6   0x00000012   Code   RO        10025    .text               c_w.l(exit.o)
    0x080007b8   0x080007b8   0x0000000a   Code   RO        10027    .text               c_w.l(defsig_exit.o)
    0x080007c2   0x080007c2   0x00000002   PAD
    0x080007c4   0x080007c4   0x00000050   Code   RO        10033    .text               c_w.l(defsig_rtmem_inner.o)
    0x08000814   0x08000814   0x0000000c   Code   RO        10045    .text               c_w.l(sys_exit.o)
    0x08000820   0x08000820   0x00000032   Code   RO        10055    .text               c_w.l(defsig_general.o)
    0x08000852   0x08000852   0x0000000e   Code   RO        10075    .text               c_w.l(sys_wrch.o)
    0x08000860   0x08000860   0x000000a8   Code   RO         9436    .text.arm_cos_f32   arm_cortexM4l_math.lib(arm_cos_f32.o)
    0x08000908   0x08000908   0x00000094   Code   RO         9456    .text.arm_mat_add_f32  arm_cortexM4l_math.lib(arm_mat_add_f32.o)
    0x0800099c   0x0800099c   0x00000008   Code   RO         9466    .text.arm_mat_init_f32  arm_cortexM4l_math.lib(arm_mat_init_f32.o)
    0x080009a4   0x080009a4   0x000002dc   Code   RO         9475    .text.arm_mat_inverse_f32  arm_cortexM4l_math.lib(arm_mat_inverse_f32.o)
    0x08000c80   0x08000c80   0x00000178   Code   RO         9485    .text.arm_mat_mult_f32  arm_cortexM4l_math.lib(arm_mat_mult_f32.o)
    0x08000df8   0x08000df8   0x00000094   Code   RO         9495    .text.arm_mat_sub_f32  arm_cortexM4l_math.lib(arm_mat_sub_f32.o)
    0x08000e8c   0x08000e8c   0x000000b2   Code   RO         9505    .text.arm_mat_trans_f32  arm_cortexM4l_math.lib(arm_mat_trans_f32.o)
    0x08000f3e   0x08000f3e   0x000000a0   Code   RO         9446    .text.arm_sin_f32   arm_cortexM4l_math.lib(arm_sin_f32.o)
    0x08000fde   0x08000fde   0x00000002   PAD
    0x08000fe0   0x08000fe0   0x00000010   Code   RO         7237    i.BMI088_ACCEL_NS_H  bmi088middleware.o
    0x08000ff0   0x08000ff0   0x00000010   Code   RO         7238    i.BMI088_ACCEL_NS_L  bmi088middleware.o
    0x08001000   0x08001000   0x00000010   Code   RO         7239    i.BMI088_GYRO_NS_H  bmi088middleware.o
    0x08001010   0x08001010   0x00000010   Code   RO         7240    i.BMI088_GYRO_NS_L  bmi088middleware.o
    0x08001020   0x08001020   0x000001ac   Code   RO         7156    i.BMI088_Read       bmi088driver.o
    0x080011cc   0x080011cc   0x00000080   Code   RO         7157    i.BMI088_init       bmi088driver.o
    0x0800124c   0x0800124c   0x00000024   Code   RO         7158    i.BMI088_read_muli_reg  bmi088driver.o
    0x08001270   0x08001270   0x00000016   Code   RO         7159    i.BMI088_read_single_reg  bmi088driver.o
    0x08001286   0x08001286   0x00000002   PAD
    0x08001288   0x08001288   0x00000024   Code   RO         7241    i.BMI088_read_write_byte  bmi088middleware.o
    0x080012ac   0x080012ac   0x00000012   Code   RO         7160    i.BMI088_write_single_reg  bmi088driver.o
    0x080012be   0x080012be   0x000000ea   Code   RO         6101    i.BodyFrameToEarthFrame  ins_task.o
    0x080013a8   0x080013a8   0x00000002   Code   RO          831    i.BusFault_Handler  stm32f4xx_it.o
    0x080013aa   0x080013aa   0x00000002   PAD
    0x080013ac   0x080013ac   0x0000000c   Code   RO         7291    i.Buzzer_Init       buzzer.o
    0x080013b8   0x080013b8   0x0000000c   Code   RO          832    i.CAN1_RX0_IRQHandler  stm32f4xx_it.o
    0x080013c4   0x080013c4   0x0000000c   Code   RO          833    i.CAN1_TX_IRQHandler  stm32f4xx_it.o
    0x080013d0   0x080013d0   0x0000000c   Code   RO          834    i.CAN2_RX0_IRQHandler  stm32f4xx_it.o
    0x080013dc   0x080013dc   0x0000000c   Code   RO          835    i.CAN2_TX_IRQHandler  stm32f4xx_it.o
    0x080013e8   0x080013e8   0x00000020   Code   RO         6893    i.CAN_SendJointData  bsp_can.o
    0x08001408   0x08001408   0x00000020   Code   RO         6894    i.CAN_SendWheelData  bsp_can.o
    0x08001428   0x08001428   0x00000004   Code   RO         1177    i.CDC_Control_FS    usbd_cdc_if.o
    0x0800142c   0x0800142c   0x00000004   Code   RO         1178    i.CDC_DeInit_FS     usbd_cdc_if.o
    0x08001430   0x08001430   0x00000024   Code   RO         1179    i.CDC_Init_FS       usbd_cdc_if.o
    0x08001454   0x08001454   0x00000018   Code   RO         1180    i.CDC_Receive_FS    usbd_cdc_if.o
    0x0800146c   0x0800146c   0x00000004   Code   RO         1181    i.CDC_TransmitCplt_FS  usbd_cdc_if.o
    0x08001470   0x08001470   0x00000404   Code   RO         7161    i.Calibrate_MPU_Offset  bmi088driver.o
    0x08001874   0x08001874   0x0000000c   Code   RO          836    i.DMA1_Stream1_IRQHandler  stm32f4xx_it.o
    0x08001880   0x08001880   0x0000000c   Code   RO          837    i.DMA2_Stream2_IRQHandler  stm32f4xx_it.o
    0x0800188c   0x0800188c   0x0000000c   Code   RO          838    i.DMA2_Stream3_IRQHandler  stm32f4xx_it.o
    0x08001898   0x08001898   0x00000028   Code   RO         3458    i.DMA_CalcBaseAndBitshift  stm32f4xx_hal_dma.o
    0x080018c0   0x080018c0   0x00000054   Code   RO         3459    i.DMA_CheckFifoParam  stm32f4xx_hal_dma.o
    0x08001914   0x08001914   0x00000028   Code   RO         6993    i.DWT_CNT_Update    bsp_dwt.o
    0x0800193c   0x0800193c   0x00000034   Code   RO         6994    i.DWT_Delay         bsp_dwt.o
    0x08001970   0x08001970   0x00000044   Code   RO         6995    i.DWT_GetDeltaT     bsp_dwt.o
    0x080019b4   0x080019b4   0x00000044   Code   RO         6998    i.DWT_GetTimeline_s  bsp_dwt.o
    0x080019f8   0x080019f8   0x00000048   Code   RO         7000    i.DWT_Init          bsp_dwt.o
    0x08001a40   0x08001a40   0x00000094   Code   RO         7001    i.DWT_SysTimeUpdate  bsp_dwt.o
    0x08001ad4   0x08001ad4   0x00000002   Code   RO          839    i.DebugMon_Handler  stm32f4xx_it.o
    0x08001ad6   0x08001ad6   0x00000006   Code   RO          840    i.EXTI0_IRQHandler  stm32f4xx_it.o
    0x08001adc   0x08001adc   0x00000006   Code   RO          841    i.EXTI3_IRQHandler  stm32f4xx_it.o
    0x08001ae2   0x08001ae2   0x00000006   Code   RO          842    i.EXTI4_IRQHandler  stm32f4xx_it.o
    0x08001ae8   0x08001ae8   0x00000006   Code   RO          843    i.EXTI9_5_IRQHandler  stm32f4xx_it.o
    0x08001aee   0x08001aee   0x000000ea   Code   RO         6102    i.EarthFrameToBodyFrame  ins_task.o
    0x08001bd8   0x08001bd8   0x00000004   Code   RO           13    i.Error_Handler     main.o
    0x08001bdc   0x08001bdc   0x00000044   Code   RO         6217    i.Gimbal_to_Chassis_Can  board_communication_task.o
    0x08001c20   0x08001c20   0x00000024   Code   RO         4138    i.HAL_CAN_ActivateNotification  stm32f4xx_hal_can.o
    0x08001c44   0x08001c44   0x000000bc   Code   RO         4139    i.HAL_CAN_AddTxMessage  stm32f4xx_hal_can.o
    0x08001d00   0x08001d00   0x0000010c   Code   RO         4140    i.HAL_CAN_ConfigFilter  stm32f4xx_hal_can.o
    0x08001e0c   0x08001e0c   0x00000002   Code   RO         4143    i.HAL_CAN_ErrorCallback  stm32f4xx_hal_can.o
    0x08001e0e   0x08001e0e   0x000000f4   Code   RO         4146    i.HAL_CAN_GetRxMessage  stm32f4xx_hal_can.o
    0x08001f02   0x08001f02   0x000001fc   Code   RO         4150    i.HAL_CAN_IRQHandler  stm32f4xx_hal_can.o
    0x080020fe   0x080020fe   0x0000011a   Code   RO         4151    i.HAL_CAN_Init      stm32f4xx_hal_can.o
    0x08002218   0x08002218   0x0000011c   Code   RO          564    i.HAL_CAN_MspInit   can.o
    0x08002334   0x08002334   0x00000002   Code   RO         4158    i.HAL_CAN_RxFifo0FullCallback  stm32f4xx_hal_can.o
    0x08002336   0x08002336   0x00000002   PAD
    0x08002338   0x08002338   0x000000b0   Code   RO         6895    i.HAL_CAN_RxFifo0MsgPendingCallback  bsp_can.o
    0x080023e8   0x080023e8   0x00000002   Code   RO         4160    i.HAL_CAN_RxFifo1FullCallback  stm32f4xx_hal_can.o
    0x080023ea   0x080023ea   0x00000002   Code   RO         4161    i.HAL_CAN_RxFifo1MsgPendingCallback  stm32f4xx_hal_can.o
    0x080023ec   0x080023ec   0x00000002   Code   RO         4162    i.HAL_CAN_SleepCallback  stm32f4xx_hal_can.o
    0x080023ee   0x080023ee   0x00000002   PAD
    0x080023f0   0x080023f0   0x00000058   Code   RO         4163    i.HAL_CAN_Start     stm32f4xx_hal_can.o
    0x08002448   0x08002448   0x00000002   Code   RO         4165    i.HAL_CAN_TxMailbox0AbortCallback  stm32f4xx_hal_can.o
    0x0800244a   0x0800244a   0x00000002   Code   RO         4166    i.HAL_CAN_TxMailbox0CompleteCallback  stm32f4xx_hal_can.o
    0x0800244c   0x0800244c   0x00000002   Code   RO         4167    i.HAL_CAN_TxMailbox1AbortCallback  stm32f4xx_hal_can.o
    0x0800244e   0x0800244e   0x00000002   Code   RO         4168    i.HAL_CAN_TxMailbox1CompleteCallback  stm32f4xx_hal_can.o
    0x08002450   0x08002450   0x00000002   Code   RO         4169    i.HAL_CAN_TxMailbox2AbortCallback  stm32f4xx_hal_can.o
    0x08002452   0x08002452   0x00000002   Code   RO         4170    i.HAL_CAN_TxMailbox2CompleteCallback  stm32f4xx_hal_can.o
    0x08002454   0x08002454   0x00000002   Code   RO         4172    i.HAL_CAN_WakeUpFromRxMsgCallback  stm32f4xx_hal_can.o
    0x08002456   0x08002456   0x00000002   PAD
    0x08002458   0x08002458   0x000001a0   Code   RO         3466    i.HAL_DMA_IRQHandler  stm32f4xx_hal_dma.o
    0x080025f8   0x080025f8   0x000000d4   Code   RO         3467    i.HAL_DMA_Init      stm32f4xx_hal_dma.o
    0x080026cc   0x080026cc   0x00000024   Code   RO         3886    i.HAL_Delay         stm32f4xx_hal.o
    0x080026f0   0x080026f0   0x00000002   Code   RO         3352    i.HAL_GPIO_EXTI_Callback  stm32f4xx_hal_gpio.o
    0x080026f2   0x080026f2   0x00000002   PAD
    0x080026f4   0x080026f4   0x00000018   Code   RO         3353    i.HAL_GPIO_EXTI_IRQHandler  stm32f4xx_hal_gpio.o
    0x0800270c   0x0800270c   0x000001f0   Code   RO         3354    i.HAL_GPIO_Init     stm32f4xx_hal_gpio.o
    0x080028fc   0x080028fc   0x0000000a   Code   RO         3358    i.HAL_GPIO_WritePin  stm32f4xx_hal_gpio.o
    0x08002906   0x08002906   0x00000002   PAD
    0x08002908   0x08002908   0x0000000c   Code   RO         3892    i.HAL_GetTick       stm32f4xx_hal.o
    0x08002914   0x08002914   0x00000188   Code   RO         4382    i.HAL_I2C_Init      stm32f4xx_hal_i2c.o
    0x08002a9c   0x08002a9c   0x000000e8   Code   RO          640    i.HAL_I2C_MspInit   i2c.o
    0x08002b84   0x08002b84   0x00000010   Code   RO         3898    i.HAL_IncTick       stm32f4xx_hal.o
    0x08002b94   0x08002b94   0x00000034   Code   RO         3899    i.HAL_Init          stm32f4xx_hal.o
    0x08002bc8   0x08002bc8   0x00000098   Code   RO          991    i.HAL_InitTick      stm32f4xx_hal_timebase_tim.o
    0x08002c60   0x08002c60   0x00000038   Code   RO          967    i.HAL_MspInit       stm32f4xx_hal_msp.o
    0x08002c98   0x08002c98   0x0000001a   Code   RO         3744    i.HAL_NVIC_EnableIRQ  stm32f4xx_hal_cortex.o
    0x08002cb2   0x08002cb2   0x00000002   PAD
    0x08002cb4   0x08002cb4   0x00000040   Code   RO         3750    i.HAL_NVIC_SetPriority  stm32f4xx_hal_cortex.o
    0x08002cf4   0x08002cf4   0x00000024   Code   RO         3751    i.HAL_NVIC_SetPriorityGrouping  stm32f4xx_hal_cortex.o
    0x08002d18   0x08002d18   0x00000002   Code   RO         2653    i.HAL_PCDEx_LPM_Callback  stm32f4xx_hal_pcd_ex.o
    0x08002d1a   0x08002d1a   0x00000008   Code   RO         2654    i.HAL_PCDEx_SetRxFiFo  stm32f4xx_hal_pcd_ex.o
    0x08002d22   0x08002d22   0x00000044   Code   RO         2655    i.HAL_PCDEx_SetTxFiFo  stm32f4xx_hal_pcd_ex.o
    0x08002d66   0x08002d66   0x00000008   Code   RO         1234    i.HAL_PCD_ConnectCallback  usbd_conf.o
    0x08002d6e   0x08002d6e   0x00000012   Code   RO         1235    i.HAL_PCD_DataInStageCallback  usbd_conf.o
    0x08002d80   0x08002d80   0x00000014   Code   RO         1236    i.HAL_PCD_DataOutStageCallback  usbd_conf.o
    0x08002d94   0x08002d94   0x00000008   Code   RO         1237    i.HAL_PCD_DisconnectCallback  usbd_conf.o
    0x08002d9c   0x08002d9c   0x0000001e   Code   RO         2423    i.HAL_PCD_EP_Abort  stm32f4xx_hal_pcd.o
    0x08002dba   0x08002dba   0x0000004a   Code   RO         2424    i.HAL_PCD_EP_Close  stm32f4xx_hal_pcd.o
    0x08002e04   0x08002e04   0x0000005a   Code   RO         2425    i.HAL_PCD_EP_ClrStall  stm32f4xx_hal_pcd.o
    0x08002e5e   0x08002e5e   0x00000012   Code   RO         2427    i.HAL_PCD_EP_GetRxCount  stm32f4xx_hal_pcd.o
    0x08002e70   0x08002e70   0x0000005e   Code   RO         2428    i.HAL_PCD_EP_Open   stm32f4xx_hal_pcd.o
    0x08002ece   0x08002ece   0x00000038   Code   RO         2429    i.HAL_PCD_EP_Receive  stm32f4xx_hal_pcd.o
    0x08002f06   0x08002f06   0x00000072   Code   RO         2430    i.HAL_PCD_EP_SetStall  stm32f4xx_hal_pcd.o
    0x08002f78   0x08002f78   0x00000032   Code   RO         2431    i.HAL_PCD_EP_Transmit  stm32f4xx_hal_pcd.o
    0x08002faa   0x08002faa   0x00000002   PAD
    0x08002fac   0x08002fac   0x0000055c   Code   RO         2433    i.HAL_PCD_IRQHandler  stm32f4xx_hal_pcd.o
    0x08003508   0x08003508   0x00000008   Code   RO         1238    i.HAL_PCD_ISOINIncompleteCallback  usbd_conf.o
    0x08003510   0x08003510   0x00000008   Code   RO         1239    i.HAL_PCD_ISOOUTIncompleteCallback  usbd_conf.o
    0x08003518   0x08003518   0x000000cc   Code   RO         2436    i.HAL_PCD_Init      stm32f4xx_hal_pcd.o
    0x080035e4   0x080035e4   0x00000084   Code   RO         1241    i.HAL_PCD_MspInit   usbd_conf.o
    0x08003668   0x08003668   0x0000002c   Code   RO         1242    i.HAL_PCD_ResetCallback  usbd_conf.o
    0x08003694   0x08003694   0x00000008   Code   RO         1243    i.HAL_PCD_ResumeCallback  usbd_conf.o
    0x0800369c   0x0800369c   0x00000008   Code   RO         1244    i.HAL_PCD_SOFCallback  usbd_conf.o
    0x080036a4   0x080036a4   0x00000026   Code   RO         2442    i.HAL_PCD_SetAddress  stm32f4xx_hal_pcd.o
    0x080036ca   0x080036ca   0x0000000e   Code   RO         1245    i.HAL_PCD_SetupStageCallback  usbd_conf.o
    0x080036d8   0x080036d8   0x00000042   Code   RO         2445    i.HAL_PCD_Start     stm32f4xx_hal_pcd.o
    0x0800371a   0x0800371a   0x00000002   PAD
    0x0800371c   0x0800371c   0x00000030   Code   RO         1246    i.HAL_PCD_SuspendCallback  usbd_conf.o
    0x0800374c   0x0800374c   0x00000134   Code   RO         3000    i.HAL_RCC_ClockConfig  stm32f4xx_hal_rcc.o
    0x08003880   0x08003880   0x00000040   Code   RO         3004    i.HAL_RCC_GetClockConfig  stm32f4xx_hal_rcc.o
    0x080038c0   0x080038c0   0x0000000c   Code   RO         3005    i.HAL_RCC_GetHCLKFreq  stm32f4xx_hal_rcc.o
    0x080038cc   0x080038cc   0x00000020   Code   RO         3007    i.HAL_RCC_GetPCLK1Freq  stm32f4xx_hal_rcc.o
    0x080038ec   0x080038ec   0x00000020   Code   RO         3008    i.HAL_RCC_GetPCLK2Freq  stm32f4xx_hal_rcc.o
    0x0800390c   0x0800390c   0x00000064   Code   RO         3009    i.HAL_RCC_GetSysClockFreq  stm32f4xx_hal_rcc.o
    0x08003970   0x08003970   0x0000036c   Code   RO         3012    i.HAL_RCC_OscConfig  stm32f4xx_hal_rcc.o
    0x08003cdc   0x08003cdc   0x000000bc   Code   RO         4837    i.HAL_SPI_Init      stm32f4xx_hal_spi.o
    0x08003d98   0x08003d98   0x00000100   Code   RO          688    i.HAL_SPI_MspInit   spi.o
    0x08003e98   0x08003e98   0x000001ee   Code   RO         4846    i.HAL_SPI_TransmitReceive  stm32f4xx_hal_spi.o
    0x08004086   0x08004086   0x00000002   Code   RO         2147    i.HAL_TIMEx_BreakCallback  stm32f4xx_hal_tim_ex.o
    0x08004088   0x08004088   0x00000002   Code   RO         2148    i.HAL_TIMEx_CommutCallback  stm32f4xx_hal_tim_ex.o
    0x0800408a   0x0800408a   0x00000002   PAD
    0x0800408c   0x0800408c   0x00000090   Code   RO         2166    i.HAL_TIMEx_MasterConfigSynchronization  stm32f4xx_hal_tim_ex.o
    0x0800411c   0x0800411c   0x0000005a   Code   RO         1443    i.HAL_TIM_Base_Init  stm32f4xx_hal_tim.o
    0x08004176   0x08004176   0x00000002   PAD
    0x08004178   0x08004178   0x00000060   Code   RO          730    i.HAL_TIM_Base_MspInit  tim.o
    0x080041d8   0x080041d8   0x00000078   Code   RO         1446    i.HAL_TIM_Base_Start  stm32f4xx_hal_tim.o
    0x08004250   0x08004250   0x00000080   Code   RO         1448    i.HAL_TIM_Base_Start_IT  stm32f4xx_hal_tim.o
    0x080042d0   0x080042d0   0x000000dc   Code   RO         1452    i.HAL_TIM_ConfigClockSource  stm32f4xx_hal_tim.o
    0x080043ac   0x080043ac   0x00000002   Code   RO         1477    i.HAL_TIM_IC_CaptureCallback  stm32f4xx_hal_tim.o
    0x080043ae   0x080043ae   0x00000130   Code   RO         1491    i.HAL_TIM_IRQHandler  stm32f4xx_hal_tim.o
    0x080044de   0x080044de   0x00000002   PAD
    0x080044e0   0x080044e0   0x000000b4   Code   RO          731    i.HAL_TIM_MspPostInit  tim.o
    0x08004594   0x08004594   0x00000002   Code   RO         1494    i.HAL_TIM_OC_DelayElapsedCallback  stm32f4xx_hal_tim.o
    0x08004596   0x08004596   0x000000cc   Code   RO         1515    i.HAL_TIM_PWM_ConfigChannel  stm32f4xx_hal_tim.o
    0x08004662   0x08004662   0x0000005a   Code   RO         1518    i.HAL_TIM_PWM_Init  stm32f4xx_hal_tim.o
    0x080046bc   0x080046bc   0x00000002   Code   RO         1520    i.HAL_TIM_PWM_MspInit  stm32f4xx_hal_tim.o
    0x080046be   0x080046be   0x00000002   Code   RO         1521    i.HAL_TIM_PWM_PulseFinishedCallback  stm32f4xx_hal_tim.o
    0x080046c0   0x080046c0   0x000000c8   Code   RO         1523    i.HAL_TIM_PWM_Start  stm32f4xx_hal_tim.o
    0x08004788   0x08004788   0x0000000e   Code   RO           14    i.HAL_TIM_PeriodElapsedCallback  main.o
    0x08004796   0x08004796   0x00000002   Code   RO         1534    i.HAL_TIM_TriggerCallback  stm32f4xx_hal_tim.o
    0x08004798   0x08004798   0x00000064   Code   RO         5178    i.HAL_UART_Init     stm32f4xx_hal_uart.o
    0x080047fc   0x080047fc   0x000000b4   Code   RO          790    i.HAL_UART_MspInit  usart.o
    0x080048b0   0x080048b0   0x000000fc   Code   RO         6708    i.H_K_R_Adjustment  kalman_filter.o
    0x080049ac   0x080049ac   0x00000002   Code   RO          844    i.HardFault_Handler  stm32f4xx_it.o
    0x080049ae   0x080049ae   0x00000002   PAD
    0x080049b0   0x080049b0   0x00000244   Code   RO         6104    i.IMU_Param_Correction  ins_task.o
    0x08004bf4   0x08004bf4   0x00000158   Code   RO         6367    i.IMU_QuaternionEKF_F_Linearization_P_Fading  quaternionekf.o
    0x08004d4c   0x08004d4c   0x000000dc   Code   RO         6368    i.IMU_QuaternionEKF_Init  quaternionekf.o
    0x08004e28   0x08004e28   0x00000038   Code   RO         6369    i.IMU_QuaternionEKF_Observe  quaternionekf.o
    0x08004e60   0x08004e60   0x000000c4   Code   RO         6370    i.IMU_QuaternionEKF_SetH  quaternionekf.o
    0x08004f24   0x08004f24   0x00000414   Code   RO         6371    i.IMU_QuaternionEKF_Update  quaternionekf.o
    0x08005338   0x08005338   0x000003b8   Code   RO         6372    i.IMU_QuaternionEKF_xhatUpdate  quaternionekf.o
    0x080056f0   0x080056f0   0x00000060   Code   RO         6105    i.IMU_Temperature_Ctrl  ins_task.o
    0x08005750   0x08005750   0x000000b8   Code   RO         6106    i.INS_Init          ins_task.o
    0x08005808   0x08005808   0x000001b4   Code   RO         6107    i.INS_Task          ins_task.o
    0x080059bc   0x080059bc   0x00000038   Code   RO         1091    i.IntToUnicode      usbd_desc.o
    0x080059f4   0x080059f4   0x000003e8   Code   RO         6709    i.Kalman_Filter_Init  kalman_filter.o
    0x08005ddc   0x08005ddc   0x00000048   Code   RO         6710    i.Kalman_Filter_Measure  kalman_filter.o
    0x08005e24   0x08005e24   0x0000006a   Code   RO         6711    i.Kalman_Filter_P_Update  kalman_filter.o
    0x08005e8e   0x08005e8e   0x0000006c   Code   RO         6712    i.Kalman_Filter_PminusUpdate  kalman_filter.o
    0x08005efa   0x08005efa   0x000000cc   Code   RO         6713    i.Kalman_Filter_SetK  kalman_filter.o
    0x08005fc6   0x08005fc6   0x00000002   PAD
    0x08005fc8   0x08005fc8   0x000000e8   Code   RO         6714    i.Kalman_Filter_Update  kalman_filter.o
    0x080060b0   0x080060b0   0x00000074   Code   RO         6715    i.Kalman_Filter_xhatMinusUpdate  kalman_filter.o
    0x08006124   0x08006124   0x00000084   Code   RO         6716    i.Kalman_Filter_xhatUpdate  kalman_filter.o
    0x080061a8   0x080061a8   0x00000048   Code   RO          565    i.MX_CAN1_Init      can.o
    0x080061f0   0x080061f0   0x00000048   Code   RO          566    i.MX_CAN2_Init      can.o
    0x08006238   0x08006238   0x0000005c   Code   RO          612    i.MX_DMA_Init       dma.o
    0x08006294   0x08006294   0x00000054   Code   RO          436    i.MX_FREERTOS_Init  freertos.o
    0x080062e8   0x080062e8   0x00000174   Code   RO          298    i.MX_GPIO_Init      gpio.o
    0x0800645c   0x0800645c   0x00000040   Code   RO          641    i.MX_I2C2_Init      i2c.o
    0x0800649c   0x0800649c   0x00000040   Code   RO          642    i.MX_I2C3_Init      i2c.o
    0x080064dc   0x080064dc   0x00000048   Code   RO          689    i.MX_SPI1_Init      spi.o
    0x08006524   0x08006524   0x00000064   Code   RO          732    i.MX_TIM10_Init     tim.o
    0x08006588   0x08006588   0x00000098   Code   RO          733    i.MX_TIM4_Init      tim.o
    0x08006620   0x08006620   0x000000b8   Code   RO          734    i.MX_TIM5_Init      tim.o
    0x080066d8   0x080066d8   0x00000040   Code   RO          791    i.MX_USART3_UART_Init  usart.o
    0x08006718   0x08006718   0x00000054   Code   RO         1030    i.MX_USB_DEVICE_Init  usb_device.o
    0x0800676c   0x0800676c   0x00000078   Code   RO         6442    i.Matrix_multiply   user_lib.o
    0x080067e4   0x080067e4   0x00000002   Code   RO          845    i.MemManage_Handler  stm32f4xx_it.o
    0x080067e6   0x080067e6   0x00000002   Code   RO          846    i.NMI_Handler       stm32f4xx_it.o
    0x080067e8   0x080067e8   0x000001f4   Code   RO         6443    i.OLS_Derivative    user_lib.o
    0x080069dc   0x080069dc   0x00000042   Code   RO         6444    i.OLS_Init          user_lib.o
    0x08006a1e   0x08006a1e   0x00000002   PAD
    0x08006a20   0x08006a20   0x0000000c   Code   RO          847    i.OTG_FS_IRQHandler  stm32f4xx_it.o
    0x08006a2c   0x08006a2c   0x000000cc   Code   RO         2449    i.PCD_EP_OutXfrComplete_int  stm32f4xx_hal_pcd.o
    0x08006af8   0x08006af8   0x000000a2   Code   RO         2450    i.PCD_WriteEmptyTxFifo  stm32f4xx_hal_pcd.o
    0x08006b9a   0x08006b9a   0x00000002   PAD
    0x08006b9c   0x08006b9c   0x0000044c   Code   RO         6609    i.PID_Calculate     controller.o
    0x08006fe8   0x08006fe8   0x0000006e   Code   RO         6610    i.PID_Init          controller.o
    0x08007056   0x08007056   0x00000002   PAD
    0x08007058   0x08007058   0x00000060   Code   RO         8024    i.RC_Init           remote.o
    0x080070b8   0x080070b8   0x0000006c   Code   RO         4875    i.SPI_EndRxTxTransaction  stm32f4xx_hal_spi.o
    0x08007124   0x08007124   0x000000b8   Code   RO         4880    i.SPI_WaitFlagStateUntilTimeout  stm32f4xx_hal_spi.o
    0x080071dc   0x080071dc   0x0000000a   Code   RO         5708    i.SWAPBYTE          usbd_ctlreq.o
    0x080071e6   0x080071e6   0x00000010   Code   RO          437    i.StartChassisTask  freertos.o
    0x080071f6   0x080071f6   0x0000000c   Code   RO          438    i.StartDefaultTask  freertos.o
    0x08007202   0x08007202   0x00000010   Code   RO          439    i.StartINSTask      freertos.o
    0x08007212   0x08007212   0x00000002   PAD
    0x08007214   0x08007214   0x0000002c   Code   RO         9359    i.SysTick_Handler   port.o
    0x08007240   0x08007240   0x00000094   Code   RO           15    i.SystemClock_Config  main.o
    0x080072d4   0x080072d4   0x00000010   Code   RO         5512    i.SystemInit        system_stm32f4xx.o
    0x080072e4   0x080072e4   0x0000000c   Code   RO          848    i.TIM2_IRQHandler   stm32f4xx_it.o
    0x080072f0   0x080072f0   0x000000d8   Code   RO         1536    i.TIM_Base_SetConfig  stm32f4xx_hal_tim.o
    0x080073c8   0x080073c8   0x0000001a   Code   RO         1537    i.TIM_CCxChannelCmd  stm32f4xx_hal_tim.o
    0x080073e2   0x080073e2   0x00000014   Code   RO         1547    i.TIM_ETR_SetConfig  stm32f4xx_hal_tim.o
    0x080073f6   0x080073f6   0x00000010   Code   RO         1548    i.TIM_ITRx_SetConfig  stm32f4xx_hal_tim.o
    0x08007406   0x08007406   0x00000002   PAD
    0x08007408   0x08007408   0x00000060   Code   RO         1549    i.TIM_OC1_SetConfig  stm32f4xx_hal_tim.o
    0x08007468   0x08007468   0x0000006c   Code   RO         1550    i.TIM_OC2_SetConfig  stm32f4xx_hal_tim.o
    0x080074d4   0x080074d4   0x00000068   Code   RO         1551    i.TIM_OC3_SetConfig  stm32f4xx_hal_tim.o
    0x0800753c   0x0800753c   0x00000050   Code   RO         1552    i.TIM_OC4_SetConfig  stm32f4xx_hal_tim.o
    0x0800758c   0x0800758c   0x0000002a   Code   RO         7128    i.TIM_Set_PWM       bsp_pwm.o
    0x080075b6   0x080075b6   0x00000022   Code   RO         1554    i.TIM_TI1_ConfigInputStage  stm32f4xx_hal_tim.o
    0x080075d8   0x080075d8   0x00000024   Code   RO         1556    i.TIM_TI2_ConfigInputStage  stm32f4xx_hal_tim.o
    0x080075fc   0x080075fc   0x0000010c   Code   RO         5204    i.UART_SetConfig    stm32f4xx_hal_uart.o
    0x08007708   0x08007708   0x000000b4   Code   RO         8029    i.USART3_IRQHandler  remote.o
    0x080077bc   0x080077bc   0x00000076   Code   RO         5841    i.USBD_CDC_DataIn   usbd_cdc.o
    0x08007832   0x08007832   0x0000003c   Code   RO         5842    i.USBD_CDC_DataOut  usbd_cdc.o
    0x0800786e   0x0800786e   0x00000002   PAD
    0x08007870   0x08007870   0x00000090   Code   RO         5843    i.USBD_CDC_DeInit   usbd_cdc.o
    0x08007900   0x08007900   0x00000036   Code   RO         5844    i.USBD_CDC_EP0_RxReady  usbd_cdc.o
    0x08007936   0x08007936   0x00000002   PAD
    0x08007938   0x08007938   0x0000000c   Code   RO         5845    i.USBD_CDC_GetDeviceQualifierDescriptor  usbd_cdc.o
    0x08007944   0x08007944   0x0000003c   Code   RO         5846    i.USBD_CDC_GetFSCfgDesc  usbd_cdc.o
    0x08007980   0x08007980   0x00000040   Code   RO         5847    i.USBD_CDC_GetHSCfgDesc  usbd_cdc.o
    0x080079c0   0x080079c0   0x0000003c   Code   RO         5848    i.USBD_CDC_GetOtherSpeedCfgDesc  usbd_cdc.o
    0x080079fc   0x080079fc   0x00000118   Code   RO         5849    i.USBD_CDC_Init     usbd_cdc.o
    0x08007b14   0x08007b14   0x00000038   Code   RO         5850    i.USBD_CDC_ReceivePacket  usbd_cdc.o
    0x08007b4c   0x08007b4c   0x00000016   Code   RO         5851    i.USBD_CDC_RegisterInterface  usbd_cdc.o
    0x08007b62   0x08007b62   0x0000001a   Code   RO         5852    i.USBD_CDC_SetRxBuffer  usbd_cdc.o
    0x08007b7c   0x08007b7c   0x0000001e   Code   RO         5853    i.USBD_CDC_SetTxBuffer  usbd_cdc.o
    0x08007b9a   0x08007b9a   0x000000d4   Code   RO         5854    i.USBD_CDC_Setup    usbd_cdc.o
    0x08007c6e   0x08007c6e   0x00000014   Code   RO         5549    i.USBD_ClrClassConfig  usbd_core.o
    0x08007c82   0x08007c82   0x00000004   Code   RO         5550    i.USBD_CoreFindEP   usbd_core.o
    0x08007c86   0x08007c86   0x00000004   Code   RO         5551    i.USBD_CoreFindIF   usbd_core.o
    0x08007c8a   0x08007c8a   0x00000010   Code   RO         5781    i.USBD_CtlContinueRx  usbd_ioreq.o
    0x08007c9a   0x08007c9a   0x00000010   Code   RO         5782    i.USBD_CtlContinueSendData  usbd_ioreq.o
    0x08007caa   0x08007caa   0x00000016   Code   RO         5709    i.USBD_CtlError     usbd_ctlreq.o
    0x08007cc0   0x08007cc0   0x0000001e   Code   RO         5783    i.USBD_CtlPrepareRx  usbd_ioreq.o
    0x08007cde   0x08007cde   0x00000016   Code   RO         5784    i.USBD_CtlReceiveStatus  usbd_ioreq.o
    0x08007cf4   0x08007cf4   0x0000001a   Code   RO         5785    i.USBD_CtlSendData  usbd_ioreq.o
    0x08007d0e   0x08007d0e   0x00000016   Code   RO         5786    i.USBD_CtlSendStatus  usbd_ioreq.o
    0x08007d24   0x08007d24   0x00000020   Code   RO         1092    i.USBD_FS_ConfigStrDescriptor  usbd_desc.o
    0x08007d44   0x08007d44   0x0000000c   Code   RO         1093    i.USBD_FS_DeviceDescriptor  usbd_desc.o
    0x08007d50   0x08007d50   0x00000024   Code   RO         1094    i.USBD_FS_InterfaceStrDescriptor  usbd_desc.o
    0x08007d74   0x08007d74   0x0000000c   Code   RO         1095    i.USBD_FS_LangIDStrDescriptor  usbd_desc.o
    0x08007d80   0x08007d80   0x00000028   Code   RO         1096    i.USBD_FS_ManufacturerStrDescriptor  usbd_desc.o
    0x08007da8   0x08007da8   0x0000002c   Code   RO         1097    i.USBD_FS_ProductStrDescriptor  usbd_desc.o
    0x08007dd4   0x08007dd4   0x00000038   Code   RO         1098    i.USBD_FS_SerialStrDescriptor  usbd_desc.o
    0x08007e0c   0x08007e0c   0x000000e6   Code   RO         5710    i.USBD_GetDescriptor  usbd_ctlreq.o
    0x08007ef2   0x08007ef2   0x0000003a   Code   RO         5553    i.USBD_GetEpDesc    usbd_core.o
    0x08007f2c   0x08007f2c   0x0000000e   Code   RO         5554    i.USBD_GetNextDesc  usbd_core.o
    0x08007f3a   0x08007f3a   0x00000048   Code   RO         5711    i.USBD_GetString    usbd_ctlreq.o
    0x08007f82   0x08007f82   0x00000018   Code   RO         1247    i.USBD_Get_USB_Status  usbd_conf.o
    0x08007f9a   0x08007f9a   0x00000026   Code   RO         5555    i.USBD_Init         usbd_core.o
    0x08007fc0   0x08007fc0   0x00000012   Code   RO         1248    i.USBD_LL_ClearStallEP  usbd_conf.o
    0x08007fd2   0x08007fd2   0x00000012   Code   RO         1249    i.USBD_LL_CloseEP   usbd_conf.o
    0x08007fe4   0x08007fe4   0x000000b6   Code   RO         5556    i.USBD_LL_DataInStage  usbd_core.o
    0x0800809a   0x0800809a   0x0000008e   Code   RO         5557    i.USBD_LL_DataOutStage  usbd_core.o
    0x08008128   0x08008128   0x00000004   Code   RO         5558    i.USBD_LL_DevConnected  usbd_core.o
    0x0800812c   0x0800812c   0x0000001e   Code   RO         5559    i.USBD_LL_DevDisconnected  usbd_core.o
    0x0800814a   0x0800814a   0x00000008   Code   RO         1253    i.USBD_LL_GetRxDataSize  usbd_conf.o
    0x08008152   0x08008152   0x00000002   PAD
    0x08008154   0x08008154   0x00000060   Code   RO         1254    i.USBD_LL_Init      usbd_conf.o
    0x080081b4   0x080081b4   0x0000001e   Code   RO         1255    i.USBD_LL_IsStallEP  usbd_conf.o
    0x080081d2   0x080081d2   0x00000028   Code   RO         5560    i.USBD_LL_IsoINIncomplete  usbd_core.o
    0x080081fa   0x080081fa   0x00000028   Code   RO         5561    i.USBD_LL_IsoOUTIncomplete  usbd_core.o
    0x08008222   0x08008222   0x00000018   Code   RO         1256    i.USBD_LL_OpenEP    usbd_conf.o
    0x0800823a   0x0800823a   0x00000012   Code   RO         1257    i.USBD_LL_PrepareReceive  usbd_conf.o
    0x0800824c   0x0800824c   0x0000005c   Code   RO         5562    i.USBD_LL_Reset     usbd_core.o
    0x080082a8   0x080082a8   0x00000014   Code   RO         5563    i.USBD_LL_Resume    usbd_core.o
    0x080082bc   0x080082bc   0x0000001a   Code   RO         5564    i.USBD_LL_SOF       usbd_core.o
    0x080082d6   0x080082d6   0x00000006   Code   RO         5565    i.USBD_LL_SetSpeed  usbd_core.o
    0x080082dc   0x080082dc   0x00000012   Code   RO         1258    i.USBD_LL_SetUSBAddress  usbd_conf.o
    0x080082ee   0x080082ee   0x00000060   Code   RO         5566    i.USBD_LL_SetupStage  usbd_core.o
    0x0800834e   0x0800834e   0x00000012   Code   RO         1259    i.USBD_LL_StallEP   usbd_conf.o
    0x08008360   0x08008360   0x00000012   Code   RO         1260    i.USBD_LL_Start     usbd_conf.o
    0x08008372   0x08008372   0x0000001a   Code   RO         5567    i.USBD_LL_Suspend   usbd_core.o
    0x0800838c   0x0800838c   0x00000012   Code   RO         1262    i.USBD_LL_Transmit  usbd_conf.o
    0x0800839e   0x0800839e   0x0000002c   Code   RO         5712    i.USBD_ParseSetupRequest  usbd_ctlreq.o
    0x080083ca   0x080083ca   0x0000003a   Code   RO         5568    i.USBD_RegisterClass  usbd_core.o
    0x08008404   0x08008404   0x00000014   Code   RO         5570    i.USBD_SetClassConfig  usbd_core.o
    0x08008418   0x08008418   0x000000b8   Code   RO         5713    i.USBD_SetConfig    usbd_ctlreq.o
    0x080084d0   0x080084d0   0x00000004   Code   RO         5571    i.USBD_Start        usbd_core.o
    0x080084d4   0x080084d4   0x0000012c   Code   RO         5714    i.USBD_StdDevReq    usbd_ctlreq.o
    0x08008600   0x08008600   0x00000160   Code   RO         5715    i.USBD_StdEPReq     usbd_ctlreq.o
    0x08008760   0x08008760   0x00000072   Code   RO         5716    i.USBD_StdItfReq    usbd_ctlreq.o
    0x080087d2   0x080087d2   0x00000002   Code   RO         1263    i.USBD_static_free  usbd_conf.o
    0x080087d4   0x080087d4   0x00000008   Code   RO         1264    i.USBD_static_malloc  usbd_conf.o
    0x080087dc   0x080087dc   0x00000080   Code   RO         2695    i.USB_ActivateEndpoint  stm32f4xx_ll_usb.o
    0x0800885c   0x0800885c   0x0000001c   Code   RO         2697    i.USB_ActivateSetup  stm32f4xx_ll_usb.o
    0x08008878   0x08008878   0x00000084   Code   RO         2699    i.USB_CoreInit      stm32f4xx_ll_usb.o
    0x080088fc   0x080088fc   0x0000003c   Code   RO         2700    i.USB_CoreReset     stm32f4xx_ll_usb.o
    0x08008938   0x08008938   0x000000cc   Code   RO         2703    i.USB_DeactivateEndpoint  stm32f4xx_ll_usb.o
    0x08008a04   0x08008a04   0x0000001c   Code   RO         2704    i.USB_DevConnect    stm32f4xx_ll_usb.o
    0x08008a20   0x08008a20   0x0000001c   Code   RO         2705    i.USB_DevDisconnect  stm32f4xx_ll_usb.o
    0x08008a3c   0x08008a3c   0x0000017c   Code   RO         2706    i.USB_DevInit       stm32f4xx_ll_usb.o
    0x08008bb8   0x08008bb8   0x0000000c   Code   RO         2707    i.USB_DisableGlobalInt  stm32f4xx_ll_usb.o
    0x08008bc4   0x08008bc4   0x00000058   Code   RO         2710    i.USB_EP0_OutStart  stm32f4xx_ll_usb.o
    0x08008c1c   0x08008c1c   0x00000058   Code   RO         2711    i.USB_EPClearStall  stm32f4xx_ll_usb.o
    0x08008c74   0x08008c74   0x00000058   Code   RO         2712    i.USB_EPSetStall    stm32f4xx_ll_usb.o
    0x08008ccc   0x08008ccc   0x00000230   Code   RO         2713    i.USB_EPStartXfer   stm32f4xx_ll_usb.o
    0x08008efc   0x08008efc   0x0000009e   Code   RO         2714    i.USB_EPStopXfer    stm32f4xx_ll_usb.o
    0x08008f9a   0x08008f9a   0x0000000c   Code   RO         2715    i.USB_EnableGlobalInt  stm32f4xx_ll_usb.o
    0x08008fa6   0x08008fa6   0x00000038   Code   RO         2716    i.USB_FlushRxFifo   stm32f4xx_ll_usb.o
    0x08008fde   0x08008fde   0x0000003c   Code   RO         2717    i.USB_FlushTxFifo   stm32f4xx_ll_usb.o
    0x0800901a   0x0800901a   0x0000001a   Code   RO         2719    i.USB_GetDevSpeed   stm32f4xx_ll_usb.o
    0x08009034   0x08009034   0x00000008   Code   RO         2721    i.USB_GetMode       stm32f4xx_ll_usb.o
    0x0800903c   0x0800903c   0x0000000e   Code   RO         2729    i.USB_ReadDevAllInEpInterrupt  stm32f4xx_ll_usb.o
    0x0800904a   0x0800904a   0x0000000e   Code   RO         2730    i.USB_ReadDevAllOutEpInterrupt  stm32f4xx_ll_usb.o
    0x08009058   0x08009058   0x00000024   Code   RO         2731    i.USB_ReadDevInEPInterrupt  stm32f4xx_ll_usb.o
    0x0800907c   0x0800907c   0x00000010   Code   RO         2732    i.USB_ReadDevOutEPInterrupt  stm32f4xx_ll_usb.o
    0x0800908c   0x0800908c   0x00000008   Code   RO         2733    i.USB_ReadInterrupts  stm32f4xx_ll_usb.o
    0x08009094   0x08009094   0x0000003e   Code   RO         2734    i.USB_ReadPacket    stm32f4xx_ll_usb.o
    0x080090d2   0x080090d2   0x0000005c   Code   RO         2736    i.USB_SetCurrentMode  stm32f4xx_ll_usb.o
    0x0800912e   0x0800912e   0x00000022   Code   RO         2737    i.USB_SetDevAddress  stm32f4xx_ll_usb.o
    0x08009150   0x08009150   0x000000e8   Code   RO         2739    i.USB_SetTurnaroundTime  stm32f4xx_ll_usb.o
    0x08009238   0x08009238   0x00000028   Code   RO         2742    i.USB_WritePacket   stm32f4xx_ll_usb.o
    0x08009260   0x08009260   0x00000002   Code   RO          849    i.UsageFault_Handler  stm32f4xx_it.o
    0x08009262   0x08009262   0x00000002   PAD
    0x08009264   0x08009264   0x00000068   Code   RO         7378    i._DoInit           essemi_swd_print.o
    0x080092cc   0x080092cc   0x00000026   Code   RO         9949    i.__ARM_fpclassifyf  m_wm.l(fpclassifyf.o)
    0x080092f2   0x080092f2   0x00000020   Code   RO         3757    i.__NVIC_SetPriority  stm32f4xx_hal_cortex.o
    0x08009312   0x08009312   0x00000002   PAD
    0x08009314   0x08009314   0x00000118   Code   RO         9743    i.__hardfp_acosf    m_wm.l(acosf.o)
    0x0800942c   0x0800942c   0x0000012c   Code   RO         9755    i.__hardfp_asinf    m_wm.l(asinf.o)
    0x08009558   0x08009558   0x00000250   Code   RO         9767    i.__hardfp_atan2f   m_wm.l(atan2f.o)
    0x080097a8   0x080097a8   0x00000150   Code   RO         9779    i.__hardfp_cosf     m_wm.l(cosf.o)
    0x080098f8   0x080098f8   0x00000664   Code   RO         9791    i.__hardfp_powf     m_wm.l(powf.o)
    0x08009f5c   0x08009f5c   0x00000190   Code   RO         9805    i.__hardfp_sinf     m_wm.l(sinf.o)
    0x0800a0ec   0x0800a0ec   0x0000003a   Code   RO         9829    i.__hardfp_sqrtf    m_wm.l(sqrtf.o)
    0x0800a126   0x0800a126   0x00000002   PAD
    0x0800a128   0x0800a128   0x00000014   Code   RO         9951    i.__mathlib_flt_divzero  m_wm.l(funder.o)
    0x0800a13c   0x0800a13c   0x00000006   Code   RO         9952    i.__mathlib_flt_infnan  m_wm.l(funder.o)
    0x0800a142   0x0800a142   0x00000006   Code   RO         9953    i.__mathlib_flt_infnan2  m_wm.l(funder.o)
    0x0800a148   0x0800a148   0x00000010   Code   RO         9954    i.__mathlib_flt_invalid  m_wm.l(funder.o)
    0x0800a158   0x0800a158   0x00000010   Code   RO         9955    i.__mathlib_flt_overflow  m_wm.l(funder.o)
    0x0800a168   0x0800a168   0x00000010   Code   RO         9957    i.__mathlib_flt_underflow  m_wm.l(funder.o)
    0x0800a178   0x0800a178   0x00000154   Code   RO         9965    i.__mathlib_rredf2  m_wm.l(rredf.o)
    0x0800a2cc   0x0800a2cc   0x0000002a   Code   RO         6314    i.abs_limit         pid.o
    0x0800a2f6   0x0800a2f6   0x00000002   PAD
    0x0800a2f8   0x0800a2f8   0x00000128   Code   RO         7162    i.bmi088_accel_init  bmi088driver.o
    0x0800a420   0x0800a420   0x000000fc   Code   RO         7163    i.bmi088_gyro_init  bmi088driver.o
    0x0800a51c   0x0800a51c   0x0000009c   Code   RO         6267    i.cal_leg_theta     vmc.o
    0x0800a5b8   0x0800a5b8   0x00000058   Code   RO         6896    i.can_filter_init   bsp_can.o
    0x0800a610   0x0800a610   0x00000088   Code   RO         6241    i.chassis_K_matrix_fitting  lqr.o
    0x0800a698   0x0800a698   0x00000070   Code   RO         5947    i.chassis_disable_task  chassis_task.o
    0x0800a708   0x0800a708   0x00000088   Code   RO         5948    i.chassis_enable_task  chassis_task.o
    0x0800a790   0x0800a790   0x0000004c   Code   RO         5949    i.chassis_init      chassis_task.o
    0x0800a7dc   0x0800a7dc   0x0000006c   Code   RO         5950    i.chassis_is_balanced  chassis_task.o
    0x0800a848   0x0800a848   0x00000128   Code   RO         5951    i.chassis_pid_init  chassis_task.o
    0x0800a970   0x0800a970   0x00000070   Code   RO         5952    i.chassis_task      chassis_task.o
    0x0800a9e0   0x0800a9e0   0x0000012c   Code   RO         5953    i.chassis_variable_update  chassis_task.o
    0x0800ab0c   0x0800ab0c   0x00000028   Code   RO         6952    i.delay_init        bsp_delay.o
    0x0800ab34   0x0800ab34   0x0000006c   Code   RO         7791    i.dm8009_info_update  dm_8009.o
    0x0800aba0   0x0800aba0   0x0000001c   Code   RO         7792    i.dm8009_init       dm_8009.o
    0x0800abbc   0x0800abbc   0x00000060   Code   RO         7383    i.essemi_swd_configdownbuffer  essemi_swd_print.o
    0x0800ac1c   0x0800ac1c   0x00000060   Code   RO         7384    i.essemi_swd_configupbuffer  essemi_swd_print.o
    0x0800ac7c   0x0800ac7c   0x000000b2   Code   RO         6613    i.f_Changing_Integration_Rate  controller.o
    0x0800ad2e   0x0800ad2e   0x00000002   PAD
    0x0800ad30   0x0800ad30   0x000000ba   Code   RO         6614    i.f_Derivative_On_Measurement  controller.o
    0x0800adea   0x0800adea   0x0000009a   Code   RO         6615    i.f_Integral_Limit  controller.o
    0x0800ae84   0x0800ae84   0x00000020   Code   RO         6449    i.float_constrain   user_lib.o
    0x0800aea4   0x0800aea4   0x00000022   Code   RO         6451    i.float_rounding    user_lib.o
    0x0800aec6   0x0800aec6   0x00000028   Code   RO         7793    i.float_to_uint     dm_8009.o
    0x0800aeee   0x0800aeee   0x00000002   PAD
    0x0800aef0   0x0800aef0   0x000003c4   Code   RO         6268    i.forward_kinematics  vmc.o
    0x0800b2b4   0x0800b2b4   0x000000a8   Code   RO         5954    i.get_IMU_info      chassis_task.o
    0x0800b35c   0x0800b35c   0x00000024   Code   RO         6897    i.get_can_free_mail  bsp_can.o
    0x0800b380   0x0800b380   0x00000008   Code   RO         7869    i.get_joint_motors  joint.o
    0x0800b388   0x0800b388   0x00000008   Code   RO         8031    i.get_rc_ctrl       remote.o
    0x0800b390   0x0800b390   0x00000008   Code   RO         7971    i.get_wheel_motors  wheel.o
    0x0800b398   0x0800b398   0x0000002c   Code   RO         6373    i.invSqrt           quaternionekf.o
    0x0800b3c4   0x0800b3c4   0x000001a0   Code   RO         5955    i.joint_calc        chassis_task.o
    0x0800b564   0x0800b564   0x00000064   Code   RO         7870    i.joint_enable      joint.o
    0x0800b5c8   0x0800b5c8   0x00000030   Code   RO         7871    i.joint_init        joint.o
    0x0800b5f8   0x0800b5f8   0x00000054   Code   RO         7928    i.lk9025_info_update  lk9025.o
    0x0800b64c   0x0800b64c   0x00000028   Code   RO         7929    i.lk9025_init       lk9025.o
    0x0800b674   0x0800b674   0x0000006c   Code   RO         7930    i.lk9025_multi_torque_set  lk9025.o
    0x0800b6e0   0x0800b6e0   0x00000094   Code   RO           16    i.main              main.o
    0x0800b774   0x0800b774   0x0000000c   Code   RO         8924    i.makeFreeRtosPriority  cmsis_os.o
    0x0800b780   0x0800b780   0x00000024   Code   RO         6804    i.moving_average_filter_init  moving_filter.o
    0x0800b7a4   0x0800b7a4   0x0000000e   Code   RO         8926    i.osDelay           cmsis_os.o
    0x0800b7b2   0x0800b7b2   0x0000000a   Code   RO         8929    i.osKernelStart     cmsis_os.o
    0x0800b7bc   0x0800b7bc   0x00000054   Code   RO         8963    i.osThreadCreate    cmsis_os.o
    0x0800b810   0x0800b810   0x00000082   Code   RO         6315    i.pid_calc          pid.o
    0x0800b892   0x0800b892   0x00000002   PAD
    0x0800b894   0x0800b894   0x00000038   Code   RO         6318    i.pid_init          pid.o
    0x0800b8cc   0x0800b8cc   0x00000070   Code   RO         8606    i.prvAddCurrentTaskToDelayedList  tasks.o
    0x0800b93c   0x0800b93c   0x000000d0   Code   RO         8607    i.prvAddNewTaskToReadyList  tasks.o
    0x0800ba0c   0x0800ba0c   0x00000034   Code   RO         8608    i.prvDeleteTCB      tasks.o
    0x0800ba40   0x0800ba40   0x0000004c   Code   RO         9291    i.prvHeapInit       heap_4.o
    0x0800ba8c   0x0800ba8c   0x00000060   Code   RO         8609    i.prvIdleTask       tasks.o
    0x0800baec   0x0800baec   0x00000098   Code   RO         8610    i.prvInitialiseNewTask  tasks.o
    0x0800bb84   0x0800bb84   0x0000004c   Code   RO         9292    i.prvInsertBlockIntoFreeList  heap_4.o
    0x0800bbd0   0x0800bbd0   0x00000020   Code   RO         8611    i.prvResetNextTaskUnblockTime  tasks.o
    0x0800bbf0   0x0800bbf0   0x00000028   Code   RO         9360    i.prvTaskExitError  port.o
    0x0800bc18   0x0800bc18   0x000000dc   Code   RO         9293    i.pvPortMalloc      heap_4.o
    0x0800bcf4   0x0800bcf4   0x0000002c   Code   RO         9361    i.pxPortInitialiseStack  port.o
    0x0800bd20   0x0800bd20   0x00000050   Code   RO         8032    i.remote_cmd        remote.o
    0x0800bd70   0x0800bd70   0x00000010   Code   RO         8033    i.remote_control_init  remote.o
    0x0800bd80   0x0800bd80   0x000000ca   Code   RO         8034    i.sbus_to_rc        remote.o
    0x0800be4a   0x0800be4a   0x00000002   PAD
    0x0800be4c   0x0800be4c   0x000000ac   Code   RO         5956    i.send_torque_task  chassis_task.o
    0x0800bef8   0x0800bef8   0x0000004c   Code   RO         8035    i.set_chassis_mode  remote.o
    0x0800bf44   0x0800bf44   0x000000d4   Code   RO         7794    i.set_dm8009_MIT    dm_8009.o
    0x0800c018   0x0800c018   0x00000028   Code   RO         7796    i.set_dm8009_enable  dm_8009.o
    0x0800c040   0x0800c040   0x000000f4   Code   RO         6828    i.speed_calc        vx_kalman_filter.o
    0x0800c134   0x0800c134   0x0000003e   Code   RO         9831    i.sqrtf             m_wm.l(sqrtf.o)
    0x0800c172   0x0800c172   0x00000028   Code   RO         7798    i.uint_to_float     dm_8009.o
    0x0800c19a   0x0800c19a   0x00000040   Code   RO         6805    i.update_moving_average_filter  moving_filter.o
    0x0800c1da   0x0800c1da   0x00000026   Code   RO         8251    i.uxListRemove      list.o
    0x0800c200   0x0800c200   0x00000014   Code   RO          440    i.vApplicationGetIdleTaskMemory  freertos.o
    0x0800c214   0x0800c214   0x00000016   Code   RO         8252    i.vListInitialise   list.o
    0x0800c22a   0x0800c22a   0x00000006   Code   RO         8253    i.vListInitialiseItem  list.o
    0x0800c230   0x0800c230   0x00000030   Code   RO         8254    i.vListInsert       list.o
    0x0800c260   0x0800c260   0x00000018   Code   RO         8255    i.vListInsertEnd    list.o
    0x0800c278   0x0800c278   0x00000040   Code   RO         9363    i.vPortEnterCritical  port.o
    0x0800c2b8   0x0800c2b8   0x00000028   Code   RO         9364    i.vPortExitCritical  port.o
    0x0800c2e0   0x0800c2e0   0x00000064   Code   RO         9294    i.vPortFree         heap_4.o
    0x0800c344   0x0800c344   0x00000024   Code   RO         9365    i.vPortSetupTimerInterrupt  port.o
    0x0800c368   0x0800c368   0x0000004c   Code   RO         8620    i.vTaskDelay        tasks.o
    0x0800c3b4   0x0800c3b4   0x0000006c   Code   RO         8633    i.vTaskStartScheduler  tasks.o
    0x0800c420   0x0800c420   0x00000010   Code   RO         8635    i.vTaskSuspendAll   tasks.o
    0x0800c430   0x0800c430   0x0000005c   Code   RO         8636    i.vTaskSwitchContext  tasks.o
    0x0800c48c   0x0800c48c   0x00000028   Code   RO         6269    i.vmc_calc          vmc.o
    0x0800c4b4   0x0800c4b4   0x00000154   Code   RO         6270    i.vmc_forward_dynamics  vmc.o
    0x0800c608   0x0800c608   0x00000058   Code   RO         6271    i.vmc_phi_update    vmc.o
    0x0800c660   0x0800c660   0x00000170   Code   RO         5957    i.wheel_calc        chassis_task.o
    0x0800c7d0   0x0800c7d0   0x00000020   Code   RO         7972    i.wheel_init        wheel.o
    0x0800c7f0   0x0800c7f0   0x000000f4   Code   RO         9367    i.xPortStartScheduler  port.o
    0x0800c8e4   0x0800c8e4   0x0000005a   Code   RO         8639    i.xTaskCreate       tasks.o
    0x0800c93e   0x0800c93e   0x00000056   Code   RO         8640    i.xTaskCreateStatic  tasks.o
    0x0800c994   0x0800c994   0x0000000c   Code   RO         8645    i.xTaskGetTickCount  tasks.o
    0x0800c9a0   0x0800c9a0   0x000000cc   Code   RO         8647    i.xTaskIncrementTick  tasks.o
    0x0800ca6c   0x0800ca6c   0x000000c4   Code   RO         8653    i.xTaskResumeAll    tasks.o
    0x0800cb30   0x0800cb30   0x00000050   Code   RO         6829    i.xvEstimateKF_Init  vx_kalman_filter.o
    0x0800cb80   0x0800cb80   0x00000012   Code   RO         9717    x$fpl$fadd          fz_wm.l(faddsub_clz.o)
    0x0800cb92   0x0800cb92   0x00000054   Code   RO         9723    x$fpl$fcmp          fz_wm.l(fcmp.o)
    0x0800cbe6   0x0800cbe6   0x00000018   Code   RO        10012    x$fpl$fcmpinf       fz_wm.l(fcmpi.o)
    0x0800cbfe   0x0800cbfe   0x00000012   Code   RO         9725    x$fpl$fdiv          fz_wm.l(fdiv.o)
    0x0800cc10   0x0800cc10   0x00000030   Code   RO         9936    x$fpl$feqf          fz_wm.l(feqf.o)
    0x0800cc40   0x0800cc40   0x0000000e   Code   RO         9729    x$fpl$ffix          fz_wm.l(ffix.o)
    0x0800cc4e   0x0800cc4e   0x0000000e   Code   RO         9733    x$fpl$ffixu         fz_wm.l(ffixu.o)
    0x0800cc5c   0x0800cc5c   0x0000000e   Code   RO         9738    x$fpl$fflt          fz_wm.l(fflt_clz.o)
    0x0800cc6a   0x0800cc6a   0x0000000e   Code   RO         9737    x$fpl$ffltu         fz_wm.l(fflt_clz.o)
    0x0800cc78   0x0800cc78   0x00000030   Code   RO         9938    x$fpl$fgeqf         fz_wm.l(fgeqf.o)
    0x0800cca8   0x0800cca8   0x00000030   Code   RO         9940    x$fpl$fleqf         fz_wm.l(fleqf.o)
    0x0800ccd8   0x0800ccd8   0x00000012   Code   RO         9741    x$fpl$fmul          fz_wm.l(fmul.o)
    0x0800ccea   0x0800ccea   0x0000008c   Code   RO         9942    x$fpl$fnaninf       fz_wm.l(fnaninf.o)
    0x0800cd76   0x0800cd76   0x0000000a   Code   RO        10014    x$fpl$fpinit        fz_wm.l(fpinit.o)
    0x0800cd80   0x0800cd80   0x00000012   Code   RO         9718    x$fpl$fsub          fz_wm.l(faddsub_clz.o)
    0x0800cd92   0x0800cd92   0x00000000   Code   RO         9948    x$fpl$usenofp       fz_wm.l(usenofp.o)
    0x0800cd92   0x0800cd92   0x00000002   PAD
    0x0800cd94   0x0800cd94   0x00000054   Data   RO          442    .constdata          freertos.o
    0x0800cde8   0x0800cde8   0x00000008   Data   RO         3473    .constdata          stm32f4xx_hal_dma.o
    0x0800cdf0   0x0800cdf0   0x00000010   Data   RO         5513    .constdata          system_stm32f4xx.o
    0x0800ce00   0x0800ce00   0x00000008   Data   RO         5514    .constdata          system_stm32f4xx.o
    0x0800ce08   0x0800ce08   0x00000030   Data   RO         6111    .constdata          ins_task.o
    0x0800ce38   0x0800ce38   0x00000090   Data   RO         6375    .constdata          quaternionekf.o
    0x0800cec8   0x0800cec8   0x00000010   Data   RO         6831    .constdata          vx_kalman_filter.o
    0x0800ced8   0x0800ced8   0x00000140   Data   RO         9794    .constdata          m_wm.l(powf.o)
    0x0800d018   0x0800d018   0x00000020   Data   RO         9966    .constdata          m_wm.l(rredf.o)
    0x0800d038   0x0800d038   0x00000020   Data   RO          443    .conststring        freertos.o
    0x0800d058   0x0800d058   0x00000804   Data   RO         9601    .rodata.sinTable_f32  arm_cortexM4l_math.lib(arm_common_tables.o)
    0x0800d85c   0x0800d85c   0x00000020   Data   RO        10103    Region$$Table       anon$$obj.o


    Execution Region RW_IRAM1 (Exec base: 0x20000000, Load base: 0x0800d87c, Size: 0x00009718, Max: 0x0001c000, ABSOLUTE, COMPRESSED[0x00000218])

    Exec Addr    Load Addr    Size         Type   Attr      Idx    E Section Name        Object

    0x20000000   COMPRESSED   0x0000000c   Data   RW          444    .data               freertos.o
    0x2000000c   COMPRESSED   0x00000004   Data   RW          568    .data               can.o
    0x20000010   COMPRESSED   0x0000001c   Data   RW         1100    .data               usbd_desc.o
    0x2000002c   COMPRESSED   0x00000032   Data   RW         1101    .data               usbd_desc.o
    0x2000005e   COMPRESSED   0x00000002   PAD
    0x20000060   COMPRESSED   0x00000014   Data   RW         1184    .data               usbd_cdc_if.o
    0x20000074   COMPRESSED   0x0000000c   Data   RW         3906    .data               stm32f4xx_hal.o
    0x20000080   COMPRESSED   0x00000004   Data   RW         5515    .data               system_stm32f4xx.o
    0x20000084   COMPRESSED   0x00000001   Data   RW         5717    .data               usbd_ctlreq.o
    0x20000085   COMPRESSED   0x00000003   PAD
    0x20000088   COMPRESSED   0x00000053   Data   RW         5856    .data               usbd_cdc.o
    0x200000db   COMPRESSED   0x00000001   PAD
    0x200000dc   COMPRESSED   0x00000038   Data   RW         5857    .data               usbd_cdc.o
    0x20000114   COMPRESSED   0x00000044   Data   RW         6112    .data               ins_task.o
    0x20000158   COMPRESSED   0x00000060   Data   RW         6246    .data               lqr.o
    0x200001b8   COMPRESSED   0x00000060   Data   RW         6247    .data               lqr.o
    0x20000218   COMPRESSED   0x000000d4   Data   RW         6376    .data               quaternionekf.o
    0x200002ec   COMPRESSED   0x00000014   Data   RW         6461    .data               user_lib.o
    0x20000300   COMPRESSED   0x00000004   Data   RW         6717    .data               kalman_filter.o
    0x20000304   COMPRESSED   0x0000005c   Data   RW         6832    .data               vx_kalman_filter.o
    0x20000360   COMPRESSED   0x00000024   Data   RW         6899    .data               bsp_can.o
    0x20000384   COMPRESSED   0x00000024   Data   RW         6900    .data               bsp_can.o
    0x200003a8   COMPRESSED   0x00000008   Data   RW         6955    .data               bsp_delay.o
    0x200003b0   COMPRESSED   0x00000040   Data   RW         7002    .data               bsp_dwt.o
    0x200003f0   COMPRESSED   0x00000048   Data   RW         7165    .data               bmi088driver.o
    0x20000438   COMPRESSED   0x00000004   Data   RW         7242    .data               bmi088middleware.o
    0x2000043c   COMPRESSED   0x00000001   Data   RW         7800    .data               dm_8009.o
    0x2000043d   COMPRESSED   0x00000003   PAD
    0x20000440   COMPRESSED   0x0000000c   Data   RW         7931    .data               lk9025.o
    0x2000044c   COMPRESSED   0x00000002   Data   RW         8039    .data               remote.o
    0x2000044e   COMPRESSED   0x00000002   PAD
    0x20000450   COMPRESSED   0x00000020   Data   RW         8135    .data               robot_def.o
    0x20000470   COMPRESSED   0x0000003c   Data   RW         8656    .data               tasks.o
    0x200004ac   COMPRESSED   0x00000020   Data   RW         9300    .data               heap_4.o
    0x200004cc   COMPRESSED   0x0000000c   Data   RW         9368    .data               port.o
    0x200004d8        -       0x00000254   Zero   RW          441    .bss                freertos.o
    0x2000072c        -       0x00000050   Zero   RW          567    .bss                can.o
    0x2000077c        -       0x000000a8   Zero   RW          643    .bss                i2c.o
    0x20000824        -       0x00000118   Zero   RW          690    .bss                spi.o
    0x2000093c        -       0x000000d8   Zero   RW          735    .bss                tim.o
    0x20000a14        -       0x000000a8   Zero   RW          792    .bss                usart.o
    0x20000abc        -       0x00000048   Zero   RW          994    .bss                stm32f4xx_hal_timebase_tim.o
    0x20000b04        -       0x000002dc   Zero   RW         1031    .bss                usb_device.o
    0x20000de0        -       0x00000200   Zero   RW         1099    .bss                usbd_desc.o
    0x20000fe0        -       0x00001000   Zero   RW         1183    .bss                usbd_cdc_if.o
    0x20001fe0        -       0x00000704   Zero   RW         1265    .bss                usbd_conf.o
    0x200026e4        -       0x00000148   Zero   RW         6110    .bss                ins_task.o
    0x2000282c        -       0x00000018   Zero   RW         6242    .bss                lqr.o
    0x20002844        -       0x00000018   Zero   RW         6243    .bss                lqr.o
    0x2000285c        -       0x00000018   Zero   RW         6244    .bss                lqr.o
    0x20002874        -       0x00000018   Zero   RW         6245    .bss                lqr.o
    0x2000288c   COMPRESSED   0x00000004   PAD
    0x20002890        -       0x00000278   Zero   RW         6374    .bss                quaternionekf.o
    0x20002b08        -       0x00000140   Zero   RW         6830    .bss                vx_kalman_filter.o
    0x20002c48        -       0x00000050   Zero   RW         6898    .bss                bsp_can.o
    0x20002c98        -       0x00000040   Zero   RW         7164    .bss                bmi088driver.o
    0x20002cd8        -       0x000004b8   Zero   RW         7385    .bss                essemi_swd_print.o
    0x20003190        -       0x00000010   Zero   RW         7799    .bss                dm_8009.o
    0x200031a0        -       0x00000040   Zero   RW         7872    .bss                joint.o
    0x200031e0        -       0x00000018   Zero   RW         7973    .bss                wheel.o
    0x200031f8        -       0x00000064   Zero   RW         8038    .bss                remote.o
    0x2000325c        -       0x00000768   Zero   RW         8134    .bss                robot_def.o
    0x200039c4        -       0x000000f0   Zero   RW         8655    .bss                tasks.o
    0x20003ab4        -       0x00003c00   Zero   RW         9299    .bss                heap_4.o
    0x200076b4        -       0x00000060   Zero   RW         9971    .bss                c_w.l(libspace.o)
    0x20007714   COMPRESSED   0x00000004   PAD
    0x20007718        -       0x00001000   Zero   RW            2    HEAP                startup_stm32f407xx.o
    0x20008718        -       0x00001000   Zero   RW            1    STACK               startup_stm32f407xx.o


    Execution Region RW_IRAM2 (Exec base: 0x2001c000, Load base: 0x0800da94, Size: 0x00000000, Max: 0x00004000, ABSOLUTE)

    **** No section assigned to this execution region ****


==============================================================================

Image component sizes


      Code (inc. data)   RO Data    RW Data    ZI Data      Debug   Object Name

      2208        108          0         72         64      10705   bmi088driver.o
       100         30          0          4          0       3200   bmi088middleware.o
        68          6          0          0          0       1268   board_communication_task.o
       364         30          0         72         80       4854   bsp_can.o
        40         14          0          8          0        677   bsp_delay.o
       448         68          0         64          0       4558   bsp_dwt.o
        42          0          0          0          0        910   bsp_pwm.o
        12          6          0          0          0        466   buzzer.o
       428         46          0          4         80       2526   can.o
      2264        226          0          0          0      15264   chassis_task.o
       120          0          0          0          0      23329   cmsis_os.o
      1728         12          0          0          0       9201   controller.o
       468         64          0          1         16       5822   dm_8009.o
        92          4          0          0          0        834   dma.o
       296         40          0          0       1208       7132   essemi_swd_print.o
         0          0          0          0          0      14452   event_groups.o
       148         14        116         12        596      48804   freertos.o
       372         22          0          0          0     721115   gpio.o
       472         24          0         32      15360       7439   heap_4.o
       360         54          0          0        168       2426   i2c.o
      1764        112         48         68        328      12875   ins_task.o
       156         12          0          0         64       2701   joint.o
      2222         20          0          4          0       9651   kalman_filter.o
       138          0          0          0          0       3566   list.o
       232         40          0         12          0       3471   lk9025.o
       136          6          0        192         96       1679   lqr.o
       314         28          0          0          0     699464   main.o
       100          4          0          0          0       2172   moving_filter.o
       228          6          0          0          0       2794   pid.o
       702         72          0         12          0      11036   port.o
      2856        168        144        212        632       9054   quaternionekf.o
       658         68          0          2        100       6649   remote.o
         0          0          0         32       1896       5938   robot_def.o
       328         32          0          0        280       1927   spi.o
        64         26        392          0       8192        848   startup_stm32f407xx.o
       116         18          0         12          0       8746   stm32f4xx_hal.o
      1638          6          0          0          0      14387   stm32f4xx_hal_can.o
       158         14          0          0          0      33054   stm32f4xx_hal_cortex.o
       752         16          8          0          0       4088   stm32f4xx_hal_dma.o
       532         52          0          0          0       3388   stm32f4xx_hal_gpio.o
       392         16          0          0          0       3235   stm32f4xx_hal_i2c.o
        56          4          0          0          0        874   stm32f4xx_hal_msp.o
      2572         12          0          0          0      13608   stm32f4xx_hal_pcd.o
        78          0          0          0          0       2417   stm32f4xx_hal_pcd_ex.o
      1424         92          0          0          0       6409   stm32f4xx_hal_rcc.o
       974         14          0          0          0       5017   stm32f4xx_hal_spi.o
      2102        168          0          0          0      17831   stm32f4xx_hal_tim.o
       148         28          0          0          0       2501   stm32f4xx_hal_tim_ex.o
       152         18          0          0         72       1491   stm32f4xx_hal_timebase_tim.o
       368         10          0          0          0       2060   stm32f4xx_hal_uart.o
       144         54          0          0          0       8977   stm32f4xx_it.o
      2692        116          0          0          0      23360   stm32f4xx_ll_usb.o
        16          4         24          4          0       1139   system_stm32f4xx.o
      1532        118          0         60        240      20102   tasks.o
       712         74          0          0        216       4008   tim.o
       244         34          0          0        168       1813   usart.o
        84         18          0          0        732       8431   usb_device.o
      1198         32          0        139          0      13659   usbd_cdc.o
        72         16          0         20       4096       3250   usbd_cdc_if.o
       642         24          0          0       1796      16932   usbd_conf.o
       924          0          0          0          0      15551   usbd_core.o
      1328         28          0          1          0      14932   usbd_ctlreq.o
       288        104          0         78        512       6225   usbd_desc.o
       132          0          0          0          0       4556   usbd_ioreq.o
       752         10          0         20          0      10387   user_lib.o
      1588         26          0          0          0       5111   vmc.o
       324         26         16         92        320      18080   vx_kalman_filter.o
        40          8          0          0         24       2080   wheel.o

    ----------------------------------------------------------------------
     44164       2522        780       1240      37340    1956506   Object Totals
         0          0         32          0          0          0   (incl. Generated)
        62          0          0         11          4          0   (incl. Padding)

    ----------------------------------------------------------------------

      Code (inc. data)   RO Data    RW Data    ZI Data      Debug   Library Member Name

         0          0       2052          0          0       4961   arm_common_tables.o
       168          0          0          0          0        957   arm_cos_f32.o
       148          0          0          0          0       1719   arm_mat_add_f32.o
         8          0          0          0          0        841   arm_mat_init_f32.o
       732          0          0          0          0       3257   arm_mat_inverse_f32.o
       376          0          0          0          0       2510   arm_mat_mult_f32.o
       148          0          0          0          0       1719   arm_mat_sub_f32.o
       178          0          0          0          0       1815   arm_mat_trans_f32.o
       160          0          0          0          0        952   arm_sin_f32.o
        90          0          0          0          0          0   __dczerorl2.o
         8          0          0          0          0         68   __main.o
         0          0          0          0          0          0   __rtentry.o
        12          0          0          0          0          0   __rtentry2.o
         6          0          0          0          0          0   __rtentry4.o
        52          8          0          0          0          0   __scatter.o
        28          0          0          0          0          0   __scatter_zi.o
        22          0          0          0          0        100   _rserrno.o
        10          0          0          0          0         68   defsig_exit.o
        50          0          0          0          0         88   defsig_general.o
        80         58          0          0          0         76   defsig_rtmem_inner.o
        14          0          0          0          0         80   defsig_rtmem_outer.o
        18          0          0          0          0         80   exit.o
        94          0          0          0          0         80   h1_alloc.o
        52          0          0          0          0         68   h1_extend.o
        78          0          0          0          0         80   h1_free.o
        14          0          0          0          0         84   h1_init.o
         6          0          0          0          0        152   heapauxi.o
         4          0          0          0          0        136   hguard.o
         0          0          0          0          0          0   indicate_semi.o
       138          0          0          0          0        168   init_alloc.o
         2          0          0          0          0          0   libinit.o
        14          0          0          0          0          0   libinit2.o
         2          0          0          0          0          0   libshutdown.o
         2          0          0          0          0          0   libshutdown2.o
         8          4          0          0         96         68   libspace.o
       238          0          0          0          0        100   lludivv7m.o
         0          0          0          0          0          0   maybetermalloc1.o
         8          4          0          0          0         68   rt_errno_addr_intlibspace.o
         8          4          0          0          0         68   rt_heap_descriptor_intlibspace.o
        68          0          0          0          0         68   rt_memclr.o
        78          0          0          0          0         80   rt_memclr_w.o
       100          0          0          0          0         80   rt_memcpy_w.o
         2          0          0          0          0          0   rtexit.o
        10          0          0          0          0          0   rtexit2.o
        72          0          0          0          0         80   strcpy.o
        12          4          0          0          0         68   sys_exit.o
        74          0          0          0          0         80   sys_stackheap_outer.o
        14          0          0          0          0         76   sys_wrch.o
         2          0          0          0          0         68   use_no_semi.o
        36          0          0          0          0        232   faddsub_clz.o
        84          0          0          0          0        244   fcmp.o
        24          0          0          0          0        116   fcmpi.o
        18          0          0          0          0        116   fdiv.o
        48          4          0          0          0        132   feqf.o
        14          0          0          0          0        116   ffix.o
        14          0          0          0          0        116   ffixu.o
        28          0          0          0          0        232   fflt_clz.o
        48          4          0          0          0        132   fgeqf.o
        48          4          0          0          0        132   fleqf.o
        18          0          0          0          0        116   fmul.o
       140          4          0          0          0        132   fnaninf.o
        10          0          0          0          0        116   fpinit.o
         0          0          0          0          0          0   usenofp.o
       280         46          0          0          0        176   acosf.o
       300         42          0          0          0        176   asinf.o
       592         90          0          0          0        184   atan2f.o
       336         56          0          0          0        136   cosf.o
        38          0          0          0          0        116   fpclassifyf.o
        80         24          0          0          0        696   funder.o
      1636        110        320          0          0        372   powf.o
       340         24         32          0          0        160   rredf.o
       400         56          0          0          0        212   sinf.o
       120          0          0          0          0        272   sqrtf.o

    ----------------------------------------------------------------------
      8072        546       2404          0        100      25395   Library Totals
        12          0          0          0          4          0   (incl. Padding)

    ----------------------------------------------------------------------

      Code (inc. data)   RO Data    RW Data    ZI Data      Debug   Library Name

      1918          0       2052          0          0      18731   arm_cortexM4l_math.lib
      1490         82          0          0         96       2232   c_w.l
       530         16          0          0          0       1932   fz_wm.l
      4122        448        352          0          0       2500   m_wm.l

    ----------------------------------------------------------------------
      8072        546       2404          0        100      25395   Library Totals

    ----------------------------------------------------------------------

==============================================================================


      Code (inc. data)   RO Data    RW Data    ZI Data      Debug   

     52236       3068       3184       1240      37440    1938993   Grand Totals
     52236       3068       3184        536      37440    1938993   ELF Image Totals (compressed)
     52236       3068       3184        536          0          0   ROM Totals

==============================================================================

    Total RO  Size (Code + RO Data)                55420 (  54.12kB)
    Total RW  Size (RW Data + ZI Data)             38680 (  37.77kB)
    Total ROM Size (Code + RO Data + RW Data)      55956 (  54.64kB)

==============================================================================

