Archive member included to satisfy reference by file (symbol)

D:\GitHub\Code\HJ\wheel_leg\wheel-legged-infantry-master\Middlewares\ST\ARM\DSP\Lib\libarm_cortexM4lf_math.a(arm_mat_trans_f32.o)
                              CMakeFiles/wheel_leg.elf.dir/User/Algorithm/filter/kalman_filter/kalman_filter.c.obj (arm_mat_trans_f32)
D:\GitHub\Code\HJ\wheel_leg\wheel-legged-infantry-master\Middlewares\ST\ARM\DSP\Lib\libarm_cortexM4lf_math.a(arm_mat_sub_f32.o)
                              CMakeFiles/wheel_leg.elf.dir/User/Algorithm/filter/kalman_filter/kalman_filter.c.obj (arm_mat_sub_f32)
D:\GitHub\Code\HJ\wheel_leg\wheel-legged-infantry-master\Middlewares\ST\ARM\DSP\Lib\libarm_cortexM4lf_math.a(arm_mat_mult_f32.o)
                              CMakeFiles/wheel_leg.elf.dir/User/Algorithm/filter/kalman_filter/kalman_filter.c.obj (arm_mat_mult_f32)
D:\GitHub\Code\HJ\wheel_leg\wheel-legged-infantry-master\Middlewares\ST\ARM\DSP\Lib\libarm_cortexM4lf_math.a(arm_mat_inverse_f32.o)
                              CMakeFiles/wheel_leg.elf.dir/User/Algorithm/filter/kalman_filter/kalman_filter.c.obj (arm_mat_inverse_f32)
D:\GitHub\Code\HJ\wheel_leg\wheel-legged-infantry-master\Middlewares\ST\ARM\DSP\Lib\libarm_cortexM4lf_math.a(arm_mat_init_f32.o)
                              CMakeFiles/wheel_leg.elf.dir/User/Algorithm/filter/kalman_filter/kalman_filter.c.obj (arm_mat_init_f32)
D:\GitHub\Code\HJ\wheel_leg\wheel-legged-infantry-master\Middlewares\ST\ARM\DSP\Lib\libarm_cortexM4lf_math.a(arm_mat_add_f32.o)
                              CMakeFiles/wheel_leg.elf.dir/User/Algorithm/filter/kalman_filter/kalman_filter.c.obj (arm_mat_add_f32)
D:\GitHub\Code\HJ\wheel_leg\wheel-legged-infantry-master\Middlewares\ST\ARM\DSP\Lib\libarm_cortexM4lf_math.a(arm_sin_f32.o)
                              CMakeFiles/wheel_leg.elf.dir/User/Algorithm/AHRS/AHRS_MiddleWare.c.obj (arm_sin_f32)
D:\GitHub\Code\HJ\wheel_leg\wheel-legged-infantry-master\Middlewares\ST\ARM\DSP\Lib\libarm_cortexM4lf_math.a(arm_cos_f32.o)
                              CMakeFiles/wheel_leg.elf.dir/User/Algorithm/AHRS/AHRS_MiddleWare.c.obj (arm_cos_f32)
D:\GitHub\Code\HJ\wheel_leg\wheel-legged-infantry-master\Middlewares\ST\ARM\DSP\Lib\libarm_cortexM4lf_math.a(arm_common_tables.o)
                              D:\GitHub\Code\HJ\wheel_leg\wheel-legged-infantry-master\Middlewares\ST\ARM\DSP\Lib\libarm_cortexM4lf_math.a(arm_sin_f32.o) (sinTable_f32)
d:/jetbrains/gcc-arm-none-eabi/bin/../lib/gcc/arm-none-eabi/10.3.1/thumb/v7e-m+fp/hard\libgcc.a(_arm_addsubdf3.o)
                              CMakeFiles/wheel_leg.elf.dir/User/Algorithm/AHRS/AHRS.c.obj (__aeabi_f2d)
d:/jetbrains/gcc-arm-none-eabi/bin/../lib/gcc/arm-none-eabi/10.3.1/thumb/v7e-m+fp/hard\libgcc.a(_arm_truncdfsf2.o)
                              CMakeFiles/wheel_leg.elf.dir/User/Algorithm/AHRS/AHRS.c.obj (__aeabi_d2f)
d:/jetbrains/gcc-arm-none-eabi/bin/../lib/gcc/arm-none-eabi/10.3.1/thumb/v7e-m+fp/hard\libgcc.a(_aeabi_uldivmod.o)
                              CMakeFiles/wheel_leg.elf.dir/Drivers/STM32F4xx_HAL_Driver/Src/stm32f4xx_hal_rcc.c.obj (__aeabi_uldivmod)
d:/jetbrains/gcc-arm-none-eabi/bin/../lib/gcc/arm-none-eabi/10.3.1/thumb/v7e-m+fp/hard\libgcc.a(_udivmoddi4.o)
                              d:/jetbrains/gcc-arm-none-eabi/bin/../lib/gcc/arm-none-eabi/10.3.1/thumb/v7e-m+fp/hard\libgcc.a(_aeabi_uldivmod.o) (__udivmoddi4)
d:/jetbrains/gcc-arm-none-eabi/bin/../lib/gcc/arm-none-eabi/10.3.1/thumb/v7e-m+fp/hard\libgcc.a(_dvmd_tls.o)
                              d:/jetbrains/gcc-arm-none-eabi/bin/../lib/gcc/arm-none-eabi/10.3.1/thumb/v7e-m+fp/hard\libgcc.a(_aeabi_uldivmod.o) (__aeabi_ldiv0)
d:/jetbrains/gcc-arm-none-eabi/bin/../lib/gcc/arm-none-eabi/10.3.1/../../../../arm-none-eabi/lib/thumb/v7e-m+fp/hard\libg.a(lib_a-errno.o)
                              CMakeFiles/wheel_leg.elf.dir/Core/Src/syscalls.c.obj (__errno)
d:/jetbrains/gcc-arm-none-eabi/bin/../lib/gcc/arm-none-eabi/10.3.1/../../../../arm-none-eabi/lib/thumb/v7e-m+fp/hard\libg.a(lib_a-exit.o)
                              d:/jetbrains/gcc-arm-none-eabi/bin/../lib/gcc/arm-none-eabi/10.3.1/../../../../arm-none-eabi/lib/thumb/v7e-m+fp/hard/crt0.o (exit)
d:/jetbrains/gcc-arm-none-eabi/bin/../lib/gcc/arm-none-eabi/10.3.1/../../../../arm-none-eabi/lib/thumb/v7e-m+fp/hard\libg.a(lib_a-impure.o)
                              d:/jetbrains/gcc-arm-none-eabi/bin/../lib/gcc/arm-none-eabi/10.3.1/../../../../arm-none-eabi/lib/thumb/v7e-m+fp/hard\libg.a(lib_a-exit.o) (_global_impure_ptr)
d:/jetbrains/gcc-arm-none-eabi/bin/../lib/gcc/arm-none-eabi/10.3.1/../../../../arm-none-eabi/lib/thumb/v7e-m+fp/hard\libg.a(lib_a-init.o)
                              d:/jetbrains/gcc-arm-none-eabi/bin/../lib/gcc/arm-none-eabi/10.3.1/../../../../arm-none-eabi/lib/thumb/v7e-m+fp/hard/crt0.o (__libc_init_array)
d:/jetbrains/gcc-arm-none-eabi/bin/../lib/gcc/arm-none-eabi/10.3.1/../../../../arm-none-eabi/lib/thumb/v7e-m+fp/hard\libg.a(lib_a-malloc.o)
[...]
Memory Configuration

Name             Origin             Length             Attributes
CCMRAM           0x10000000         0x00010000         xrw
RAM              0x20000000         0x00020000         xrw
FLASH            0x08000000         0x00100000         xr
*default*        0x00000000         0xffffffff

Linker script and memory map

LOAD d:/jetbrains/gcc-arm-none-eabi/bin/../lib/gcc/arm-none-eabi/10.3.1/thumb/v7e-m+fp/hard/crti.o
LOAD d:/jetbrains/gcc-arm-none-eabi/bin/../lib/gcc/arm-none-eabi/10.3.1/thumb/v7e-m+fp/hard/crtbegin.o
LOAD d:/jetbrains/gcc-arm-none-eabi/bin/../lib/gcc/arm-none-eabi/10.3.1/../../../../arm-none-eabi/lib/thumb/v7e-m+fp/hard/crt0.o
LOAD CMakeFiles/wheel_leg.elf.dir/Core/Src/can.c.obj
LOAD CMakeFiles/wheel_leg.elf.dir/Core/Src/dma.c.obj
LOAD CMakeFiles/wheel_leg.elf.dir/Core/Src/freertos.c.obj
LOAD CMakeFiles/wheel_leg.elf.dir/Core/Src/gpio.c.obj
LOAD CMakeFiles/wheel_leg.elf.dir/Core/Src/i2c.c.obj
LOAD CMakeFiles/wheel_leg.elf.dir/Core/Src/main.c.obj
LOAD CMakeFiles/wheel_leg.elf.dir/Core/Src/spi.c.obj
LOAD CMakeFiles/wheel_leg.elf.dir/Core/Src/stm32f4xx_hal_msp.c.obj
LOAD CMakeFiles/wheel_leg.elf.dir/Core/Src/stm32f4xx_hal_timebase_tim.c.obj
LOAD CMakeFiles/wheel_leg.elf.dir/Core/Src/stm32f4xx_it.c.obj
LOAD CMakeFiles/wheel_leg.elf.dir/Core/Src/syscalls.c.obj
LOAD CMakeFiles/wheel_leg.elf.dir/Core/Src/sysmem.c.obj
LOAD CMakeFiles/wheel_leg.elf.dir/Core/Src/system_stm32f4xx.c.obj
LOAD CMakeFiles/wheel_leg.elf.dir/Core/Src/tim.c.obj
LOAD CMakeFiles/wheel_leg.elf.dir/Core/Src/usart.c.obj
LOAD CMakeFiles/wheel_leg.elf.dir/Core/Startup/startup_stm32f407ighx.s.obj
LOAD CMakeFiles/wheel_leg.elf.dir/Drivers/STM32F4xx_HAL_Driver/Src/stm32f4xx_hal.c.obj
LOAD CMakeFiles/wheel_leg.elf.dir/Drivers/STM32F4xx_HAL_Driver/Src/stm32f4xx_hal_can.c.obj
LOAD CMakeFiles/wheel_leg.elf.dir/Drivers/STM32F4xx_HAL_Driver/Src/stm32f4xx_hal_cortex.c.obj
LOAD CMakeFiles/wheel_leg.elf.dir/Drivers/STM32F4xx_HAL_Driver/Src/stm32f4xx_hal_dma.c.obj
LOAD CMakeFiles/wheel_leg.elf.dir/Drivers/STM32F4xx_HAL_Driver/Src/stm32f4xx_hal_dma_ex.c.obj
LOAD CMakeFiles/wheel_leg.elf.dir/Drivers/STM32F4xx_HAL_Driver/Src/stm32f4xx_hal_exti.c.obj
LOAD CMakeFiles/wheel_leg.elf.dir/Drivers/STM32F4xx_HAL_Driver/Src/stm32f4xx_hal_flash.c.obj
LOAD CMakeFiles/wheel_leg.elf.dir/Drivers/STM32F4xx_HAL_Driver/Src/stm32f4xx_hal_flash_ex.c.obj
LOAD CMakeFiles/wheel_leg.elf.dir/Drivers/STM32F4xx_HAL_Driver/Src/stm32f4xx_hal_flash_ramfunc.c.obj
LOAD CMakeFiles/wheel_leg.elf.dir/Drivers/STM32F4xx_HAL_Driver/Src/stm32f4xx_hal_gpio.c.obj
LOAD CMakeFiles/wheel_leg.elf.dir/Drivers/STM32F4xx_HAL_Driver/Src/stm32f4xx_hal_i2c.c.obj
LOAD CMakeFiles/wheel_leg.elf.dir/Drivers/STM32F4xx_HAL_Driver/Src/stm32f4xx_hal_i2c_ex.c.obj
LOAD CMakeFiles/wheel_leg.elf.dir/Drivers/STM32F4xx_HAL_Driver/Src/stm32f4xx_hal_pcd.c.obj
LOAD CMakeFiles/wheel_leg.elf.dir/Drivers/STM32F4xx_HAL_Driver/Src/stm32f4xx_hal_pcd_ex.c.obj
LOAD CMakeFiles/wheel_leg.elf.dir/Drivers/STM32F4xx_HAL_Driver/Src/stm32f4xx_hal_pwr.c.obj
LOAD CMakeFiles/wheel_leg.elf.dir/Drivers/STM32F4xx_HAL_Driver/Src/stm32f4xx_hal_pwr_ex.c.obj
LOAD CMakeFiles/wheel_leg.elf.dir/Drivers/STM32F4xx_HAL_Driver/Src/stm32f4xx_hal_rcc.c.obj
LOAD CMakeFiles/wheel_leg.elf.dir/Drivers/STM32F4xx_HAL_Driver/Src/stm32f4xx_hal_rcc_ex.c.obj
LOAD CMakeFiles/wheel_leg.elf.dir/Drivers/STM32F4xx_HAL_Driver/Src/stm32f4xx_hal_spi.c.obj
LOAD CMakeFiles/wheel_leg.elf.dir/Drivers/STM32F4xx_HAL_Driver/Src/stm32f4xx_hal_tim.c.obj
LOAD CMakeFiles/wheel_leg.elf.dir/Drivers/STM32F4xx_HAL_Driver/Src/stm32f4xx_hal_tim_ex.c.obj
LOAD CMakeFiles/wheel_leg.elf.dir/Drivers/STM32F4xx_HAL_Driver/Src/stm32f4xx_hal_uart.c.obj
LOAD CMakeFiles/wheel_leg.elf.dir/Drivers/STM32F4xx_HAL_Driver/Src/stm32f4xx_ll_usb.c.obj
LOAD CMakeFiles/wheel_leg.elf.dir/Middlewares/ST/STM32_USB_Device_Library/Class/CDC/Src/usbd_cdc.c.obj
LOAD CMakeFiles/wheel_leg.elf.dir/Middlewares/ST/STM32_USB_Device_Library/Core/Src/usbd_core.c.obj
LOAD CMakeFiles/wheel_leg.elf.dir/Middlewares/ST/STM32_USB_Device_Library/Core/Src/usbd_ctlreq.c.obj
LOAD CMakeFiles/wheel_leg.elf.dir/Middlewares/ST/STM32_USB_Device_Library/Core/Src/usbd_ioreq.c.obj
LOAD CMakeFiles/wheel_leg.elf.dir/Middlewares/Third_Party/FreeRTOS/Source/CMSIS_RTOS/cmsis_os.c.obj
LOAD CMakeFiles/wheel_leg.elf.dir/Middlewares/Third_Party/FreeRTOS/Source/croutine.c.obj
LOAD CMakeFiles/wheel_leg.elf.dir/Middlewares/Third_Party/FreeRTOS/Source/event_groups.c.obj
LOAD CMakeFiles/wheel_leg.elf.dir/Middlewares/Third_Party/FreeRTOS/Source/list.c.obj
LOAD CMakeFiles/wheel_leg.elf.dir/Middlewares/Third_Party/FreeRTOS/Source/portable/GCC/ARM_CM4F/port.c.obj
LOAD CMakeFiles/wheel_leg.elf.dir/Middlewares/Third_Party/FreeRTOS/Source/portable/MemMang/heap_4.c.obj
LOAD CMakeFiles/wheel_leg.elf.dir/Middlewares/Third_Party/FreeRTOS/Source/queue.c.obj
LOAD CMakeFiles/wheel_leg.elf.dir/Middlewares/Third_Party/FreeRTOS/Source/stream_buffer.c.obj
LOAD CMakeFiles/wheel_leg.elf.dir/Middlewares/Third_Party/FreeRTOS/Source/tasks.c.obj
LOAD CMakeFiles/wheel_leg.elf.dir/Middlewares/Third_Party/FreeRTOS/Source/timers.c.obj
LOAD CMakeFiles/wheel_leg.elf.dir/USB_DEVICE/App/usb_device.c.obj
LOAD CMakeFiles/wheel_leg.elf.dir/USB_DEVICE/App/usbd_cdc_if.c.obj
LOAD CMakeFiles/wheel_leg.elf.dir/USB_DEVICE/App/usbd_desc.c.obj
LOAD CMakeFiles/wheel_leg.elf.dir/USB_DEVICE/Target/usbd_conf.c.obj
LOAD CMakeFiles/wheel_leg.elf.dir/User/Algorithm/AHRS/AHRS.c.obj
LOAD CMakeFiles/wheel_leg.elf.dir/User/Algorithm/AHRS/AHRS_MiddleWare.c.obj
LOAD CMakeFiles/wheel_leg.elf.dir/User/Algorithm/filter/kalman_filter/kalman_filter.c.obj
LOAD CMakeFiles/wheel_leg.elf.dir/User/Algorithm/filter/kalman_filter/vx_kalman_filter.c.obj
LOAD CMakeFiles/wheel_leg.elf.dir/User/Algorithm/filter/low_pass_filter/low_pass_filter.c.obj
LOAD CMakeFiles/wheel_leg.elf.dir/User/Algorithm/filter/moving_filter/moving_filter.c.obj
LOAD CMakeFiles/wheel_leg.elf.dir/User/Algorithm/lqr/lqr.c.obj
LOAD CMakeFiles/wheel_leg.elf.dir/User/Algorithm/pid/pid.c.obj
LOAD CMakeFiles/wheel_leg.elf.dir/User/Algorithm/user_lib/user_lib.c.obj
LOAD CMakeFiles/wheel_leg.elf.dir/User/Algorithm/vmc/vmc.c.obj
LOAD CMakeFiles/wheel_leg.elf.dir/User/App/chassis/chassis.c.obj
LOAD CMakeFiles/wheel_leg.elf.dir/User/App/gimbal/gimbal.c.obj
LOAD CMakeFiles/wheel_leg.elf.dir/User/Bsp/can/can_device.c.obj
LOAD CMakeFiles/wheel_leg.elf.dir/User/Bsp/delay/delay.c.obj
LOAD CMakeFiles/wheel_leg.elf.dir/User/Bsp/flash/flash.c.obj
LOAD CMakeFiles/wheel_leg.elf.dir/User/Device/bmi088/Atti.c.obj
LOAD CMakeFiles/wheel_leg.elf.dir/User/Device/bmi088/BMI088driver.c.obj
LOAD CMakeFiles/wheel_leg.elf.dir/User/Device/buzzer/buzzer.c.obj
LOAD CMakeFiles/wheel_leg.elf.dir/User/Device/ist8310/ist8310driver.c.obj
LOAD CMakeFiles/wheel_leg.elf.dir/User/Device/key_board/key_board.c.obj
LOAD CMakeFiles/wheel_leg.elf.dir/User/Device/led/led.c.obj
LOAD CMakeFiles/wheel_leg.elf.dir/User/Device/motor/joint/CyberGear/cybergear.c.obj
LOAD CMakeFiles/wheel_leg.elf.dir/User/Device/motor/joint/DM8009/dm_8009.c.obj
LOAD CMakeFiles/wheel_leg.elf.dir/User/Device/motor/joint/joint.c.obj
LOAD CMakeFiles/wheel_leg.elf.dir/User/Device/motor/wheel/LK9025/lk_9025.c.obj
LOAD CMakeFiles/wheel_leg.elf.dir/User/Device/motor/wheel/wheel.c.obj
LOAD CMakeFiles/wheel_leg.elf.dir/User/Device/remote/Calibrate.c.obj
LOAD CMakeFiles/wheel_leg.elf.dir/User/Device/remote/error.c.obj
LOAD CMakeFiles/wheel_leg.elf.dir/User/Device/remote/remote.c.obj
LOAD CMakeFiles/wheel_leg.elf.dir/User/Device/servo/servo.c.obj
LOAD CMakeFiles/wheel_leg.elf.dir/User/Robot_def/robot_def.c.obj
LOAD D:\GitHub\Code\HJ\wheel_leg\wheel-legged-infantry-master\Middlewares\ST\ARM\DSP\Lib\libarm_cortexM4lf_math.a
START GROUP
LOAD d:/jetbrains/gcc-arm-none-eabi/bin/../lib/gcc/arm-none-eabi/10.3.1/thumb/v7e-m+fp/hard\libgcc.a
LOAD d:/jetbrains/gcc-arm-none-eabi/bin/../lib/gcc/arm-none-eabi/10.3.1/../../../../arm-none-eabi/lib/thumb/v7e-m+fp/hard\libg.a
LOAD d:/jetbrains/gcc-arm-none-eabi/bin/../lib/gcc/arm-none-eabi/10.3.1/../../../../arm-none-eabi/lib/thumb/v7e-m+fp/hard\libc.a
END GROUP
LOAD d:/jetbrains/gcc-arm-none-eabi/bin/../lib/gcc/arm-none-eabi/10.3.1/thumb/v7e-m+fp/hard/crtend.o
LOAD d:/jetbrains/gcc-arm-none-eabi/bin/../lib/gcc/arm-none-eabi/10.3.1/thumb/v7e-m+fp/hard/crtn.o
                0x20020000                _estack = (ORIGIN (RAM) + LENGTH (RAM))
                0x00001000                _Min_Heap_Size = 0x1000
                0x00001000                _Min_Stack_Size = 0x1000

.isr_vector     0x08000000      0x188
                0x08000000                . = ALIGN (0x4)
 *(.isr_vector)
 .isr_vector    0x08000000      0x188 CMakeFiles/wheel_leg.elf.dir/Core/Startup/startup_stm32f407ighx.s.obj
                0x08000000                g_pfnVectors
                0x08000188                . = ALIGN (0x4)

.text           0x080001c0    0x14194
                0x080001c0                . = ALIGN (0x4)
 *(.text)
 .text          0x080001c0       0x40 d:/jetbrains/gcc-arm-none-eabi/bin/../lib/gcc/arm-none-eabi/10.3.1/thumb/v7e-m+fp/hard/crtbegin.o
 .text          0x08000200      0x378 d:/jetbrains/gcc-arm-none-eabi/bin/../lib/gcc/arm-none-eabi/10.3.1/thumb/v7e-m+fp/hard\libgcc.a(_arm_addsubdf3.o)
                0x08000200                __aeabi_drsub
                0x08000208                __aeabi_dsub
                0x08000208                __subdf3
                0x0800020c                __aeabi_dadd
                0x0800020c                __adddf3
                0x08000484                __floatunsidf
                0x08000484                __aeabi_ui2d
                0x080004a4                __floatsidf
                0x080004a4                __aeabi_i2d
                0x080004c8                __aeabi_f2d
                0x080004c8                __extendsfdf2
                0x0800050c                __floatundidf
                0x0800050c                __aeabi_ul2d
                0x0800051c                __floatdidf
                0x0800051c                __aeabi_l2d
 .text          0x08000578       0xa0 d:/jetbrains/gcc-arm-none-eabi/bin/../lib/gcc/arm-none-eabi/10.3.1/thumb/v7e-m+fp/hard\libgcc.a(_arm_truncdfsf2.o)
                0x08000578                __truncdfsf2
                0x08000578                __aeabi_d2f
 .text          0x08000618       0x30 d:/jetbrains/gcc-arm-none-eabi/bin/../lib/gcc/arm-none-eabi/10.3.1/thumb/v7e-m+fp/hard\libgcc.a(_aeabi_uldivmod.o)
                0x08000618                __aeabi_uldivmod
 .text          0x08000648      0x2d0 d:/jetbrains/gcc-arm-none-eabi/bin/../lib/gcc/arm-none-eabi/10.3.1/thumb/v7e-m+fp/hard\libgcc.a(_udivmoddi4.o)
                0x08000648                __udivmoddi4
 .text          0x08000918        0x4 d:/jetbrains/gcc-arm-none-eabi/bin/../lib/gcc/arm-none-eabi/10.3.1/thumb/v7e-m+fp/hard\libgcc.a(_dvmd_tls.o)
                0x08000918                __aeabi_idiv0
                0x08000918                __aeabi_ldiv0
 .text          0x0800091c      0x134 d:/jetbrains/gcc-arm-none-eabi/bin/../lib/gcc/arm-none-eabi/10.3.1/../../../../arm-none-eabi/lib/thumb/v7e-m+fp/hard\libg.a(lib_a-memcpy.o)
                0x0800091c                memcpy
 *fill*         0x08000a50       0x30 
 .text          0x08000a80       0xdc d:/jetbrains/gcc-arm-none-eabi/bin/../lib/gcc/arm-none-eabi/10.3.1/../../../../arm-none-eabi/lib/thumb/v7e-m+fp/hard\libg.a(lib_a-strlen.o)
                0x08000a80                strlen
 .text          0x08000b5c      0x424 d:/jetbrains/gcc-arm-none-eabi/bin/../lib/gcc/arm-none-eabi/10.3.1/thumb/v7e-m+fp/hard\libgcc.a(_arm_muldivdf3.o)
                0x08000b5c                __aeabi_dmul
                0x08000b5c                __muldf3
                0x08000db0                __divdf3
                0x08000db0                __aeabi_ddiv
 .text          0x08000f80      0x110 d:/jetbrains/gcc-arm-none-eabi/bin/../lib/gcc/arm-none-eabi/10.3.1/thumb/v7e-m+fp/hard\libgcc.a(_arm_cmpdf2.o)
                0x08000f80                __gtdf2
                0x08000f80                __gedf2
                0x08000f88                __ltdf2
                0x08000f88                __ledf2
                0x08000f90                __nedf2
                0x08000f90                __eqdf2
                0x08000f90                __cmpdf2
                0x0800100c                __aeabi_cdrcmple
                0x0800101c                __aeabi_cdcmpeq
                0x0800101c                __aeabi_cdcmple
                0x0800102c                __aeabi_dcmpeq
                0x08001040                __aeabi_dcmplt
                0x08001054                __aeabi_dcmple
                0x08001068                __aeabi_dcmpge
                0x0800107c                __aeabi_dcmpgt
 .text          0x08001090       0x2c d:/jetbrains/gcc-arm-none-eabi/bin/../lib/gcc/arm-none-eabi/10.3.1/thumb/v7e-m+fp/hard\libgcc.a(_arm_unorddf2.o)
                0x08001090                __unorddf2
                0x08001090                __aeabi_dcmpun
 *(.text*)
 .text.MX_CAN1_Init
                0x080010bc       0x44 CMakeFiles/wheel_leg.elf.dir/Core/Src/can.c.obj
                0x080010bc                MX_CAN1_Init
 .text.MX_CAN2_Init
                0x08001100       0x44 CMakeFiles/wheel_leg.elf.dir/Core/Src/can.c.obj
                0x08001100                MX_CAN2_Init
 .text.HAL_CAN_MspInit
                0x08001144      0x140 CMakeFiles/wheel_leg.elf.dir/Core/Src/can.c.obj
                0x08001144                HAL_CAN_MspInit
 .text.MX_DMA_Init
                0x08001284       0x68 CMakeFiles/wheel_leg.elf.dir/Core/Src/dma.c.obj
                0x08001284                MX_DMA_Init
 .text.StartDefaultTask
                0x080012ec        0xe CMakeFiles/wheel_leg.elf.dir/Core/Src/freertos.c.obj
                0x080012ec                StartDefaultTask
 *fill*         0x080012fa        0x2 
 .text.vApplicationGetIdleTaskMemory
                0x080012fc       0x18 CMakeFiles/wheel_leg.elf.dir/Core/Src/freertos.c.obj
                0x080012fc                vApplicationGetIdleTaskMemory
 .text.vApplicationGetTimerTaskMemory
                0x08001314       0x18 CMakeFiles/wheel_leg.elf.dir/Core/Src/freertos.c.obj
                0x08001314                vApplicationGetTimerTaskMemory
 .text.MX_FREERTOS_Init
                0x0800132c       0xd4 CMakeFiles/wheel_leg.elf.dir/Core/Src/freertos.c.obj
                0x0800132c                MX_FREERTOS_Init
 .text.MX_GPIO_Init
                0x08001400      0x198 CMakeFiles/wheel_leg.elf.dir/Core/Src/gpio.c.obj
                0x08001400                MX_GPIO_Init
 .text.MX_I2C2_Init
                0x08001598       0x3c CMakeFiles/wheel_leg.elf.dir/Core/Src/i2c.c.obj
                0x08001598                MX_I2C2_Init
 .text.MX_I2C3_Init
                0x080015d4       0x3c CMakeFiles/wheel_leg.elf.dir/Core/Src/i2c.c.obj
                0x080015d4                MX_I2C3_Init
 .text.HAL_I2C_MspInit
                0x08001610       0xfc CMakeFiles/wheel_leg.elf.dir/Core/Src/i2c.c.obj
                0x08001610                HAL_I2C_MspInit
 .text.HAL_TIM_PeriodElapsedCallback
                0x0800170c       0x12 CMakeFiles/wheel_leg.elf.dir/Core/Src/main.c.obj
                0x0800170c                HAL_TIM_PeriodElapsedCallback
 .text.Error_Handler
                0x0800171e        0x4 CMakeFiles/wheel_leg.elf.dir/Core/Src/main.c.obj
                0x0800171e                Error_Handler
 *fill*         0x08001722        0x2 
 .text.SystemClock_Config
                0x08001724       0xd4 CMakeFiles/wheel_leg.elf.dir/Core/Src/main.c.obj
                0x08001724                SystemClock_Config
 .text.main     0x080017f8       0x4c CMakeFiles/wheel_leg.elf.dir/Core/Src/main.c.obj
                0x080017f8                main
 .text.MX_SPI1_Init
                0x08001844       0x48 CMakeFiles/wheel_leg.elf.dir/Core/Src/spi.c.obj
                0x08001844                MX_SPI1_Init
 .text.HAL_SPI_MspInit
                0x0800188c      0x124 CMakeFiles/wheel_leg.elf.dir/Core/Src/spi.c.obj
                0x0800188c                HAL_SPI_MspInit
 .text.HAL_MspInit
                0x080019b0       0x44 CMakeFiles/wheel_leg.elf.dir/Core/Src/stm32f4xx_hal_msp.c.obj
                0x080019b0                HAL_MspInit
 .text.HAL_InitTick
                0x080019f4       0xa4 CMakeFiles/wheel_leg.elf.dir/Core/Src/stm32f4xx_hal_timebase_tim.c.obj
                0x080019f4                HAL_InitTick
 .text.NMI_Handler
                0x08001a98        0x2 CMakeFiles/wheel_leg.elf.dir/Core/Src/stm32f4xx_it.c.obj
                0x08001a98                NMI_Handler
 .text.HardFault_Handler
                0x08001a9a        0x2 CMakeFiles/wheel_leg.elf.dir/Core/Src/stm32f4xx_it.c.obj
                0x08001a9a                HardFault_Handler
 .text.MemManage_Handler
                0x08001a9c        0x2 CMakeFiles/wheel_leg.elf.dir/Core/Src/stm32f4xx_it.c.obj
                0x08001a9c                MemManage_Handler
 .text.BusFault_Handler
                0x08001a9e        0x2 CMakeFiles/wheel_leg.elf.dir/Core/Src/stm32f4xx_it.c.obj
                0x08001a9e                BusFault_Handler
 .text.UsageFault_Handler
                0x08001aa0        0x2 CMakeFiles/wheel_leg.elf.dir/Core/Src/stm32f4xx_it.c.obj
                0x08001aa0                UsageFault_Handler
 .text.DebugMon_Handler
                0x08001aa2        0x2 CMakeFiles/wheel_leg.elf.dir/Core/Src/stm32f4xx_it.c.obj
                0x08001aa2                DebugMon_Handler
 .text.EXTI0_IRQHandler
                0x08001aa4        0xa CMakeFiles/wheel_leg.elf.dir/Core/Src/stm32f4xx_it.c.obj
                0x08001aa4                EXTI0_IRQHandler
 .text.EXTI3_IRQHandler
                0x08001aae        0xa CMakeFiles/wheel_leg.elf.dir/Core/Src/stm32f4xx_it.c.obj
                0x08001aae                EXTI3_IRQHandler
 .text.EXTI4_IRQHandler
                0x08001ab8        0xa CMakeFiles/wheel_leg.elf.dir/Core/Src/stm32f4xx_it.c.obj
                0x08001ab8                EXTI4_IRQHandler
 *fill*         0x08001ac2        0x2 
 .text.DMA1_Stream1_IRQHandler
                0x08001ac4       0x10 CMakeFiles/wheel_leg.elf.dir/Core/Src/stm32f4xx_it.c.obj
                0x08001ac4                DMA1_Stream1_IRQHandler
 .text.CAN1_TX_IRQHandler
                0x08001ad4       0x10 CMakeFiles/wheel_leg.elf.dir/Core/Src/stm32f4xx_it.c.obj
                0x08001ad4                CAN1_TX_IRQHandler
 .text.CAN1_RX0_IRQHandler
                0x08001ae4       0x10 CMakeFiles/wheel_leg.elf.dir/Core/Src/stm32f4xx_it.c.obj
                0x08001ae4                CAN1_RX0_IRQHandler
 .text.EXTI9_5_IRQHandler
                0x08001af4        0xa CMakeFiles/wheel_leg.elf.dir/Core/Src/stm32f4xx_it.c.obj
                0x08001af4                EXTI9_5_IRQHandler
 *fill*         0x08001afe        0x2 
 .text.TIM2_IRQHandler
                0x08001b00       0x10 CMakeFiles/wheel_leg.elf.dir/Core/Src/stm32f4xx_it.c.obj
                0x08001b00                TIM2_IRQHandler
 .text.DMA2_Stream2_IRQHandler
                0x08001b10       0x14 CMakeFiles/wheel_leg.elf.dir/Core/Src/stm32f4xx_it.c.obj
                0x08001b10                DMA2_Stream2_IRQHandler
 .text.DMA2_Stream3_IRQHandler
                0x08001b24       0x10 CMakeFiles/wheel_leg.elf.dir/Core/Src/stm32f4xx_it.c.obj
                0x08001b24                DMA2_Stream3_IRQHandler
 .text.CAN2_TX_IRQHandler
                0x08001b34       0x10 CMakeFiles/wheel_leg.elf.dir/Core/Src/stm32f4xx_it.c.obj
                0x08001b34                CAN2_TX_IRQHandler
 .text.CAN2_RX0_IRQHandler
                0x08001b44       0x10 CMakeFiles/wheel_leg.elf.dir/Core/Src/stm32f4xx_it.c.obj
                0x08001b44                CAN2_RX0_IRQHandler
 .text.OTG_FS_IRQHandler
                0x08001b54       0x10 CMakeFiles/wheel_leg.elf.dir/Core/Src/stm32f4xx_it.c.obj
                0x08001b54                OTG_FS_IRQHandler
 .text._sbrk    0x08001b64       0x48 CMakeFiles/wheel_leg.elf.dir/Core/Src/sysmem.c.obj
                0x08001b64                _sbrk
 .text.SystemInit
                0x08001bac       0x14 CMakeFiles/wheel_leg.elf.dir/Core/Src/system_stm32f4xx.c.obj
                0x08001bac                SystemInit
 .text.HAL_TIM_Base_MspInit
                0x08001bc0       0x78 CMakeFiles/wheel_leg.elf.dir/Core/Src/tim.c.obj
                0x08001bc0                HAL_TIM_Base_MspInit
 .text.HAL_TIM_MspPostInit
                0x08001c38       0xe4 CMakeFiles/wheel_leg.elf.dir/Core/Src/tim.c.obj
                0x08001c38                HAL_TIM_MspPostInit
 .text.MX_TIM4_Init
                0x08001d1c       0xb0 CMakeFiles/wheel_leg.elf.dir/Core/Src/tim.c.obj
                0x08001d1c                MX_TIM4_Init
 .text.MX_TIM5_Init
                0x08001dcc       0xd4 CMakeFiles/wheel_leg.elf.dir/Core/Src/tim.c.obj
                0x08001dcc                MX_TIM5_Init
 .text.MX_TIM10_Init
                0x08001ea0       0x74 CMakeFiles/wheel_leg.elf.dir/Core/Src/tim.c.obj
                0x08001ea0                MX_TIM10_Init
 .text.MX_USART3_UART_Init
                0x08001f14       0x3c CMakeFiles/wheel_leg.elf.dir/Core/Src/usart.c.obj
                0x08001f14                MX_USART3_UART_Init
 .text.HAL_UART_MspInit
                0x08001f50       0xc0 CMakeFiles/wheel_leg.elf.dir/Core/Src/usart.c.obj
                0x08001f50                HAL_UART_MspInit
 .text.Reset_Handler
                0x08002010       0x50 CMakeFiles/wheel_leg.elf.dir/Core/Startup/startup_stm32f407ighx.s.obj
                0x08002010                Reset_Handler
 .text.Default_Handler
                0x08002060        0x2 CMakeFiles/wheel_leg.elf.dir/Core/Startup/startup_stm32f407ighx.s.obj
                0x08002060                RTC_Alarm_IRQHandler
                0x08002060                HASH_RNG_IRQHandler
                0x08002060                EXTI2_IRQHandler
                0x08002060                TIM8_CC_IRQHandler
                0x08002060                TIM1_CC_IRQHandler
                0x08002060                DMA2_Stream5_IRQHandler
                0x08002060                DMA1_Stream5_IRQHandler
                0x08002060                PVD_IRQHandler
                0x08002060                SDIO_IRQHandler
                0x08002060                TAMP_STAMP_IRQHandler
                0x08002060                CAN2_RX1_IRQHandler
                0x08002060                TIM8_TRG_COM_TIM14_IRQHandler
                0x08002060                TIM1_UP_TIM10_IRQHandler
                0x08002060                TIM8_UP_TIM13_IRQHandler
                0x08002060                I2C3_ER_IRQHandler
                0x08002060                I2C2_EV_IRQHandler
                0x08002060                DMA1_Stream2_IRQHandler
                0x08002060                FPU_IRQHandler
                0x08002060                OTG_HS_WKUP_IRQHandler
                0x08002060                CAN2_SCE_IRQHandler
                0x08002060                SPI1_IRQHandler
                0x08002060                TIM6_DAC_IRQHandler
                0x08002060                TIM1_BRK_TIM9_IRQHandler
                0x08002060                DCMI_IRQHandler
                0x08002060                USART6_IRQHandler
                0x08002060                CAN1_RX1_IRQHandler
                0x08002060                UART5_IRQHandler
                0x08002060                DMA2_Stream0_IRQHandler
                0x08002060                TIM4_IRQHandler
                0x08002060                I2C1_EV_IRQHandler
                0x08002060                DMA1_Stream6_IRQHandler
                0x08002060                UART4_IRQHandler
                0x08002060                TIM3_IRQHandler
                0x08002060                RCC_IRQHandler
                0x08002060                TIM8_BRK_TIM12_IRQHandler
                0x08002060                Default_Handler
                0x08002060                EXTI15_10_IRQHandler
                0x08002060                ADC_IRQHandler
                0x08002060                DMA1_Stream7_IRQHandler
                0x08002060                TIM7_IRQHandler
                0x08002060                TIM5_IRQHandler
                0x08002060                DMA2_Stream7_IRQHandler
                0x08002060                I2C3_EV_IRQHandler
                0x08002060                RTC_WKUP_IRQHandler
                0x08002060                ETH_WKUP_IRQHandler
                0x08002060                SPI2_IRQHandler
                0x08002060                OTG_HS_EP1_IN_IRQHandler
                0x08002060                DMA1_Stream0_IRQHandler
                0x08002060                FSMC_IRQHandler
                0x08002060                ETH_IRQHandler
                0x08002060                OTG_HS_EP1_OUT_IRQHandler
                0x08002060                WWDG_IRQHandler
                0x08002060                OTG_FS_WKUP_IRQHandler
                0x08002060                TIM1_TRG_COM_TIM11_IRQHandler
                0x08002060                OTG_HS_IRQHandler
                0x08002060                EXTI1_IRQHandler
                0x08002060                USART2_IRQHandler
                0x08002060                I2C2_ER_IRQHandler
                0x08002060                DMA2_Stream1_IRQHandler
                0x08002060                CAN1_SCE_IRQHandler
                0x08002060                FLASH_IRQHandler
                0x08002060                DMA2_Stream4_IRQHandler
                0x08002060                USART1_IRQHandler
                0x08002060                SPI3_IRQHandler
                0x08002060                DMA1_Stream4_IRQHandler
                0x08002060                I2C1_ER_IRQHandler
                0x08002060                DMA2_Stream6_IRQHandler
                0x08002060                DMA1_Stream3_IRQHandler
 *fill*         0x08002062        0x2 
 .text.HAL_Init
                0x08002064       0x34 CMakeFiles/wheel_leg.elf.dir/Drivers/STM32F4xx_HAL_Driver/Src/stm32f4xx_hal.c.obj
                0x08002064                HAL_Init
 .text.HAL_IncTick
                0x08002098       0x18 CMakeFiles/wheel_leg.elf.dir/Drivers/STM32F4xx_HAL_Driver/Src/stm32f4xx_hal.c.obj
                0x08002098                HAL_IncTick
 .text.HAL_GetTick
                0x080020b0        0xc CMakeFiles/wheel_leg.elf.dir/Drivers/STM32F4xx_HAL_Driver/Src/stm32f4xx_hal.c.obj
                0x080020b0                HAL_GetTick
 .text.HAL_Delay
                0x080020bc       0x28 CMakeFiles/wheel_leg.elf.dir/Drivers/STM32F4xx_HAL_Driver/Src/stm32f4xx_hal.c.obj
                0x080020bc                HAL_Delay
 .text.HAL_CAN_Init
                0x080020e4      0x14c CMakeFiles/wheel_leg.elf.dir/Drivers/STM32F4xx_HAL_Driver/Src/stm32f4xx_hal_can.c.obj
                0x080020e4                HAL_CAN_Init
 .text.HAL_CAN_ConfigFilter
                0x08002230      0x138 CMakeFiles/wheel_leg.elf.dir/Drivers/STM32F4xx_HAL_Driver/Src/stm32f4xx_hal_can.c.obj
                0x08002230                HAL_CAN_ConfigFilter
 .text.HAL_CAN_Start
                0x08002368       0x5c CMakeFiles/wheel_leg.elf.dir/Drivers/STM32F4xx_HAL_Driver/Src/stm32f4xx_hal_can.c.obj
                0x08002368                HAL_CAN_Start
 .text.HAL_CAN_AddTxMessage
                0x080023c4       0xea CMakeFiles/wheel_leg.elf.dir/Drivers/STM32F4xx_HAL_Driver/Src/stm32f4xx_hal_can.c.obj
                0x080023c4                HAL_CAN_AddTxMessage
 .text.HAL_CAN_GetRxMessage
                0x080024ae      0x16a CMakeFiles/wheel_leg.elf.dir/Drivers/STM32F4xx_HAL_Driver/Src/stm32f4xx_hal_can.c.obj
                0x080024ae                HAL_CAN_GetRxMessage
 .text.HAL_CAN_ActivateNotification
                0x08002618       0x24 CMakeFiles/wheel_leg.elf.dir/Drivers/STM32F4xx_HAL_Driver/Src/stm32f4xx_hal_can.c.obj
                0x08002618                HAL_CAN_ActivateNotification
 .text.HAL_CAN_TxMailbox0CompleteCallback
                0x0800263c        0x2 CMakeFiles/wheel_leg.elf.dir/Drivers/STM32F4xx_HAL_Driver/Src/stm32f4xx_hal_can.c.obj
                0x0800263c                HAL_CAN_TxMailbox0CompleteCallback
 .text.HAL_CAN_TxMailbox1CompleteCallback
                0x0800263e        0x2 CMakeFiles/wheel_leg.elf.dir/Drivers/STM32F4xx_HAL_Driver/Src/stm32f4xx_hal_can.c.obj
                0x0800263e                HAL_CAN_TxMailbox1CompleteCallback
 .text.HAL_CAN_TxMailbox2CompleteCallback
                0x08002640        0x2 CMakeFiles/wheel_leg.elf.dir/Drivers/STM32F4xx_HAL_Driver/Src/stm32f4xx_hal_can.c.obj
                0x08002640                HAL_CAN_TxMailbox2CompleteCallback
 .text.HAL_CAN_TxMailbox0AbortCallback
                0x08002642        0x2 CMakeFiles/wheel_leg.elf.dir/Drivers/STM32F4xx_HAL_Driver/Src/stm32f4xx_hal_can.c.obj
                0x08002642                HAL_CAN_TxMailbox0AbortCallback
 .text.HAL_CAN_TxMailbox1AbortCallback
                0x08002644        0x2 CMakeFiles/wheel_leg.elf.dir/Drivers/STM32F4xx_HAL_Driver/Src/stm32f4xx_hal_can.c.obj
                0x08002644                HAL_CAN_TxMailbox1AbortCallback
 .text.HAL_CAN_TxMailbox2AbortCallback
                0x08002646        0x2 CMakeFiles/wheel_leg.elf.dir/Drivers/STM32F4xx_HAL_Driver/Src/stm32f4xx_hal_can.c.obj
                0x08002646                HAL_CAN_TxMailbox2AbortCallback
 .text.HAL_CAN_RxFifo0FullCallback
                0x08002648        0x2 CMakeFiles/wheel_leg.elf.dir/Drivers/STM32F4xx_HAL_Driver/Src/stm32f4xx_hal_can.c.obj
                0x08002648                HAL_CAN_RxFifo0FullCallback
 .text.HAL_CAN_RxFifo1MsgPendingCallback
                0x0800264a        0x2 CMakeFiles/wheel_leg.elf.dir/Drivers/STM32F4xx_HAL_Driver/Src/stm32f4xx_hal_can.c.obj
                0x0800264a                HAL_CAN_RxFifo1MsgPendingCallback
 .text.HAL_CAN_RxFifo1FullCallback
                0x0800264c        0x2 CMakeFiles/wheel_leg.elf.dir/Drivers/STM32F4xx_HAL_Driver/Src/stm32f4xx_hal_can.c.obj
                0x0800264c                HAL_CAN_RxFifo1FullCallback
 .text.HAL_CAN_SleepCallback
                0x0800264e        0x2 CMakeFiles/wheel_leg.elf.dir/Drivers/STM32F4xx_HAL_Driver/Src/stm32f4xx_hal_can.c.obj
                0x0800264e                HAL_CAN_SleepCallback
 .text.HAL_CAN_WakeUpFromRxMsgCallback
                0x08002650        0x2 CMakeFiles/wheel_leg.elf.dir/Drivers/STM32F4xx_HAL_Driver/Src/stm32f4xx_hal_can.c.obj
                0x08002650                HAL_CAN_WakeUpFromRxMsgCallback
 .text.HAL_CAN_ErrorCallback
                0x08002652        0x2 CMakeFiles/wheel_leg.elf.dir/Drivers/STM32F4xx_HAL_Driver/Src/stm32f4xx_hal_can.c.obj
                0x08002652                HAL_CAN_ErrorCallback
 .text.HAL_CAN_IRQHandler
                0x08002654      0x24a CMakeFiles/wheel_leg.elf.dir/Drivers/STM32F4xx_HAL_Driver/Src/stm32f4xx_hal_can.c.obj
                0x08002654                HAL_CAN_IRQHandler
 *fill*         0x0800289e        0x2 
 .text.HAL_NVIC_SetPriorityGrouping
                0x080028a0       0x24 CMakeFiles/wheel_leg.elf.dir/Drivers/STM32F4xx_HAL_Driver/Src/stm32f4xx_hal_cortex.c.obj
                0x080028a0                HAL_NVIC_SetPriorityGrouping
 .text.HAL_NVIC_SetPriority
                0x080028c4       0x70 CMakeFiles/wheel_leg.elf.dir/Drivers/STM32F4xx_HAL_Driver/Src/stm32f4xx_hal_cortex.c.obj
                0x080028c4                HAL_NVIC_SetPriority
 .text.HAL_NVIC_EnableIRQ
                0x08002934       0x1c CMakeFiles/wheel_leg.elf.dir/Drivers/STM32F4xx_HAL_Driver/Src/stm32f4xx_hal_cortex.c.obj
                0x08002934                HAL_NVIC_EnableIRQ
 .text.DMA_CalcBaseAndBitshift
                0x08002950       0x44 CMakeFiles/wheel_leg.elf.dir/Drivers/STM32F4xx_HAL_Driver/Src/stm32f4xx_hal_dma.c.obj
 .text.DMA_CheckFifoParam
                0x08002994       0x8e CMakeFiles/wheel_leg.elf.dir/Drivers/STM32F4xx_HAL_Driver/Src/stm32f4xx_hal_dma.c.obj
 *fill*         0x08002a22        0x2 
 .text.HAL_DMA_Init
                0x08002a24       0xcc CMakeFiles/wheel_leg.elf.dir/Drivers/STM32F4xx_HAL_Driver/Src/stm32f4xx_hal_dma.c.obj
                0x08002a24                HAL_DMA_Init
 .text.HAL_DMA_IRQHandler
                0x08002af0      0x1dc CMakeFiles/wheel_leg.elf.dir/Drivers/STM32F4xx_HAL_Driver/Src/stm32f4xx_hal_dma.c.obj
                0x08002af0                HAL_DMA_IRQHandler
 .text.FLASH_Program_DoubleWord
                0x08002ccc       0x30 CMakeFiles/wheel_leg.elf.dir/Drivers/STM32F4xx_HAL_Driver/Src/stm32f4xx_hal_flash.c.obj
 .text.FLASH_Program_Word
                0x08002cfc       0x24 CMakeFiles/wheel_leg.elf.dir/Drivers/STM32F4xx_HAL_Driver/Src/stm32f4xx_hal_flash.c.obj
 .text.FLASH_Program_HalfWord
                0x08002d20       0x24 CMakeFiles/wheel_leg.elf.dir/Drivers/STM32F4xx_HAL_Driver/Src/stm32f4xx_hal_flash.c.obj
 .text.FLASH_Program_Byte
                0x08002d44       0x20 CMakeFiles/wheel_leg.elf.dir/Drivers/STM32F4xx_HAL_Driver/Src/stm32f4xx_hal_flash.c.obj
 .text.FLASH_SetErrorCode
                0x08002d64       0x8c CMakeFiles/wheel_leg.elf.dir/Drivers/STM32F4xx_HAL_Driver/Src/stm32f4xx_hal_flash.c.obj
 .text.HAL_FLASH_Unlock
                0x08002df0       0x30 CMakeFiles/wheel_leg.elf.dir/Drivers/STM32F4xx_HAL_Driver/Src/stm32f4xx_hal_flash.c.obj
                0x08002df0                HAL_FLASH_Unlock
 .text.HAL_FLASH_Lock
                0x08002e20       0x14 CMakeFiles/wheel_leg.elf.dir/Drivers/STM32F4xx_HAL_Driver/Src/stm32f4xx_hal_flash.c.obj
                0x08002e20                HAL_FLASH_Lock
 .text.FLASH_WaitForLastOperation
                0x08002e34       0x60 CMakeFiles/wheel_leg.elf.dir/Drivers/STM32F4xx_HAL_Driver/Src/stm32f4xx_hal_flash.c.obj
                0x08002e34                FLASH_WaitForLastOperation
 .text.HAL_FLASH_Program
                0x08002e94       0x7c CMakeFiles/wheel_leg.elf.dir/Drivers/STM32F4xx_HAL_Driver/Src/stm32f4xx_hal_flash.c.obj
                0x08002e94                HAL_FLASH_Program
 .text.FLASH_MassErase
                0x08002f10       0x24 CMakeFiles/wheel_leg.elf.dir/Drivers/STM32F4xx_HAL_Driver/Src/stm32f4xx_hal_flash_ex.c.obj
 .text.FLASH_Erase_Sector
                0x08002f34       0x54 CMakeFiles/wheel_leg.elf.dir/Drivers/STM32F4xx_HAL_Driver/Src/stm32f4xx_hal_flash_ex.c.obj
                0x08002f34                FLASH_Erase_Sector
 .text.FLASH_FlushCaches
                0x08002f88       0x60 CMakeFiles/wheel_leg.elf.dir/Drivers/STM32F4xx_HAL_Driver/Src/stm32f4xx_hal_flash_ex.c.obj
                0x08002f88                FLASH_FlushCaches
 .text.HAL_FLASHEx_Erase
                0x08002fe8       0x94 CMakeFiles/wheel_leg.elf.dir/Drivers/STM32F4xx_HAL_Driver/Src/stm32f4xx_hal_flash_ex.c.obj
                0x08002fe8                HAL_FLASHEx_Erase
 .text.HAL_GPIO_Init
                0x0800307c      0x1e4 CMakeFiles/wheel_leg.elf.dir/Drivers/STM32F4xx_HAL_Driver/Src/stm32f4xx_hal_gpio.c.obj
                0x0800307c                HAL_GPIO_Init
 .text.HAL_GPIO_WritePin
                0x08003260        0xc CMakeFiles/wheel_leg.elf.dir/Drivers/STM32F4xx_HAL_Driver/Src/stm32f4xx_hal_gpio.c.obj
                0x08003260                HAL_GPIO_WritePin
 .text.HAL_GPIO_EXTI_IRQHandler
                0x0800326c       0x1c CMakeFiles/wheel_leg.elf.dir/Drivers/STM32F4xx_HAL_Driver/Src/stm32f4xx_hal_gpio.c.obj
                0x0800326c                HAL_GPIO_EXTI_IRQHandler
 .text.I2C_IsAcknowledgeFailed
                0x08003288       0x32 CMakeFiles/wheel_leg.elf.dir/Drivers/STM32F4xx_HAL_Driver/Src/stm32f4xx_hal_i2c.c.obj
 .text.I2C_WaitOnFlagUntilTimeout
                0x080032ba       0xaa CMakeFiles/wheel_leg.elf.dir/Drivers/STM32F4xx_HAL_Driver/Src/stm32f4xx_hal_i2c.c.obj
 .text.I2C_WaitOnMasterAddressFlagUntilTimeout
                0x08003364       0xd6 CMakeFiles/wheel_leg.elf.dir/Drivers/STM32F4xx_HAL_Driver/Src/stm32f4xx_hal_i2c.c.obj
 .text.I2C_WaitOnTXEFlagUntilTimeout
                0x0800343a       0x5e CMakeFiles/wheel_leg.elf.dir/Drivers/STM32F4xx_HAL_Driver/Src/stm32f4xx_hal_i2c.c.obj
 .text.I2C_RequestMemoryWrite
                0x08003498       0xd8 CMakeFiles/wheel_leg.elf.dir/Drivers/STM32F4xx_HAL_Driver/Src/stm32f4xx_hal_i2c.c.obj
 .text.I2C_RequestMemoryRead
                0x08003570      0x154 CMakeFiles/wheel_leg.elf.dir/Drivers/STM32F4xx_HAL_Driver/Src/stm32f4xx_hal_i2c.c.obj
 .text.I2C_WaitOnBTFFlagUntilTimeout
                0x080036c4       0x5e CMakeFiles/wheel_leg.elf.dir/Drivers/STM32F4xx_HAL_Driver/Src/stm32f4xx_hal_i2c.c.obj
 .text.I2C_WaitOnRXNEFlagUntilTimeout
                0x08003722       0x78 CMakeFiles/wheel_leg.elf.dir/Drivers/STM32F4xx_HAL_Driver/Src/stm32f4xx_hal_i2c.c.obj
 *fill*         0x0800379a        0x2 
 .text.HAL_I2C_Init
                0x0800379c      0x1bc CMakeFiles/wheel_leg.elf.dir/Drivers/STM32F4xx_HAL_Driver/Src/stm32f4xx_hal_i2c.c.obj
                0x0800379c                HAL_I2C_Init
 .text.HAL_I2C_Mem_Write
                0x08003958      0x164 CMakeFiles/wheel_leg.elf.dir/Drivers/STM32F4xx_HAL_Driver/Src/stm32f4xx_hal_i2c.c.obj
                0x08003958                HAL_I2C_Mem_Write
 .text.HAL_I2C_Mem_Read
                0x08003abc      0x2f8 CMakeFiles/wheel_leg.elf.dir/Drivers/STM32F4xx_HAL_Driver/Src/stm32f4xx_hal_i2c.c.obj
                0x08003abc                HAL_I2C_Mem_Read
 .text.PCD_WriteEmptyTxFifo
                0x08003db4       0xd0 CMakeFiles/wheel_leg.elf.dir/Drivers/STM32F4xx_HAL_Driver/Src/stm32f4xx_hal_pcd.c.obj
 .text.HAL_PCD_Init
                0x08003e84      0x102 CMakeFiles/wheel_leg.elf.dir/Drivers/STM32F4xx_HAL_Driver/Src/stm32f4xx_hal_pcd.c.obj
                0x08003e84                HAL_PCD_Init
 .text.HAL_PCD_Start
                0x08003f86       0x44 CMakeFiles/wheel_leg.elf.dir/Drivers/STM32F4xx_HAL_Driver/Src/stm32f4xx_hal_pcd.c.obj
                0x08003f86                HAL_PCD_Start
 *fill*         0x08003fca        0x2 
 .text.PCD_EP_OutXfrComplete_int
                0x08003fcc      0x104 CMakeFiles/wheel_leg.elf.dir/Drivers/STM32F4xx_HAL_Driver/Src/stm32f4xx_hal_pcd.c.obj
 .text.PCD_EP_OutSetupPacket_int
                0x080040d0       0x50 CMakeFiles/wheel_leg.elf.dir/Drivers/STM32F4xx_HAL_Driver/Src/stm32f4xx_hal_pcd.c.obj
 .text.HAL_PCD_SetAddress
                0x08004120       0x26 CMakeFiles/wheel_leg.elf.dir/Drivers/STM32F4xx_HAL_Driver/Src/stm32f4xx_hal_pcd.c.obj
                0x08004120                HAL_PCD_SetAddress
 .text.HAL_PCD_EP_Open
                0x08004146       0x88 CMakeFiles/wheel_leg.elf.dir/Drivers/STM32F4xx_HAL_Driver/Src/stm32f4xx_hal_pcd.c.obj
                0x08004146                HAL_PCD_EP_Open
 .text.HAL_PCD_EP_Close
                0x080041ce       0x70 CMakeFiles/wheel_leg.elf.dir/Drivers/STM32F4xx_HAL_Driver/Src/stm32f4xx_hal_pcd.c.obj
                0x080041ce                HAL_PCD_EP_Close
 .text.HAL_PCD_EP_Receive
                0x0800423e       0x4a CMakeFiles/wheel_leg.elf.dir/Drivers/STM32F4xx_HAL_Driver/Src/stm32f4xx_hal_pcd.c.obj
                0x0800423e                HAL_PCD_EP_Receive
 .text.HAL_PCD_EP_GetRxCount
                0x08004288       0x12 CMakeFiles/wheel_leg.elf.dir/Drivers/STM32F4xx_HAL_Driver/Src/stm32f4xx_hal_pcd.c.obj
                0x08004288                HAL_PCD_EP_GetRxCount
 .text.HAL_PCD_EP_Transmit
                0x0800429a       0x4a CMakeFiles/wheel_leg.elf.dir/Drivers/STM32F4xx_HAL_Driver/Src/stm32f4xx_hal_pcd.c.obj
                0x0800429a                HAL_PCD_EP_Transmit
 .text.HAL_PCD_EP_SetStall
                0x080042e4       0x86 CMakeFiles/wheel_leg.elf.dir/Drivers/STM32F4xx_HAL_Driver/Src/stm32f4xx_hal_pcd.c.obj
                0x080042e4                HAL_PCD_EP_SetStall
 .text.HAL_PCD_EP_ClrStall
                0x0800436a       0x74 CMakeFiles/wheel_leg.elf.dir/Drivers/STM32F4xx_HAL_Driver/Src/stm32f4xx_hal_pcd.c.obj
                0x0800436a                HAL_PCD_EP_ClrStall
 .text.HAL_PCD_EP_Abort
                0x080043de       0x34 CMakeFiles/wheel_leg.elf.dir/Drivers/STM32F4xx_HAL_Driver/Src/stm32f4xx_hal_pcd.c.obj
                0x080043de                HAL_PCD_EP_Abort
 .text.HAL_PCD_IRQHandler
                0x08004412      0x5bc CMakeFiles/wheel_leg.elf.dir/Drivers/STM32F4xx_HAL_Driver/Src/stm32f4xx_hal_pcd.c.obj
                0x08004412                HAL_PCD_IRQHandler
 .text.HAL_PCDEx_SetTxFiFo
                0x080049ce       0x4c CMakeFiles/wheel_leg.elf.dir/Drivers/STM32F4xx_HAL_Driver/Src/stm32f4xx_hal_pcd_ex.c.obj
                0x080049ce                HAL_PCDEx_SetTxFiFo
 .text.HAL_PCDEx_SetRxFiFo
                0x08004a1a        0x8 CMakeFiles/wheel_leg.elf.dir/Drivers/STM32F4xx_HAL_Driver/Src/stm32f4xx_hal_pcd_ex.c.obj
                0x08004a1a                HAL_PCDEx_SetRxFiFo
 .text.HAL_PCDEx_LPM_Callback
                0x08004a22        0x2 CMakeFiles/wheel_leg.elf.dir/Drivers/STM32F4xx_HAL_Driver/Src/stm32f4xx_hal_pcd_ex.c.obj
                0x08004a22                HAL_PCDEx_LPM_Callback
 .text.HAL_RCC_OscConfig
                0x08004a24      0x3f8 CMakeFiles/wheel_leg.elf.dir/Drivers/STM32F4xx_HAL_Driver/Src/stm32f4xx_hal_rcc.c.obj
                0x08004a24                HAL_RCC_OscConfig
 .text.HAL_RCC_GetSysClockFreq
                0x08004e1c       0xa4 CMakeFiles/wheel_leg.elf.dir/Drivers/STM32F4xx_HAL_Driver/Src/stm32f4xx_hal_rcc.c.obj
                0x08004e1c                HAL_RCC_GetSysClockFreq
 .text.HAL_RCC_ClockConfig
                0x08004ec0      0x160 CMakeFiles/wheel_leg.elf.dir/Drivers/STM32F4xx_HAL_Driver/Src/stm32f4xx_hal_rcc.c.obj
                0x08004ec0                HAL_RCC_ClockConfig
 .text.HAL_RCC_GetHCLKFreq
                0x08005020        0xc CMakeFiles/wheel_leg.elf.dir/Drivers/STM32F4xx_HAL_Driver/Src/stm32f4xx_hal_rcc.c.obj
                0x08005020                HAL_RCC_GetHCLKFreq
 .text.HAL_RCC_GetPCLK1Freq
                0x0800502c       0x20 CMakeFiles/wheel_leg.elf.dir/Drivers/STM32F4xx_HAL_Driver/Src/stm32f4xx_hal_rcc.c.obj
                0x0800502c                HAL_RCC_GetPCLK1Freq
 .text.HAL_RCC_GetPCLK2Freq
                0x0800504c       0x20 CMakeFiles/wheel_leg.elf.dir/Drivers/STM32F4xx_HAL_Driver/Src/stm32f4xx_hal_rcc.c.obj
                0x0800504c                HAL_RCC_GetPCLK2Freq
 .text.HAL_RCC_GetClockConfig
                0x0800506c       0x3c CMakeFiles/wheel_leg.elf.dir/Drivers/STM32F4xx_HAL_Driver/Src/stm32f4xx_hal_rcc.c.obj
                0x0800506c                HAL_RCC_GetClockConfig
 .text.SPI_WaitFlagStateUntilTimeout
                0x080050a8       0xd4 CMakeFiles/wheel_leg.elf.dir/Drivers/STM32F4xx_HAL_Driver/Src/stm32f4xx_hal_spi.c.obj
 .text.SPI_EndRxTxTransaction
                0x0800517c       0x80 CMakeFiles/wheel_leg.elf.dir/Drivers/STM32F4xx_HAL_Driver/Src/stm32f4xx_hal_spi.c.obj
 .text.HAL_SPI_Init
                0x080051fc       0xbe CMakeFiles/wheel_leg.elf.dir/Drivers/STM32F4xx_HAL_Driver/Src/stm32f4xx_hal_spi.c.obj
                0x080051fc                HAL_SPI_Init
 .text.HAL_SPI_TransmitReceive
                0x080052ba      0x244 CMakeFiles/wheel_leg.elf.dir/Drivers/STM32F4xx_HAL_Driver/Src/stm32f4xx_hal_spi.c.obj
                0x080052ba                HAL_SPI_TransmitReceive
 *fill*         0x080054fe        0x2 
 .text.TIM_OC1_SetConfig
                0x08005500       0x68 CMakeFiles/wheel_leg.elf.dir/Drivers/STM32F4xx_HAL_Driver/Src/stm32f4xx_hal_tim.c.obj
 .text.TIM_OC3_SetConfig
                0x08005568       0x70 CMakeFiles/wheel_leg.elf.dir/Drivers/STM32F4xx_HAL_Driver/Src/stm32f4xx_hal_tim.c.obj
 .text.TIM_OC4_SetConfig
                0x080055d8       0x50 CMakeFiles/wheel_leg.elf.dir/Drivers/STM32F4xx_HAL_Driver/Src/stm32f4xx_hal_tim.c.obj
 .text.TIM_TI1_ConfigInputStage
                0x08005628       0x26 CMakeFiles/wheel_leg.elf.dir/Drivers/STM32F4xx_HAL_Driver/Src/stm32f4xx_hal_tim.c.obj
 .text.TIM_TI2_ConfigInputStage
                0x0800564e       0x28 CMakeFiles/wheel_leg.elf.dir/Drivers/STM32F4xx_HAL_Driver/Src/stm32f4xx_hal_tim.c.obj
 .text.TIM_ITRx_SetConfig
                0x08005676       0x10 CMakeFiles/wheel_leg.elf.dir/Drivers/STM32F4xx_HAL_Driver/Src/stm32f4xx_hal_tim.c.obj
 *fill*         0x08005686        0x2 
 .text.HAL_TIM_Base_Start_IT
                0x08005688       0x88 CMakeFiles/wheel_leg.elf.dir/Drivers/STM32F4xx_HAL_Driver/Src/stm32f4xx_hal_tim.c.obj
                0x08005688                HAL_TIM_Base_Start_IT
 .text.HAL_TIM_PWM_MspInit
                0x08005710        0x2 CMakeFiles/wheel_leg.elf.dir/Drivers/STM32F4xx_HAL_Driver/Src/stm32f4xx_hal_tim.c.obj
                0x08005710                HAL_TIM_PWM_MspInit
 .text.HAL_TIM_OC_DelayElapsedCallback
                0x08005712        0x2 CMakeFiles/wheel_leg.elf.dir/Drivers/STM32F4xx_HAL_Driver/Src/stm32f4xx_hal_tim.c.obj
                0x08005712                HAL_TIM_OC_DelayElapsedCallback
 .text.HAL_TIM_IC_CaptureCallback
                0x08005714        0x2 CMakeFiles/wheel_leg.elf.dir/Drivers/STM32F4xx_HAL_Driver/Src/stm32f4xx_hal_tim.c.obj
                0x08005714                HAL_TIM_IC_CaptureCallback
 .text.HAL_TIM_PWM_PulseFinishedCallback
                0x08005716        0x2 CMakeFiles/wheel_leg.elf.dir/Drivers/STM32F4xx_HAL_Driver/Src/stm32f4xx_hal_tim.c.obj
                0x08005716                HAL_TIM_PWM_PulseFinishedCallback
 .text.HAL_TIM_TriggerCallback
                0x08005718        0x2 CMakeFiles/wheel_leg.elf.dir/Drivers/STM32F4xx_HAL_Driver/Src/stm32f4xx_hal_tim.c.obj
                0x08005718                HAL_TIM_TriggerCallback
 .text.HAL_TIM_IRQHandler
                0x0800571a      0x15e CMakeFiles/wheel_leg.elf.dir/Drivers/STM32F4xx_HAL_Driver/Src/stm32f4xx_hal_tim.c.obj
                0x0800571a                HAL_TIM_IRQHandler
 .text.TIM_Base_SetConfig
                0x08005878       0xd8 CMakeFiles/wheel_leg.elf.dir/Drivers/STM32F4xx_HAL_Driver/Src/stm32f4xx_hal_tim.c.obj
                0x08005878                TIM_Base_SetConfig
 .text.HAL_TIM_Base_Init
                0x08005950       0x58 CMakeFiles/wheel_leg.elf.dir/Drivers/STM32F4xx_HAL_Driver/Src/stm32f4xx_hal_tim.c.obj
                0x08005950                HAL_TIM_Base_Init
 .text.HAL_TIM_PWM_Init
                0x080059a8       0x58 CMakeFiles/wheel_leg.elf.dir/Drivers/STM32F4xx_HAL_Driver/Src/stm32f4xx_hal_tim.c.obj
                0x080059a8                HAL_TIM_PWM_Init
 .text.TIM_OC2_SetConfig
                0x08005a00       0x70 CMakeFiles/wheel_leg.elf.dir/Drivers/STM32F4xx_HAL_Driver/Src/stm32f4xx_hal_tim.c.obj
                0x08005a00                TIM_OC2_SetConfig
 .text.HAL_TIM_PWM_ConfigChannel
                0x08005a70       0xdc CMakeFiles/wheel_leg.elf.dir/Drivers/STM32F4xx_HAL_Driver/Src/stm32f4xx_hal_tim.c.obj
                0x08005a70                HAL_TIM_PWM_ConfigChannel
 .text.TIM_ETR_SetConfig
                0x08005b4c       0x1a CMakeFiles/wheel_leg.elf.dir/Drivers/STM32F4xx_HAL_Driver/Src/stm32f4xx_hal_tim.c.obj
                0x08005b4c                TIM_ETR_SetConfig
 .text.HAL_TIM_ConfigClockSource
                0x08005b66       0xfe CMakeFiles/wheel_leg.elf.dir/Drivers/STM32F4xx_HAL_Driver/Src/stm32f4xx_hal_tim.c.obj
                0x08005b66                HAL_TIM_ConfigClockSource
 .text.HAL_TIMEx_MasterConfigSynchronization
                0x08005c64       0x8c CMakeFiles/wheel_leg.elf.dir/Drivers/STM32F4xx_HAL_Driver/Src/stm32f4xx_hal_tim_ex.c.obj
                0x08005c64                HAL_TIMEx_MasterConfigSynchronization
 .text.HAL_TIMEx_CommutCallback
                0x08005cf0        0x2 CMakeFiles/wheel_leg.elf.dir/Drivers/STM32F4xx_HAL_Driver/Src/stm32f4xx_hal_tim_ex.c.obj
                0x08005cf0                HAL_TIMEx_CommutCallback
 .text.HAL_TIMEx_BreakCallback
                0x08005cf2        0x2 CMakeFiles/wheel_leg.elf.dir/Drivers/STM32F4xx_HAL_Driver/Src/stm32f4xx_hal_tim_ex.c.obj
                0x08005cf2                HAL_TIMEx_BreakCallback
 .text.UART_SetConfig
                0x08005cf4      0x110 CMakeFiles/wheel_leg.elf.dir/Drivers/STM32F4xx_HAL_Driver/Src/stm32f4xx_hal_uart.c.obj
 .text.HAL_UART_Init
                0x08005e04       0x60 CMakeFiles/wheel_leg.elf.dir/Drivers/STM32F4xx_HAL_Driver/Src/stm32f4xx_hal_uart.c.obj
                0x08005e04                HAL_UART_Init
 .text.USB_CoreReset
                0x08005e64       0x4a CMakeFiles/wheel_leg.elf.dir/Drivers/STM32F4xx_HAL_Driver/Src/stm32f4xx_ll_usb.c.obj
 .text.USB_CoreInit
                0x08005eae       0x92 CMakeFiles/wheel_leg.elf.dir/Drivers/STM32F4xx_HAL_Driver/Src/stm32f4xx_ll_usb.c.obj
                0x08005eae                USB_CoreInit
 .text.USB_SetTurnaroundTime
                0x08005f40       0xe4 CMakeFiles/wheel_leg.elf.dir/Drivers/STM32F4xx_HAL_Driver/Src/stm32f4xx_ll_usb.c.obj
                0x08005f40                USB_SetTurnaroundTime
 .text.USB_EnableGlobalInt
                0x08006024        0xc CMakeFiles/wheel_leg.elf.dir/Drivers/STM32F4xx_HAL_Driver/Src/stm32f4xx_ll_usb.c.obj
                0x08006024                USB_EnableGlobalInt
 .text.USB_DisableGlobalInt
                0x08006030        0xc CMakeFiles/wheel_leg.elf.dir/Drivers/STM32F4xx_HAL_Driver/Src/stm32f4xx_ll_usb.c.obj
                0x08006030                USB_DisableGlobalInt
 .text.USB_FlushTxFifo
                0x0800603c       0x4a CMakeFiles/wheel_leg.elf.dir/Drivers/STM32F4xx_HAL_Driver/Src/stm32f4xx_ll_usb.c.obj
                0x0800603c                USB_FlushTxFifo
 .text.USB_FlushRxFifo
                0x08006086       0x46 CMakeFiles/wheel_leg.elf.dir/Drivers/STM32F4xx_HAL_Driver/Src/stm32f4xx_ll_usb.c.obj
                0x08006086                USB_FlushRxFifo
 .text.USB_SetDevSpeed
                0x080060cc        0xe CMakeFiles/wheel_leg.elf.dir/Drivers/STM32F4xx_HAL_Driver/Src/stm32f4xx_ll_usb.c.obj
                0x080060cc                USB_SetDevSpeed
 *fill*         0x080060da        0x2 
 .text.USB_DevInit
                0x080060dc      0x194 CMakeFiles/wheel_leg.elf.dir/Drivers/STM32F4xx_HAL_Driver/Src/stm32f4xx_ll_usb.c.obj
                0x080060dc                USB_DevInit
 .text.USB_GetDevSpeed
                0x08006270       0x22 CMakeFiles/wheel_leg.elf.dir/Drivers/STM32F4xx_HAL_Driver/Src/stm32f4xx_ll_usb.c.obj
                0x08006270                USB_GetDevSpeed
 .text.USB_ActivateEndpoint
                0x08006292       0x9c CMakeFiles/wheel_leg.elf.dir/Drivers/STM32F4xx_HAL_Driver/Src/stm32f4xx_ll_usb.c.obj
                0x08006292                USB_ActivateEndpoint
 *fill*         0x0800632e        0x2 
 .text.USB_DeactivateEndpoint
                0x08006330       0xe0 CMakeFiles/wheel_leg.elf.dir/Drivers/STM32F4xx_HAL_Driver/Src/stm32f4xx_ll_usb.c.obj
                0x08006330                USB_DeactivateEndpoint
 .text.USB_EPStopXfer
                0x08006410       0xbe CMakeFiles/wheel_leg.elf.dir/Drivers/STM32F4xx_HAL_Driver/Src/stm32f4xx_ll_usb.c.obj
                0x08006410                USB_EPStopXfer
 .text.USB_WritePacket
                0x080064ce       0x2e CMakeFiles/wheel_leg.elf.dir/Drivers/STM32F4xx_HAL_Driver/Src/stm32f4xx_ll_usb.c.obj
                0x080064ce                USB_WritePacket
 .text.USB_EPStartXfer
                0x080064fc      0x244 CMakeFiles/wheel_leg.elf.dir/Drivers/STM32F4xx_HAL_Driver/Src/stm32f4xx_ll_usb.c.obj
                0x080064fc                USB_EPStartXfer
 .text.USB_ReadPacket
                0x08006740       0x54 CMakeFiles/wheel_leg.elf.dir/Drivers/STM32F4xx_HAL_Driver/Src/stm32f4xx_ll_usb.c.obj
                0x08006740                USB_ReadPacket
 .text.USB_EPSetStall
                0x08006794       0x5a CMakeFiles/wheel_leg.elf.dir/Drivers/STM32F4xx_HAL_Driver/Src/stm32f4xx_ll_usb.c.obj
                0x08006794                USB_EPSetStall
 .text.USB_EPClearStall
                0x080067ee       0x5c CMakeFiles/wheel_leg.elf.dir/Drivers/STM32F4xx_HAL_Driver/Src/stm32f4xx_ll_usb.c.obj
                0x080067ee                USB_EPClearStall
 .text.USB_SetDevAddress
                0x0800684a       0x20 CMakeFiles/wheel_leg.elf.dir/Drivers/STM32F4xx_HAL_Driver/Src/stm32f4xx_ll_usb.c.obj
                0x0800684a                USB_SetDevAddress
 .text.USB_DevConnect
                0x0800686a       0x1c CMakeFiles/wheel_leg.elf.dir/Drivers/STM32F4xx_HAL_Driver/Src/stm32f4xx_ll_usb.c.obj
                0x0800686a                USB_DevConnect
 .text.USB_DevDisconnect
                0x08006886       0x1c CMakeFiles/wheel_leg.elf.dir/Drivers/STM32F4xx_HAL_Driver/Src/stm32f4xx_ll_usb.c.obj
                0x08006886                USB_DevDisconnect
 .text.USB_ReadInterrupts
                0x080068a2        0x8 CMakeFiles/wheel_leg.elf.dir/Drivers/STM32F4xx_HAL_Driver/Src/stm32f4xx_ll_usb.c.obj
                0x080068a2                USB_ReadInterrupts
 .text.USB_ReadDevAllOutEpInterrupt
                0x080068aa       0x10 CMakeFiles/wheel_leg.elf.dir/Drivers/STM32F4xx_HAL_Driver/Src/stm32f4xx_ll_usb.c.obj
                0x080068aa                USB_ReadDevAllOutEpInterrupt
 .text.USB_ReadDevAllInEpInterrupt
                0x080068ba       0x10 CMakeFiles/wheel_leg.elf.dir/Drivers/STM32F4xx_HAL_Driver/Src/stm32f4xx_ll_usb.c.obj
                0x080068ba                USB_ReadDevAllInEpInterrupt
 .text.USB_ReadDevOutEPInterrupt
                0x080068ca       0x12 CMakeFiles/wheel_leg.elf.dir/Drivers/STM32F4xx_HAL_Driver/Src/stm32f4xx_ll_usb.c.obj
                0x080068ca                USB_ReadDevOutEPInterrupt
 .text.USB_ReadDevInEPInterrupt
                0x080068dc       0x28 CMakeFiles/wheel_leg.elf.dir/Drivers/STM32F4xx_HAL_Driver/Src/stm32f4xx_ll_usb.c.obj
                0x080068dc                USB_ReadDevInEPInterrupt
 .text.USB_GetMode
                0x08006904        0x8 CMakeFiles/wheel_leg.elf.dir/Drivers/STM32F4xx_HAL_Driver/Src/stm32f4xx_ll_usb.c.obj
                0x08006904                USB_GetMode
 .text.USB_SetCurrentMode
                0x0800690c       0x62 CMakeFiles/wheel_leg.elf.dir/Drivers/STM32F4xx_HAL_Driver/Src/stm32f4xx_ll_usb.c.obj
                0x0800690c                USB_SetCurrentMode
 .text.USB_ActivateSetup
                0x0800696e       0x20 CMakeFiles/wheel_leg.elf.dir/Drivers/STM32F4xx_HAL_Driver/Src/stm32f4xx_ll_usb.c.obj
                0x0800696e                USB_ActivateSetup
 *fill*         0x0800698e        0x2 
 .text.USB_EP0_OutStart
                0x08006990       0x60 CMakeFiles/wheel_leg.elf.dir/Drivers/STM32F4xx_HAL_Driver/Src/stm32f4xx_ll_usb.c.obj
                0x08006990                USB_EP0_OutStart
 .text.USBD_CDC_EP0_RxReady
                0x080069f0       0x40 CMakeFiles/wheel_leg.elf.dir/Middlewares/ST/STM32_USB_Device_Library/Class/CDC/Src/usbd_cdc.c.obj
 .text.USBD_CDC_GetDeviceQualifierDescriptor
                0x08006a30        0xc CMakeFiles/wheel_leg.elf.dir/Middlewares/ST/STM32_USB_Device_Library/Class/CDC/Src/usbd_cdc.c.obj
                0x08006a30                USBD_CDC_GetDeviceQualifierDescriptor
 .text.USBD_CDC_GetOtherSpeedCfgDesc
                0x08006a3c       0x48 CMakeFiles/wheel_leg.elf.dir/Middlewares/ST/STM32_USB_Device_Library/Class/CDC/Src/usbd_cdc.c.obj
 .text.USBD_CDC_GetFSCfgDesc
                0x08006a84       0x48 CMakeFiles/wheel_leg.elf.dir/Middlewares/ST/STM32_USB_Device_Library/Class/CDC/Src/usbd_cdc.c.obj
 .text.USBD_CDC_GetHSCfgDesc
                0x08006acc       0x48 CMakeFiles/wheel_leg.elf.dir/Middlewares/ST/STM32_USB_Device_Library/Class/CDC/Src/usbd_cdc.c.obj
 .text.USBD_CDC_DataOut
                0x08006b14       0x38 CMakeFiles/wheel_leg.elf.dir/Middlewares/ST/STM32_USB_Device_Library/Class/CDC/Src/usbd_cdc.c.obj
 .text.USBD_CDC_DataIn
                0x08006b4c       0x7c CMakeFiles/wheel_leg.elf.dir/Middlewares/ST/STM32_USB_Device_Library/Class/CDC/Src/usbd_cdc.c.obj
 .text.USBD_CDC_Setup
                0x08006bc8      0x11a CMakeFiles/wheel_leg.elf.dir/Middlewares/ST/STM32_USB_Device_Library/Class/CDC/Src/usbd_cdc.c.obj
 .text.USBD_CDC_DeInit
                0x08006ce2       0x64 CMakeFiles/wheel_leg.elf.dir/Middlewares/ST/STM32_USB_Device_Library/Class/CDC/Src/usbd_cdc.c.obj
 .text.USBD_CDC_Init
                0x08006d46       0xee CMakeFiles/wheel_leg.elf.dir/Middlewares/ST/STM32_USB_Device_Library/Class/CDC/Src/usbd_cdc.c.obj
 .text.USBD_CDC_RegisterInterface
                0x08006e34       0x16 CMakeFiles/wheel_leg.elf.dir/Middlewares/ST/STM32_USB_Device_Library/Class/CDC/Src/usbd_cdc.c.obj
                0x08006e34                USBD_CDC_RegisterInterface
 .text.USBD_CDC_SetTxBuffer
                0x08006e4a       0x1c CMakeFiles/wheel_leg.elf.dir/Middlewares/ST/STM32_USB_Device_Library/Class/CDC/Src/usbd_cdc.c.obj
                0x08006e4a                USBD_CDC_SetTxBuffer
 .text.USBD_CDC_SetRxBuffer
                0x08006e66       0x18 CMakeFiles/wheel_leg.elf.dir/Middlewares/ST/STM32_USB_Device_Library/Class/CDC/Src/usbd_cdc.c.obj
                0x08006e66                USBD_CDC_SetRxBuffer
 .text.USBD_CDC_ReceivePacket
                0x08006e7e       0x38 CMakeFiles/wheel_leg.elf.dir/Middlewares/ST/STM32_USB_Device_Library/Class/CDC/Src/usbd_cdc.c.obj
                0x08006e7e                USBD_CDC_ReceivePacket
 .text.USBD_Init
                0x08006eb6       0x2e CMakeFiles/wheel_leg.elf.dir/Middlewares/ST/STM32_USB_Device_Library/Core/Src/usbd_core.c.obj
                0x08006eb6                USBD_Init
 .text.USBD_RegisterClass
                0x08006ee4       0x34 CMakeFiles/wheel_leg.elf.dir/Middlewares/ST/STM32_USB_Device_Library/Core/Src/usbd_core.c.obj
                0x08006ee4                USBD_RegisterClass
 .text.USBD_Start
                0x08006f18        0x8 CMakeFiles/wheel_leg.elf.dir/Middlewares/ST/STM32_USB_Device_Library/Core/Src/usbd_core.c.obj
                0x08006f18                USBD_Start
 .text.USBD_SetClassConfig
                0x08006f20       0x12 CMakeFiles/wheel_leg.elf.dir/Middlewares/ST/STM32_USB_Device_Library/Core/Src/usbd_core.c.obj
                0x08006f20                USBD_SetClassConfig
 .text.USBD_ClrClassConfig
                0x08006f32       0x12 CMakeFiles/wheel_leg.elf.dir/Middlewares/ST/STM32_USB_Device_Library/Core/Src/usbd_core.c.obj
                0x08006f32                USBD_ClrClassConfig
 .text.USBD_LL_SetupStage
                0x08006f44       0x58 CMakeFiles/wheel_leg.elf.dir/Middlewares/ST/STM32_USB_Device_Library/Core/Src/usbd_core.c.obj
                0x08006f44                USBD_LL_SetupStage
 .text.USBD_LL_Reset
                0x08006f9c       0x64 CMakeFiles/wheel_leg.elf.dir/Middlewares/ST/STM32_USB_Device_Library/Core/Src/usbd_core.c.obj
                0x08006f9c                USBD_LL_Reset
 .text.USBD_LL_SetSpeed
                0x08007000        0x6 CMakeFiles/wheel_leg.elf.dir/Middlewares/ST/STM32_USB_Device_Library/Core/Src/usbd_core.c.obj
                0x08007000                USBD_LL_SetSpeed
 .text.USBD_LL_Suspend
                0x08007006       0x1e CMakeFiles/wheel_leg.elf.dir/Middlewares/ST/STM32_USB_Device_Library/Core/Src/usbd_core.c.obj
                0x08007006                USBD_LL_Suspend
 .text.USBD_LL_Resume
                0x08007024       0x1a CMakeFiles/wheel_leg.elf.dir/Middlewares/ST/STM32_USB_Device_Library/Core/Src/usbd_core.c.obj
                0x08007024                USBD_LL_Resume
 .text.USBD_LL_SOF
                0x0800703e       0x22 CMakeFiles/wheel_leg.elf.dir/Middlewares/ST/STM32_USB_Device_Library/Core/Src/usbd_core.c.obj
                0x0800703e                USBD_LL_SOF
 .text.USBD_LL_IsoINIncomplete
                0x08007060       0x2e CMakeFiles/wheel_leg.elf.dir/Middlewares/ST/STM32_USB_Device_Library/Core/Src/usbd_core.c.obj
                0x08007060                USBD_LL_IsoINIncomplete
 .text.USBD_LL_IsoOUTIncomplete
                0x0800708e       0x2e CMakeFiles/wheel_leg.elf.dir/Middlewares/ST/STM32_USB_Device_Library/Core/Src/usbd_core.c.obj
                0x0800708e                USBD_LL_IsoOUTIncomplete
 .text.USBD_LL_DevConnected
                0x080070bc        0x4 CMakeFiles/wheel_leg.elf.dir/Middlewares/ST/STM32_USB_Device_Library/Core/Src/usbd_core.c.obj
                0x080070bc                USBD_LL_DevConnected
 .text.USBD_LL_DevDisconnected
                0x080070c0       0x20 CMakeFiles/wheel_leg.elf.dir/Middlewares/ST/STM32_USB_Device_Library/Core/Src/usbd_core.c.obj
                0x080070c0                USBD_LL_DevDisconnected
 .text.USBD_CoreFindIF
                0x080070e0        0x4 CMakeFiles/wheel_leg.elf.dir/Middlewares/ST/STM32_USB_Device_Library/Core/Src/usbd_core.c.obj
                0x080070e0                USBD_CoreFindIF
 .text.USBD_CoreFindEP
                0x080070e4        0x4 CMakeFiles/wheel_leg.elf.dir/Middlewares/ST/STM32_USB_Device_Library/Core/Src/usbd_core.c.obj
                0x080070e4                USBD_CoreFindEP
 .text.USBD_LL_DataOutStage
                0x080070e8       0xc6 CMakeFiles/wheel_leg.elf.dir/Middlewares/ST/STM32_USB_Device_Library/Core/Src/usbd_core.c.obj
                0x080070e8                USBD_LL_DataOutStage
 .text.USBD_LL_DataInStage
                0x080071ae       0xd6 CMakeFiles/wheel_leg.elf.dir/Middlewares/ST/STM32_USB_Device_Library/Core/Src/usbd_core.c.obj
                0x080071ae                USBD_LL_DataInStage
 .text.USBD_GetNextDesc
                0x08007284        0xe CMakeFiles/wheel_leg.elf.dir/Middlewares/ST/STM32_USB_Device_Library/Core/Src/usbd_core.c.obj
                0x08007284                USBD_GetNextDesc
 .text.USBD_GetEpDesc
                0x08007292       0x3e CMakeFiles/wheel_leg.elf.dir/Middlewares/ST/STM32_USB_Device_Library/Core/Src/usbd_core.c.obj
                0x08007292                USBD_GetEpDesc
 .text.USBD_GetLen
                0x080072d0       0x14 CMakeFiles/wheel_leg.elf.dir/Middlewares/ST/STM32_USB_Device_Library/Core/Src/usbd_ctlreq.c.obj
 .text.USBD_ParseSetupRequest
                0x080072e4       0x28 CMakeFiles/wheel_leg.elf.dir/Middlewares/ST/STM32_USB_Device_Library/Core/Src/usbd_ctlreq.c.obj
                0x080072e4                USBD_ParseSetupRequest
 .text.USBD_CtlError
                0x0800730c       0x14 CMakeFiles/wheel_leg.elf.dir/Middlewares/ST/STM32_USB_Device_Library/Core/Src/usbd_ctlreq.c.obj
                0x0800730c                USBD_CtlError
 .text.USBD_GetDescriptor
                0x08007320      0x18a CMakeFiles/wheel_leg.elf.dir/Middlewares/ST/STM32_USB_Device_Library/Core/Src/usbd_ctlreq.c.obj
 .text.USBD_SetAddress
                0x080074aa       0x50 CMakeFiles/wheel_leg.elf.dir/Middlewares/ST/STM32_USB_Device_Library/Core/Src/usbd_ctlreq.c.obj
 *fill*         0x080074fa        0x2 
 .text.USBD_SetConfig
                0x080074fc       0xcc CMakeFiles/wheel_leg.elf.dir/Middlewares/ST/STM32_USB_Device_Library/Core/Src/usbd_ctlreq.c.obj
 .text.USBD_GetConfig
                0x080075c8       0x40 CMakeFiles/wheel_leg.elf.dir/Middlewares/ST/STM32_USB_Device_Library/Core/Src/usbd_ctlreq.c.obj
 .text.USBD_GetStatus
                0x08007608       0x38 CMakeFiles/wheel_leg.elf.dir/Middlewares/ST/STM32_USB_Device_Library/Core/Src/usbd_ctlreq.c.obj
 .text.USBD_SetFeature
                0x08007640       0x2a CMakeFiles/wheel_leg.elf.dir/Middlewares/ST/STM32_USB_Device_Library/Core/Src/usbd_ctlreq.c.obj
 .text.USBD_ClrFeature
                0x0800766a       0x26 CMakeFiles/wheel_leg.elf.dir/Middlewares/ST/STM32_USB_Device_Library/Core/Src/usbd_ctlreq.c.obj
 .text.USBD_StdDevReq
                0x08007690       0x76 CMakeFiles/wheel_leg.elf.dir/Middlewares/ST/STM32_USB_Device_Library/Core/Src/usbd_ctlreq.c.obj
                0x08007690                USBD_StdDevReq
 .text.USBD_StdItfReq
                0x08007706       0x84 CMakeFiles/wheel_leg.elf.dir/Middlewares/ST/STM32_USB_Device_Library/Core/Src/usbd_ctlreq.c.obj
                0x08007706                USBD_StdItfReq
 .text.USBD_StdEPReq
                0x0800778a      0x230 CMakeFiles/wheel_leg.elf.dir/Middlewares/ST/STM32_USB_Device_Library/Core/Src/usbd_ctlreq.c.obj
                0x0800778a                USBD_StdEPReq
 .text.USBD_GetString
                0x080079ba       0x3a CMakeFiles/wheel_leg.elf.dir/Middlewares/ST/STM32_USB_Device_Library/Core/Src/usbd_ctlreq.c.obj
                0x080079ba                USBD_GetString
 .text.USBD_CtlSendData
                0x080079f4       0x1a CMakeFiles/wheel_leg.elf.dir/Middlewares/ST/STM32_USB_Device_Library/Core/Src/usbd_ioreq.c.obj
                0x080079f4                USBD_CtlSendData
 .text.USBD_CtlContinueSendData
                0x08007a0e       0x10 CMakeFiles/wheel_leg.elf.dir/Middlewares/ST/STM32_USB_Device_Library/Core/Src/usbd_ioreq.c.obj
                0x08007a0e                USBD_CtlContinueSendData
 .text.USBD_CtlPrepareRx
                0x08007a1e       0x1e CMakeFiles/wheel_leg.elf.dir/Middlewares/ST/STM32_USB_Device_Library/Core/Src/usbd_ioreq.c.obj
                0x08007a1e                USBD_CtlPrepareRx
 .text.USBD_CtlContinueRx
                0x08007a3c       0x10 CMakeFiles/wheel_leg.elf.dir/Middlewares/ST/STM32_USB_Device_Library/Core/Src/usbd_ioreq.c.obj
                0x08007a3c                USBD_CtlContinueRx
 .text.USBD_CtlSendStatus
                0x08007a4c       0x16 CMakeFiles/wheel_leg.elf.dir/Middlewares/ST/STM32_USB_Device_Library/Core/Src/usbd_ioreq.c.obj
                0x08007a4c                USBD_CtlSendStatus
 .text.USBD_CtlReceiveStatus
                0x08007a62       0x16 CMakeFiles/wheel_leg.elf.dir/Middlewares/ST/STM32_USB_Device_Library/Core/Src/usbd_ioreq.c.obj
                0x08007a62                USBD_CtlReceiveStatus
 .text.makeFreeRtosPriority
                0x08007a78        0xc CMakeFiles/wheel_leg.elf.dir/Middlewares/Third_Party/FreeRTOS/Source/CMSIS_RTOS/cmsis_os.c.obj
 .text.osKernelStart
                0x08007a84        0xa CMakeFiles/wheel_leg.elf.dir/Middlewares/Third_Party/FreeRTOS/Source/CMSIS_RTOS/cmsis_os.c.obj
                0x08007a84                osKernelStart
 .text.osThreadCreate
                0x08007a8e       0x6a CMakeFiles/wheel_leg.elf.dir/Middlewares/Third_Party/FreeRTOS/Source/CMSIS_RTOS/cmsis_os.c.obj
                0x08007a8e                osThreadCreate
 .text.osDelay  0x08007af8        0xe CMakeFiles/wheel_leg.elf.dir/Middlewares/Third_Party/FreeRTOS/Source/CMSIS_RTOS/cmsis_os.c.obj
                0x08007af8                osDelay
 .text.vListInitialise
                0x08007b06       0x16 CMakeFiles/wheel_leg.elf.dir/Middlewares/Third_Party/FreeRTOS/Source/list.c.obj
                0x08007b06                vListInitialise
 .text.vListInitialiseItem
                0x08007b1c        0x6 CMakeFiles/wheel_leg.elf.dir/Middlewares/Third_Party/FreeRTOS/Source/list.c.obj
                0x08007b1c                vListInitialiseItem
 .text.vListInsertEnd
                0x08007b22       0x16 CMakeFiles/wheel_leg.elf.dir/Middlewares/Third_Party/FreeRTOS/Source/list.c.obj
                0x08007b22                vListInsertEnd
 .text.vListInsert
                0x08007b38       0x32 CMakeFiles/wheel_leg.elf.dir/Middlewares/Third_Party/FreeRTOS/Source/list.c.obj
                0x08007b38                vListInsert
 .text.uxListRemove
                0x08007b6a       0x26 CMakeFiles/wheel_leg.elf.dir/Middlewares/Third_Party/FreeRTOS/Source/list.c.obj
                0x08007b6a                uxListRemove
 .text.prvTaskExitError
                0x08007b90       0x40 CMakeFiles/wheel_leg.elf.dir/Middlewares/Third_Party/FreeRTOS/Source/portable/GCC/ARM_CM4F/port.c.obj
 .text.prvPortStartFirstTask
                0x08007bd0       0x28 CMakeFiles/wheel_leg.elf.dir/Middlewares/Third_Party/FreeRTOS/Source/portable/GCC/ARM_CM4F/port.c.obj
 .text.vPortEnableVFP
                0x08007bf8       0x14 CMakeFiles/wheel_leg.elf.dir/Middlewares/Third_Party/FreeRTOS/Source/portable/GCC/ARM_CM4F/port.c.obj
 .text.pxPortInitialiseStack
                0x08007c0c       0x2c CMakeFiles/wheel_leg.elf.dir/Middlewares/Third_Party/FreeRTOS/Source/portable/GCC/ARM_CM4F/port.c.obj
                0x08007c0c                pxPortInitialiseStack
 *fill*         0x08007c38        0x8 
 .text.SVC_Handler
                0x08007c40       0x24 CMakeFiles/wheel_leg.elf.dir/Middlewares/Third_Party/FreeRTOS/Source/portable/GCC/ARM_CM4F/port.c.obj
                0x08007c40                SVC_Handler
 .text.vPortEnterCritical
                0x08007c64       0x44 CMakeFiles/wheel_leg.elf.dir/Middlewares/Third_Party/FreeRTOS/Source/portable/GCC/ARM_CM4F/port.c.obj
                0x08007c64                vPortEnterCritical
 .text.vPortExitCritical
                0x08007ca8       0x2c CMakeFiles/wheel_leg.elf.dir/Middlewares/Third_Party/FreeRTOS/Source/portable/GCC/ARM_CM4F/port.c.obj
                0x08007ca8                vPortExitCritical
 *fill*         0x08007cd4        0xc 
 .text.PendSV_Handler
                0x08007ce0       0x64 CMakeFiles/wheel_leg.elf.dir/Middlewares/Third_Party/FreeRTOS/Source/portable/GCC/ARM_CM4F/port.c.obj
                0x08007ce0                PendSV_Handler
 .text.SysTick_Handler
                0x08007d44       0x2c CMakeFiles/wheel_leg.elf.dir/Middlewares/Third_Party/FreeRTOS/Source/portable/GCC/ARM_CM4F/port.c.obj
                0x08007d44                SysTick_Handler
 .text.vPortSetupTimerInterrupt
                0x08007d70       0x28 CMakeFiles/wheel_leg.elf.dir/Middlewares/Third_Party/FreeRTOS/Source/portable/GCC/ARM_CM4F/port.c.obj
                0x08007d70                vPortSetupTimerInterrupt
 .text.xPortStartScheduler
                0x08007d98      0x118 CMakeFiles/wheel_leg.elf.dir/Middlewares/Third_Party/FreeRTOS/Source/portable/GCC/ARM_CM4F/port.c.obj
                0x08007d98                xPortStartScheduler
 .text.vPortValidateInterruptPriority
                0x08007eb0       0x5c CMakeFiles/wheel_leg.elf.dir/Middlewares/Third_Party/FreeRTOS/Source/portable/GCC/ARM_CM4F/port.c.obj
                0x08007eb0                vPortValidateInterruptPriority
 .text.prvHeapInit
                0x08007f0c       0x64 CMakeFiles/wheel_leg.elf.dir/Middlewares/Third_Party/FreeRTOS/Source/portable/MemMang/heap_4.c.obj
 .text.prvInsertBlockIntoFreeList
                0x08007f70       0x64 CMakeFiles/wheel_leg.elf.dir/Middlewares/Third_Party/FreeRTOS/Source/portable/MemMang/heap_4.c.obj
 .text.pvPortMalloc
                0x08007fd4       0xfc CMakeFiles/wheel_leg.elf.dir/Middlewares/Third_Party/FreeRTOS/Source/portable/MemMang/heap_4.c.obj
                0x08007fd4                pvPortMalloc
 .text.vPortFree
                0x080080d0       0x7c CMakeFiles/wheel_leg.elf.dir/Middlewares/Third_Party/FreeRTOS/Source/portable/MemMang/heap_4.c.obj
                0x080080d0                vPortFree
 .text.prvIsQueueFull
                0x0800814c       0x1e CMakeFiles/wheel_leg.elf.dir/Middlewares/Third_Party/FreeRTOS/Source/queue.c.obj
 .text.prvIsQueueEmpty
                0x0800816a       0x1a CMakeFiles/wheel_leg.elf.dir/Middlewares/Third_Party/FreeRTOS/Source/queue.c.obj
 .text.prvCopyDataToQueue
                0x08008184       0x76 CMakeFiles/wheel_leg.elf.dir/Middlewares/Third_Party/FreeRTOS/Source/queue.c.obj
 .text.prvCopyDataFromQueue
                0x080081fa       0x24 CMakeFiles/wheel_leg.elf.dir/Middlewares/Third_Party/FreeRTOS/Source/queue.c.obj
 .text.prvUnlockQueue
                0x0800821e       0x6e CMakeFiles/wheel_leg.elf.dir/Middlewares/Third_Party/FreeRTOS/Source/queue.c.obj
 .text.xQueueGenericReset
                0x0800828c       0x84 CMakeFiles/wheel_leg.elf.dir/Middlewares/Third_Party/FreeRTOS/Source/queue.c.obj
                0x0800828c                xQueueGenericReset
 .text.prvInitialiseNewQueue
                0x08008310       0x1c CMakeFiles/wheel_leg.elf.dir/Middlewares/Third_Party/FreeRTOS/Source/queue.c.obj
 .text.xQueueGenericCreateStatic
                0x0800832c       0x94 CMakeFiles/wheel_leg.elf.dir/Middlewares/Third_Party/FreeRTOS/Source/queue.c.obj
                0x0800832c                xQueueGenericCreateStatic
 .text.xQueueGenericSend
                0x080083c0      0x188 CMakeFiles/wheel_leg.elf.dir/Middlewares/Third_Party/FreeRTOS/Source/queue.c.obj
                0x080083c0                xQueueGenericSend
 .text.xQueueGenericSendFromISR
                0x08008548       0xce CMakeFiles/wheel_leg.elf.dir/Middlewares/Third_Party/FreeRTOS/Source/queue.c.obj
                0x08008548                xQueueGenericSendFromISR
 .text.xQueueReceive
                0x08008616      0x15e CMakeFiles/wheel_leg.elf.dir/Middlewares/Third_Party/FreeRTOS/Source/queue.c.obj
                0x08008616                xQueueReceive
 .text.vQueueAddToRegistry
                0x08008774       0x28 CMakeFiles/wheel_leg.elf.dir/Middlewares/Third_Party/FreeRTOS/Source/queue.c.obj
                0x08008774                vQueueAddToRegistry
 .text.vQueueWaitForMessageRestricted
                0x0800879c       0x52 CMakeFiles/wheel_leg.elf.dir/Middlewares/Third_Party/FreeRTOS/Source/queue.c.obj
                0x0800879c                vQueueWaitForMessageRestricted
 .text.prvSearchForNameWithinSingleList
                0x080087ee       0x64 CMakeFiles/wheel_leg.elf.dir/Middlewares/Third_Party/FreeRTOS/Source/tasks.c.obj
 .text.prvTaskCheckFreeStackSpace
                0x08008852       0x14 CMakeFiles/wheel_leg.elf.dir/Middlewares/Third_Party/FreeRTOS/Source/tasks.c.obj
 *fill*         0x08008866        0x2 
 .text.prvResetNextTaskUnblockTime
                0x08008868       0x2c CMakeFiles/wheel_leg.elf.dir/Middlewares/Third_Party/FreeRTOS/Source/tasks.c.obj
 .text.prvInitialiseNewTask
                0x08008894      0x10a CMakeFiles/wheel_leg.elf.dir/Middlewares/Third_Party/FreeRTOS/Source/tasks.c.obj
 *fill*         0x0800899e        0x2 
 .text.prvInitialiseTaskLists
                0x080089a0       0x68 CMakeFiles/wheel_leg.elf.dir/Middlewares/Third_Party/FreeRTOS/Source/tasks.c.obj
 .text.prvAddNewTaskToReadyList
                0x08008a08       0xa8 CMakeFiles/wheel_leg.elf.dir/Middlewares/Third_Party/FreeRTOS/Source/tasks.c.obj
 .text.prvDeleteTCB
                0x08008ab0       0x40 CMakeFiles/wheel_leg.elf.dir/Middlewares/Third_Party/FreeRTOS/Source/tasks.c.obj
 .text.prvCheckTasksWaitingTermination
                0x08008af0       0x4c CMakeFiles/wheel_leg.elf.dir/Middlewares/Third_Party/FreeRTOS/Source/tasks.c.obj
 .text.prvIdleTask
                0x08008b3c       0x28 CMakeFiles/wheel_leg.elf.dir/Middlewares/Third_Party/FreeRTOS/Source/tasks.c.obj
 .text.prvAddCurrentTaskToDelayedList
                0x08008b64       0xa0 CMakeFiles/wheel_leg.elf.dir/Middlewares/Third_Party/FreeRTOS/Source/tasks.c.obj
 .text.xTaskCreateStatic
                0x08008c04       0x7a CMakeFiles/wheel_leg.elf.dir/Middlewares/Third_Party/FreeRTOS/Source/tasks.c.obj
                0x08008c04                xTaskCreateStatic
 .text.xTaskCreate
                0x08008c7e       0x6a CMakeFiles/wheel_leg.elf.dir/Middlewares/Third_Party/FreeRTOS/Source/tasks.c.obj
                0x08008c7e                xTaskCreate
 .text.vTaskStartScheduler
                0x08008ce8       0xac CMakeFiles/wheel_leg.elf.dir/Middlewares/Third_Party/FreeRTOS/Source/tasks.c.obj
                0x08008ce8                vTaskStartScheduler
 .text.vTaskSuspendAll
                0x08008d94       0x10 CMakeFiles/wheel_leg.elf.dir/Middlewares/Third_Party/FreeRTOS/Source/tasks.c.obj
                0x08008d94                vTaskSuspendAll
 .text.xTaskGetTickCount
                0x08008da4        0xc CMakeFiles/wheel_leg.elf.dir/Middlewares/Third_Party/FreeRTOS/Source/tasks.c.obj
                0x08008da4                xTaskGetTickCount
 .text.pcTaskGetName
                0x08008db0       0x28 CMakeFiles/wheel_leg.elf.dir/Middlewares/Third_Party/FreeRTOS/Source/tasks.c.obj
                0x08008db0                pcTaskGetName
 .text.xTaskIncrementTick
                0x08008dd8      0x118 CMakeFiles/wheel_leg.elf.dir/Middlewares/Third_Party/FreeRTOS/Source/tasks.c.obj
                0x08008dd8                xTaskIncrementTick
 .text.xTaskResumeAll
                0x08008ef0       0xf8 CMakeFiles/wheel_leg.elf.dir/Middlewares/Third_Party/FreeRTOS/Source/tasks.c.obj
                0x08008ef0                xTaskResumeAll
 .text.vTaskDelayUntil
                0x08008fe8       0xa4 CMakeFiles/wheel_leg.elf.dir/Middlewares/Third_Party/FreeRTOS/Source/tasks.c.obj
                0x08008fe8                vTaskDelayUntil
 .text.vTaskDelay
                0x0800908c       0x4c CMakeFiles/wheel_leg.elf.dir/Middlewares/Third_Party/FreeRTOS/Source/tasks.c.obj
                0x0800908c                vTaskDelay
 .text.xTaskGetHandle
                0x080090d8       0x98 CMakeFiles/wheel_leg.elf.dir/Middlewares/Third_Party/FreeRTOS/Source/tasks.c.obj
                0x080090d8                xTaskGetHandle
 .text.vTaskSwitchContext
                0x08009170       0xa4 CMakeFiles/wheel_leg.elf.dir/Middlewares/Third_Party/FreeRTOS/Source/tasks.c.obj
                0x08009170                vTaskSwitchContext
 .text.vTaskPlaceOnEventList
                0x08009214       0x30 CMakeFiles/wheel_leg.elf.dir/Middlewares/Third_Party/FreeRTOS/Source/tasks.c.obj
                0x08009214                vTaskPlaceOnEventList
 .text.vTaskPlaceOnEventListRestricted
                0x08009244       0x38 CMakeFiles/wheel_leg.elf.dir/Middlewares/Third_Party/FreeRTOS/Source/tasks.c.obj
                0x08009244                vTaskPlaceOnEventListRestricted
 .text.xTaskRemoveFromEventList
                0x0800927c       0x8c CMakeFiles/wheel_leg.elf.dir/Middlewares/Third_Party/FreeRTOS/Source/tasks.c.obj
                0x0800927c                xTaskRemoveFromEventList
 .text.vTaskInternalSetTimeOutState
                0x08009308       0x18 CMakeFiles/wheel_leg.elf.dir/Middlewares/Third_Party/FreeRTOS/Source/tasks.c.obj
                0x08009308                vTaskInternalSetTimeOutState
 .text.xTaskCheckForTimeOut
                0x08009320       0xa0 CMakeFiles/wheel_leg.elf.dir/Middlewares/Third_Party/FreeRTOS/Source/tasks.c.obj
                0x08009320                xTaskCheckForTimeOut
 .text.vTaskMissedYield
                0x080093c0        0xc CMakeFiles/wheel_leg.elf.dir/Middlewares/Third_Party/FreeRTOS/Source/tasks.c.obj
                0x080093c0                vTaskMissedYield
 .text.uxTaskGetStackHighWaterMark
                0x080093cc       0x18 CMakeFiles/wheel_leg.elf.dir/Middlewares/Third_Party/FreeRTOS/Source/tasks.c.obj
                0x080093cc                uxTaskGetStackHighWaterMark
 .text.xTaskGetSchedulerState
                0x080093e4       0x20 CMakeFiles/wheel_leg.elf.dir/Middlewares/Third_Party/FreeRTOS/Source/tasks.c.obj
                0x080093e4                xTaskGetSchedulerState
 .text.xTaskPriorityDisinherit
                0x08009404       0xb4 CMakeFiles/wheel_leg.elf.dir/Middlewares/Third_Party/FreeRTOS/Source/tasks.c.obj
                0x08009404                xTaskPriorityDisinherit
 .text.ulTaskNotifyTake
                0x080094b8       0x80 CMakeFiles/wheel_leg.elf.dir/Middlewares/Third_Party/FreeRTOS/Source/tasks.c.obj
                0x080094b8                ulTaskNotifyTake
 .text.vTaskNotifyGiveFromISR
                0x08009538       0xd4 CMakeFiles/wheel_leg.elf.dir/Middlewares/Third_Party/FreeRTOS/Source/tasks.c.obj
                0x08009538                vTaskNotifyGiveFromISR
 .text.prvGetNextExpireTime
                0x0800960c       0x20 CMakeFiles/wheel_leg.elf.dir/Middlewares/Third_Party/FreeRTOS/Source/timers.c.obj
 .text.prvInsertTimerInActiveList
                0x0800962c       0x48 CMakeFiles/wheel_leg.elf.dir/Middlewares/Third_Party/FreeRTOS/Source/timers.c.obj
 .text.prvCheckForValidListAndQueue
                0x08009674       0x70 CMakeFiles/wheel_leg.elf.dir/Middlewares/Third_Party/FreeRTOS/Source/timers.c.obj
 .text.xTimerCreateTimerTask
                0x080096e4       0x64 CMakeFiles/wheel_leg.elf.dir/Middlewares/Third_Party/FreeRTOS/Source/timers.c.obj
                0x080096e4                xTimerCreateTimerTask
 .text.xTimerGenericCommand
                0x08009748       0x6c CMakeFiles/wheel_leg.elf.dir/Middlewares/Third_Party/FreeRTOS/Source/timers.c.obj
                0x08009748                xTimerGenericCommand
 .text.prvSwitchTimerLists
                0x080097b4       0x7c CMakeFiles/wheel_leg.elf.dir/Middlewares/Third_Party/FreeRTOS/Source/timers.c.obj
 .text.prvSampleTimeNow
                0x08009830       0x2c CMakeFiles/wheel_leg.elf.dir/Middlewares/Third_Party/FreeRTOS/Source/timers.c.obj
 .text.prvProcessExpiredTimer
                0x0800985c       0x6c CMakeFiles/wheel_leg.elf.dir/Middlewares/Third_Party/FreeRTOS/Source/timers.c.obj
 .text.prvProcessTimerOrBlockTask
                0x080098c8       0x74 CMakeFiles/wheel_leg.elf.dir/Middlewares/Third_Party/FreeRTOS/Source/timers.c.obj
 .text.prvProcessReceivedCommands
                0x0800993c      0x10c CMakeFiles/wheel_leg.elf.dir/Middlewares/Third_Party/FreeRTOS/Source/timers.c.obj
 .text.prvTimerTask
                0x08009a48       0x16 CMakeFiles/wheel_leg.elf.dir/Middlewares/Third_Party/FreeRTOS/Source/timers.c.obj
 *fill*         0x08009a5e        0x2 
 .text.MX_USB_DEVICE_Init
                0x08009a60       0x54 CMakeFiles/wheel_leg.elf.dir/USB_DEVICE/App/usb_device.c.obj
                0x08009a60                MX_USB_DEVICE_Init
 .text.CDC_DeInit_FS
                0x08009ab4        0x4 CMakeFiles/wheel_leg.elf.dir/USB_DEVICE/App/usbd_cdc_if.c.obj
 .text.CDC_Control_FS
                0x08009ab8        0x4 CMakeFiles/wheel_leg.elf.dir/USB_DEVICE/App/usbd_cdc_if.c.obj
 .text.CDC_TransmitCplt_FS
                0x08009abc        0x4 CMakeFiles/wheel_leg.elf.dir/USB_DEVICE/App/usbd_cdc_if.c.obj
 .text.CDC_Receive_FS
                0x08009ac0       0x1c CMakeFiles/wheel_leg.elf.dir/USB_DEVICE/App/usbd_cdc_if.c.obj
 .text.CDC_Init_FS
                0x08009adc       0x28 CMakeFiles/wheel_leg.elf.dir/USB_DEVICE/App/usbd_cdc_if.c.obj
 .text.USBD_FS_DeviceDescriptor
                0x08009b04        0xc CMakeFiles/wheel_leg.elf.dir/USB_DEVICE/App/usbd_desc.c.obj
                0x08009b04                USBD_FS_DeviceDescriptor
 .text.USBD_FS_LangIDStrDescriptor
                0x08009b10        0xc CMakeFiles/wheel_leg.elf.dir/USB_DEVICE/App/usbd_desc.c.obj
                0x08009b10                USBD_FS_LangIDStrDescriptor
 .text.IntToUnicode
                0x08009b1c       0x46 CMakeFiles/wheel_leg.elf.dir/USB_DEVICE/App/usbd_desc.c.obj
 *fill*         0x08009b62        0x2 
 .text.Get_SerialNum
                0x08009b64       0x38 CMakeFiles/wheel_leg.elf.dir/USB_DEVICE/App/usbd_desc.c.obj
 .text.USBD_FS_SerialStrDescriptor
                0x08009b9c       0x14 CMakeFiles/wheel_leg.elf.dir/USB_DEVICE/App/usbd_desc.c.obj
                0x08009b9c                USBD_FS_SerialStrDescriptor
 .text.USBD_FS_ProductStrDescriptor
                0x08009bb0       0x24 CMakeFiles/wheel_leg.elf.dir/USB_DEVICE/App/usbd_desc.c.obj
                0x08009bb0                USBD_FS_ProductStrDescriptor
 .text.USBD_FS_ManufacturerStrDescriptor
                0x08009bd4       0x1c CMakeFiles/wheel_leg.elf.dir/USB_DEVICE/App/usbd_desc.c.obj
                0x08009bd4                USBD_FS_ManufacturerStrDescriptor
 .text.USBD_FS_ConfigStrDescriptor
                0x08009bf0       0x24 CMakeFiles/wheel_leg.elf.dir/USB_DEVICE/App/usbd_desc.c.obj
                0x08009bf0                USBD_FS_ConfigStrDescriptor
 .text.USBD_FS_InterfaceStrDescriptor
                0x08009c14       0x24 CMakeFiles/wheel_leg.elf.dir/USB_DEVICE/App/usbd_desc.c.obj
                0x08009c14                USBD_FS_InterfaceStrDescriptor
 .text.HAL_PCD_MspInit
                0x08009c38       0x84 CMakeFiles/wheel_leg.elf.dir/USB_DEVICE/Target/usbd_conf.c.obj
                0x08009c38                HAL_PCD_MspInit
 .text.HAL_PCD_SetupStageCallback
                0x08009cbc       0x10 CMakeFiles/wheel_leg.elf.dir/USB_DEVICE/Target/usbd_conf.c.obj
                0x08009cbc                HAL_PCD_SetupStageCallback
 .text.HAL_PCD_DataOutStageCallback
                0x08009ccc       0x18 CMakeFiles/wheel_leg.elf.dir/USB_DEVICE/Target/usbd_conf.c.obj
                0x08009ccc                HAL_PCD_DataOutStageCallback
 .text.HAL_PCD_DataInStageCallback
                0x08009ce4       0x16 CMakeFiles/wheel_leg.elf.dir/USB_DEVICE/Target/usbd_conf.c.obj
                0x08009ce4                HAL_PCD_DataInStageCallback
 .text.HAL_PCD_SOFCallback
                0x08009cfa        0xc CMakeFiles/wheel_leg.elf.dir/USB_DEVICE/Target/usbd_conf.c.obj
                0x08009cfa                HAL_PCD_SOFCallback
 .text.HAL_PCD_ResetCallback
                0x08009d06       0x28 CMakeFiles/wheel_leg.elf.dir/USB_DEVICE/Target/usbd_conf.c.obj
                0x08009d06                HAL_PCD_ResetCallback
 *fill*         0x08009d2e        0x2 
 .text.HAL_PCD_SuspendCallback
                0x08009d30       0x30 CMakeFiles/wheel_leg.elf.dir/USB_DEVICE/Target/usbd_conf.c.obj
                0x08009d30                HAL_PCD_SuspendCallback
 .text.HAL_PCD_ResumeCallback
                0x08009d60        0xc CMakeFiles/wheel_leg.elf.dir/USB_DEVICE/Target/usbd_conf.c.obj
                0x08009d60                HAL_PCD_ResumeCallback
 .text.HAL_PCD_ISOOUTIncompleteCallback
                0x08009d6c        0xc CMakeFiles/wheel_leg.elf.dir/USB_DEVICE/Target/usbd_conf.c.obj
                0x08009d6c                HAL_PCD_ISOOUTIncompleteCallback
 .text.HAL_PCD_ISOINIncompleteCallback
                0x08009d78        0xc CMakeFiles/wheel_leg.elf.dir/USB_DEVICE/Target/usbd_conf.c.obj
                0x08009d78                HAL_PCD_ISOINIncompleteCallback
 .text.HAL_PCD_ConnectCallback
                0x08009d84        0xc CMakeFiles/wheel_leg.elf.dir/USB_DEVICE/Target/usbd_conf.c.obj
                0x08009d84                HAL_PCD_ConnectCallback
 .text.HAL_PCD_DisconnectCallback
                0x08009d90        0xc CMakeFiles/wheel_leg.elf.dir/USB_DEVICE/Target/usbd_conf.c.obj
                0x08009d90                HAL_PCD_DisconnectCallback
 .text.USBD_LL_Init
                0x08009d9c       0x68 CMakeFiles/wheel_leg.elf.dir/USB_DEVICE/Target/usbd_conf.c.obj
                0x08009d9c                USBD_LL_Init
 .text.USBD_LL_IsStallEP
                0x08009e04       0x2c CMakeFiles/wheel_leg.elf.dir/USB_DEVICE/Target/usbd_conf.c.obj
                0x08009e04                USBD_LL_IsStallEP
 .text.USBD_LL_GetRxDataSize
                0x08009e30        0xc CMakeFiles/wheel_leg.elf.dir/USB_DEVICE/Target/usbd_conf.c.obj
                0x08009e30                USBD_LL_GetRxDataSize
 .text.USBD_static_malloc
                0x08009e3c        0x8 CMakeFiles/wheel_leg.elf.dir/USB_DEVICE/Target/usbd_conf.c.obj
                0x08009e3c                USBD_static_malloc
 .text.USBD_static_free
                0x08009e44        0x2 CMakeFiles/wheel_leg.elf.dir/USB_DEVICE/Target/usbd_conf.c.obj
                0x08009e44                USBD_static_free
 .text.USBD_Get_USB_Status
                0x08009e46       0x14 CMakeFiles/wheel_leg.elf.dir/USB_DEVICE/Target/usbd_conf.c.obj
                0x08009e46                USBD_Get_USB_Status
 .text.USBD_LL_Start
                0x08009e5a       0x10 CMakeFiles/wheel_leg.elf.dir/USB_DEVICE/Target/usbd_conf.c.obj
                0x08009e5a                USBD_LL_Start
 .text.USBD_LL_OpenEP
                0x08009e6a       0x16 CMakeFiles/wheel_leg.elf.dir/USB_DEVICE/Target/usbd_conf.c.obj
                0x08009e6a                USBD_LL_OpenEP
 .text.USBD_LL_CloseEP
                0x08009e80       0x10 CMakeFiles/wheel_leg.elf.dir/USB_DEVICE/Target/usbd_conf.c.obj
                0x08009e80                USBD_LL_CloseEP
 .text.USBD_LL_StallEP
                0x08009e90       0x10 CMakeFiles/wheel_leg.elf.dir/USB_DEVICE/Target/usbd_conf.c.obj
                0x08009e90                USBD_LL_StallEP
 .text.USBD_LL_ClearStallEP
                0x08009ea0       0x10 CMakeFiles/wheel_leg.elf.dir/USB_DEVICE/Target/usbd_conf.c.obj
                0x08009ea0                USBD_LL_ClearStallEP
 .text.USBD_LL_SetUSBAddress
                0x08009eb0       0x10 CMakeFiles/wheel_leg.elf.dir/USB_DEVICE/Target/usbd_conf.c.obj
                0x08009eb0                USBD_LL_SetUSBAddress
 .text.USBD_LL_Transmit
                0x08009ec0       0x10 CMakeFiles/wheel_leg.elf.dir/USB_DEVICE/Target/usbd_conf.c.obj
                0x08009ec0                USBD_LL_Transmit
 .text.USBD_LL_PrepareReceive
                0x08009ed0       0x10 CMakeFiles/wheel_leg.elf.dir/USB_DEVICE/Target/usbd_conf.c.obj
                0x08009ed0                USBD_LL_PrepareReceive
 .text.AHRS_init
                0x08009ee0       0x10 CMakeFiles/wheel_leg.elf.dir/User/Algorithm/AHRS/AHRS.c.obj
                0x08009ee0                AHRS_init
 .text.MahonyAHRSupdateIMU
                0x08009ef0      0x278 CMakeFiles/wheel_leg.elf.dir/User/Algorithm/AHRS/AHRS.c.obj
                0x08009ef0                MahonyAHRSupdateIMU
 .text.MahonyAHRSupdate
                0x0800a168      0x3f4 CMakeFiles/wheel_leg.elf.dir/User/Algorithm/AHRS/AHRS.c.obj
                0x0800a168                MahonyAHRSupdate
 .text.AHRS_update
                0x0800a55c       0x2c CMakeFiles/wheel_leg.elf.dir/User/Algorithm/AHRS/AHRS.c.obj
                0x0800a55c                AHRS_update
 .text.get_angle
                0x0800a588       0xbc CMakeFiles/wheel_leg.elf.dir/User/Algorithm/AHRS/AHRS.c.obj
                0x0800a588                get_angle
 .text.AHRS_invSqrt
                0x0800a644       0x10 CMakeFiles/wheel_leg.elf.dir/User/Algorithm/AHRS/AHRS_MiddleWare.c.obj
                0x0800a644                AHRS_invSqrt
 .text.H_K_R_Adjustment
                0x0800a654      0x118 CMakeFiles/wheel_leg.elf.dir/User/Algorithm/filter/kalman_filter/kalman_filter.c.obj
 .text.Kalman_Filter_Init
                0x0800a76c      0x42c CMakeFiles/wheel_leg.elf.dir/User/Algorithm/filter/kalman_filter/kalman_filter.c.obj
                0x0800a76c                Kalman_Filter_Init
 .text.Kalman_Filter_Measure
                0x0800ab98       0x4c CMakeFiles/wheel_leg.elf.dir/User/Algorithm/filter/kalman_filter/kalman_filter.c.obj
                0x0800ab98                Kalman_Filter_Measure
 .text.Kalman_Filter_xhatMinusUpdate
                0x0800abe4       0x76 CMakeFiles/wheel_leg.elf.dir/User/Algorithm/filter/kalman_filter/kalman_filter.c.obj
                0x0800abe4                Kalman_Filter_xhatMinusUpdate
 .text.Kalman_Filter_PminusUpdate
                0x0800ac5a       0x68 CMakeFiles/wheel_leg.elf.dir/User/Algorithm/filter/kalman_filter/kalman_filter.c.obj
                0x0800ac5a                Kalman_Filter_PminusUpdate
 .text.Kalman_Filter_SetK
                0x0800acc2       0xcc CMakeFiles/wheel_leg.elf.dir/User/Algorithm/filter/kalman_filter/kalman_filter.c.obj
                0x0800acc2                Kalman_Filter_SetK
 .text.Kalman_Filter_xhatUpdate
                0x0800ad8e       0x82 CMakeFiles/wheel_leg.elf.dir/User/Algorithm/filter/kalman_filter/kalman_filter.c.obj
                0x0800ad8e                Kalman_Filter_xhatUpdate
 .text.Kalman_Filter_P_Update
                0x0800ae10       0x64 CMakeFiles/wheel_leg.elf.dir/User/Algorithm/filter/kalman_filter/kalman_filter.c.obj
                0x0800ae10                Kalman_Filter_P_Update
 .text.Kalman_Filter_Update
                0x0800ae74       0xf8 CMakeFiles/wheel_leg.elf.dir/User/Algorithm/filter/kalman_filter/kalman_filter.c.obj
                0x0800ae74                Kalman_Filter_Update
 .text.xvEstimateKF_Update
                0x0800af6c       0x60 CMakeFiles/wheel_leg.elf.dir/User/Algorithm/filter/kalman_filter/vx_kalman_filter.c.obj
 .text.xvEstimateKF_Init
                0x0800afcc       0x74 CMakeFiles/wheel_leg.elf.dir/User/Algorithm/filter/kalman_filter/vx_kalman_filter.c.obj
                0x0800afcc                xvEstimateKF_Init
 .text.chassis_vx_kalman_run
                0x0800b040      0x120 CMakeFiles/wheel_leg.elf.dir/User/Algorithm/filter/kalman_filter/vx_kalman_filter.c.obj
                0x0800b040                chassis_vx_kalman_run
 .text.moving_average_filter_init
                0x0800b160       0x1c CMakeFiles/wheel_leg.elf.dir/User/Algorithm/filter/moving_filter/moving_filter.c.obj
                0x0800b160                moving_average_filter_init
 .text.update_moving_average_filter
                0x0800b17c       0x40 CMakeFiles/wheel_leg.elf.dir/User/Algorithm/filter/moving_filter/moving_filter.c.obj
                0x0800b17c                update_moving_average_filter
 .text.get_moving_average_filtered_value
                0x0800b1bc        0xe CMakeFiles/wheel_leg.elf.dir/User/Algorithm/filter/moving_filter/moving_filter.c.obj
                0x0800b1bc                get_moving_average_filtered_value
 *fill*         0x0800b1ca        0x2 
 .text.cal_leg_theta
                0x0800b1cc       0xa8 CMakeFiles/wheel_leg.elf.dir/User/Algorithm/lqr/lqr.c.obj
 .text.state_variable_set
                0x0800b274       0x34 CMakeFiles/wheel_leg.elf.dir/User/Algorithm/lqr/lqr.c.obj
 .text.state_variable_error
                0x0800b2a8       0xca CMakeFiles/wheel_leg.elf.dir/User/Algorithm/lqr/lqr.c.obj
 *fill*         0x0800b372        0x2 
 .text.state_variable_out
                0x0800b374      0x19c CMakeFiles/wheel_leg.elf.dir/User/Algorithm/lqr/lqr.c.obj
 .text.state_variable_update
                0x0800b510      0x144 CMakeFiles/wheel_leg.elf.dir/User/Algorithm/lqr/lqr.c.obj
 .text.chassis_K_matrix_fitting
                0x0800b654       0x6a CMakeFiles/wheel_leg.elf.dir/User/Algorithm/lqr/lqr.c.obj
                0x0800b654                chassis_K_matrix_fitting
 *fill*         0x0800b6be        0x2 
 .text.lqr_ctrl
                0x0800b6c0       0x8c CMakeFiles/wheel_leg.elf.dir/User/Algorithm/lqr/lqr.c.obj
                0x0800b6c0                lqr_ctrl
 .text.abs_limit
                0x0800b74c       0x2a CMakeFiles/wheel_leg.elf.dir/User/Algorithm/pid/pid.c.obj
 .text.pid_init
                0x0800b776       0x28 CMakeFiles/wheel_leg.elf.dir/User/Algorithm/pid/pid.c.obj
                0x0800b776                pid_init
 .text.pid_calc
                0x0800b79e       0x80 CMakeFiles/wheel_leg.elf.dir/User/Algorithm/pid/pid.c.obj
                0x0800b79e                pid_calc